Archive member included to satisfy reference by file (symbol)

/Applications/ArmGNUToolchain/13.2.Rel1/arm-none-eabi/bin/../lib/gcc/arm-none-eabi/13.2.1/thumb/v6-m/nofp/libgcc.a(_dvmd_tls.o)
                              CMakeFiles/InertialMeasurementUnit.dir/Users/alexandruchiriac/src/pico-sdk/src/rp2_common/pico_divider/divider.S.obj (__aeabi_idiv0)
/Applications/ArmGNUToolchain/13.2.Rel1/arm-none-eabi/bin/../lib/gcc/arm-none-eabi/13.2.1/../../../../arm-none-eabi/lib/thumb/v6-m/nofp/libc.a(libc_a-calloc.o)
                              CMakeFiles/InertialMeasurementUnit.dir/Users/alexandruchiriac/src/pico-sdk/src/rp2_common/pico_malloc/pico_malloc.c.obj (calloc)
/Applications/ArmGNUToolchain/13.2.Rel1/arm-none-eabi/bin/../lib/gcc/arm-none-eabi/13.2.1/../../../../arm-none-eabi/lib/thumb/v6-m/nofp/libc.a(libc_a-callocr.o)
                              /Applications/ArmGNUToolchain/13.2.Rel1/arm-none-eabi/bin/../lib/gcc/arm-none-eabi/13.2.1/../../../../arm-none-eabi/lib/thumb/v6-m/nofp/libc.a(libc_a-calloc.o) (_calloc_r)
/Applications/ArmGNUToolchain/13.2.Rel1/arm-none-eabi/bin/../lib/gcc/arm-none-eabi/13.2.1/../../../../arm-none-eabi/lib/thumb/v6-m/nofp/libc.a(libc_a-malloc.o)
                              CMakeFiles/InertialMeasurementUnit.dir/Users/alexandruchiriac/src/pico-sdk/src/rp2_common/pico_malloc/pico_malloc.c.obj (malloc)
/Applications/ArmGNUToolchain/13.2.Rel1/arm-none-eabi/bin/../lib/gcc/arm-none-eabi/13.2.1/../../../../arm-none-eabi/lib/thumb/v6-m/nofp/libc.a(libc_a-mallocr.o)
                              /Applications/ArmGNUToolchain/13.2.Rel1/arm-none-eabi/bin/../lib/gcc/arm-none-eabi/13.2.1/../../../../arm-none-eabi/lib/thumb/v6-m/nofp/libc.a(libc_a-callocr.o) (_malloc_r)
/Applications/ArmGNUToolchain/13.2.Rel1/arm-none-eabi/bin/../lib/gcc/arm-none-eabi/13.2.1/../../../../arm-none-eabi/lib/thumb/v6-m/nofp/libc.a(libc_a-mlock.o)
                              /Applications/ArmGNUToolchain/13.2.Rel1/arm-none-eabi/bin/../lib/gcc/arm-none-eabi/13.2.1/../../../../arm-none-eabi/lib/thumb/v6-m/nofp/libc.a(libc_a-mallocr.o) (__malloc_lock)
/Applications/ArmGNUToolchain/13.2.Rel1/arm-none-eabi/bin/../lib/gcc/arm-none-eabi/13.2.1/../../../../arm-none-eabi/lib/thumb/v6-m/nofp/libc.a(libc_a-realloc.o)
                              CMakeFiles/InertialMeasurementUnit.dir/Users/alexandruchiriac/src/pico-sdk/src/rp2_common/pico_malloc/pico_malloc.c.obj (realloc)
/Applications/ArmGNUToolchain/13.2.Rel1/arm-none-eabi/bin/../lib/gcc/arm-none-eabi/13.2.1/../../../../arm-none-eabi/lib/thumb/v6-m/nofp/libc.a(libc_a-reallocr.o)
                              /Applications/ArmGNUToolchain/13.2.Rel1/arm-none-eabi/bin/../lib/gcc/arm-none-eabi/13.2.1/../../../../arm-none-eabi/lib/thumb/v6-m/nofp/libc.a(libc_a-realloc.o) (_realloc_r)
/Applications/ArmGNUToolchain/13.2.Rel1/arm-none-eabi/bin/../lib/gcc/arm-none-eabi/13.2.1/../../../../arm-none-eabi/lib/thumb/v6-m/nofp/libc.a(libc_a-memcmp.o)
                              CMakeFiles/InertialMeasurementUnit.dir/Users/alexandruchiriac/src/pico-sdk/lib/cyw43-driver/src/cyw43_ll.c.obj (memcmp)
/Applications/ArmGNUToolchain/13.2.Rel1/arm-none-eabi/bin/../lib/gcc/arm-none-eabi/13.2.1/../../../../arm-none-eabi/lib/thumb/v6-m/nofp/libc.a(libc_a-memmove.o)
                              CMakeFiles/InertialMeasurementUnit.dir/Users/alexandruchiriac/src/pico-sdk/lib/cyw43-driver/src/cyw43_ll.c.obj (memmove)
/Applications/ArmGNUToolchain/13.2.Rel1/arm-none-eabi/bin/../lib/gcc/arm-none-eabi/13.2.1/../../../../arm-none-eabi/lib/thumb/v6-m/nofp/libc.a(libc_a-strncmp.o)
                              CMakeFiles/InertialMeasurementUnit.dir/Users/alexandruchiriac/src/pico-sdk/lib/cyw43-driver/src/cyw43_ll.c.obj (strncmp)
/Applications/ArmGNUToolchain/13.2.Rel1/arm-none-eabi/bin/../lib/gcc/arm-none-eabi/13.2.1/../../../../arm-none-eabi/lib/thumb/v6-m/nofp/libc.a(libc_a-impure.o)
                              /Applications/ArmGNUToolchain/13.2.Rel1/arm-none-eabi/bin/../lib/gcc/arm-none-eabi/13.2.1/../../../../arm-none-eabi/lib/thumb/v6-m/nofp/libc.a(libc_a-calloc.o) (_impure_ptr)
/Applications/ArmGNUToolchain/13.2.Rel1/arm-none-eabi/bin/../lib/gcc/arm-none-eabi/13.2.1/../../../../arm-none-eabi/lib/thumb/v6-m/nofp/libc.a(libc_a-sbrkr.o)
                              /Applications/ArmGNUToolchain/13.2.Rel1/arm-none-eabi/bin/../lib/gcc/arm-none-eabi/13.2.1/../../../../arm-none-eabi/lib/thumb/v6-m/nofp/libc.a(libc_a-mallocr.o) (_sbrk_r)
/Applications/ArmGNUToolchain/13.2.Rel1/arm-none-eabi/bin/../lib/gcc/arm-none-eabi/13.2.1/../../../../arm-none-eabi/lib/thumb/v6-m/nofp/libc.a(libc_a-errno.o)
                              /Applications/ArmGNUToolchain/13.2.Rel1/arm-none-eabi/bin/../lib/gcc/arm-none-eabi/13.2.1/../../../../arm-none-eabi/lib/thumb/v6-m/nofp/libc.a(libc_a-callocr.o) (__errno)
/Applications/ArmGNUToolchain/13.2.Rel1/arm-none-eabi/bin/../lib/gcc/arm-none-eabi/13.2.1/../../../../arm-none-eabi/lib/thumb/v6-m/nofp/libc.a(libc_a-sysconf.o)
[...]
Memory Configuration

Name             Origin             Length             Attributes
FLASH            0x10000000         0x00200000         xr
RAM              0x20000000         0x00040000         xrw
SCRATCH_X        0x20040000         0x00001000         xrw
SCRATCH_Y        0x20041000         0x00001000         xrw
*default*        0x00000000         0xffffffff

Linker script and memory map

LOAD /Applications/ArmGNUToolchain/13.2.Rel1/arm-none-eabi/bin/../lib/gcc/arm-none-eabi/13.2.1/thumb/v6-m/nofp/crti.o
LOAD /Applications/ArmGNUToolchain/13.2.Rel1/arm-none-eabi/bin/../lib/gcc/arm-none-eabi/13.2.1/thumb/v6-m/nofp/crtbegin.o
LOAD /Applications/ArmGNUToolchain/13.2.Rel1/arm-none-eabi/bin/../lib/gcc/arm-none-eabi/13.2.1/../../../../arm-none-eabi/lib/thumb/v6-m/nofp/crt0.o

.flash_begin    0x10000000        0x0
                0x10000000                        __flash_binary_start = .

.boot2          0x10000000      0x100
                0x10000000                        __boot2_start__ = .
 *(.boot2)
 .boot2         0x10000000      0x100 /var/folders/qp/lspnqq_n48s5vw9q2m3d_7200000gn/T//ccdFuYdW.o
                0x10000100                        __boot2_end__ = .
                0x00000001                        ASSERT (((__boot2_end__ - __boot2_start__) == 0x100), ERROR: Pico second stage bootloader must be 256 bytes in size)

.text           0x10000100     0xa7f8
                0x10000100                        __logical_binary_start = .
 *(.vectors)
 .vectors       0x10000100       0xd4 CMakeFiles/InertialMeasurementUnit.dir/Users/alexandruchiriac/src/pico-sdk/src/rp2_common/pico_standard_link/crt0.S.obj
                0x10000100                __VECTOR_TABLE
                0x10000100                __vectors
                0x100001c0                __default_isrs_start
                0x100001c0                isr_invalid
                0x100001c2                isr_nmi
                0x100001c4                isr_hardfault
                0x100001c6                isr_svcall
                0x100001c8                isr_pendsv
                0x100001ca                isr_systick
                0x100001cc                isr_irq28
                0x100001cc                isr_irq19
                0x100001cc                isr_irq0
                0x100001cc                isr_irq6
                0x100001cc                isr_irq22
                0x100001cc                isr_irq17
                0x100001cc                isr_irq14
                0x100001cc                isr_irq2
                0x100001cc                isr_irq10
                0x100001cc                isr_irq8
                0x100001cc                isr_irq24
                0x100001cc                isr_irq1
                0x100001cc                isr_irq7
                0x100001cc                isr_irq21
                0x100001cc                isr_irq20
                0x100001cc                isr_irq15
                0x100001cc                isr_irq25
                0x100001cc                isr_irq4
                0x100001cc                isr_irq16
                0x100001cc                isr_irq29
                0x100001cc                isr_irq26
                0x100001cc                __default_isrs_end
                0x100001cc                isr_irq3
                0x100001cc                isr_irq9
                0x100001cc                __unhandled_user_irq
                0x100001cc                isr_irq13
                0x100001cc                isr_irq27
                0x100001cc                isr_irq31
                0x100001cc                isr_irq5
                0x100001cc                isr_irq11
                0x100001cc                isr_irq23
                0x100001cc                isr_irq18
                0x100001cc                isr_irq30
                0x100001cc                isr_irq12
                0x100001d2                unhandled_user_irq_num_in_r0
 *(.binary_info_header)
 .binary_info_header
                0x100001d4       0x14 CMakeFiles/InertialMeasurementUnit.dir/Users/alexandruchiriac/src/pico-sdk/src/rp2_common/pico_standard_link/crt0.S.obj
                0x100001e8                        __binary_info_header_end = .
 *(.reset)
 .reset         0x100001e8       0xa0 CMakeFiles/InertialMeasurementUnit.dir/Users/alexandruchiriac/src/pico-sdk/src/rp2_common/pico_standard_link/crt0.S.obj
                0x100001e8                _entry_point
 .reset         0x10000288       0x30 CMakeFiles/InertialMeasurementUnit.dir/Users/alexandruchiriac/src/pico-sdk/src/rp2_common/pico_standard_link/binary_info.c.obj
 *(.init)
 .init          0x100002b8        0x4 /Applications/ArmGNUToolchain/13.2.Rel1/arm-none-eabi/bin/../lib/gcc/arm-none-eabi/13.2.1/thumb/v6-m/nofp/crti.o
                0x100002b8                _init
 *(EXCLUDE_FILE(*libm.a: *libc.a:*lib_a-mem*.o *libgcc.a:) .text*)
 .text.register_tm_clones
                0x100002bc       0x28 /Applications/ArmGNUToolchain/13.2.Rel1/arm-none-eabi/bin/../lib/gcc/arm-none-eabi/13.2.1/thumb/v6-m/nofp/crtbegin.o
 .text.frame_dummy
                0x100002e4       0x24 /Applications/ArmGNUToolchain/13.2.Rel1/arm-none-eabi/bin/../lib/gcc/arm-none-eabi/13.2.1/thumb/v6-m/nofp/crtbegin.o
 .text.mpu9250Start
                0x10000308       0x40 CMakeFiles/InertialMeasurementUnit.dir/InertialMeasurementUnit.c.obj
                0x10000308                mpu9250Start
 .text.ak8963Start
                0x10000348       0x28 CMakeFiles/InertialMeasurementUnit.dir/InertialMeasurementUnit.c.obj
                0x10000348                ak8963Start
 .text.startup.main
                0x10000370      0x218 CMakeFiles/InertialMeasurementUnit.dir/InertialMeasurementUnit.c.obj
                0x10000370                main
 .text.i2c_set_up
                0x10000588       0x38 CMakeFiles/InertialMeasurementUnit.dir/i2c.c.obj
                0x10000588                i2c_set_up
 .text.i2c_set_register
                0x100005c0       0x24 CMakeFiles/InertialMeasurementUnit.dir/i2c.c.obj
                0x100005c0                i2c_set_register
 .text.i2c_read_register
                0x100005e4       0x44 CMakeFiles/InertialMeasurementUnit.dir/i2c.c.obj
                0x100005e4                i2c_read_register
 .text.i2c_scan
                0x10000628       0x40 CMakeFiles/InertialMeasurementUnit.dir/i2c.c.obj
                0x10000628                i2c_scan
 .text.gpio_set_function
                0x10000668       0x30 CMakeFiles/InertialMeasurementUnit.dir/Users/alexandruchiriac/src/pico-sdk/src/rp2_common/hardware_gpio/gpio.c.obj
                0x10000668                gpio_set_function
 .text.gpio_set_pulls
                0x10000698       0x24 CMakeFiles/InertialMeasurementUnit.dir/Users/alexandruchiriac/src/pico-sdk/src/rp2_common/hardware_gpio/gpio.c.obj
                0x10000698                gpio_set_pulls
 .text.gpio_set_input_hysteresis_enabled
                0x100006bc       0x28 CMakeFiles/InertialMeasurementUnit.dir/Users/alexandruchiriac/src/pico-sdk/src/rp2_common/hardware_gpio/gpio.c.obj
                0x100006bc                gpio_set_input_hysteresis_enabled
 .text.gpio_set_irq_enabled
                0x100006e4       0x54 CMakeFiles/InertialMeasurementUnit.dir/Users/alexandruchiriac/src/pico-sdk/src/rp2_common/hardware_gpio/gpio.c.obj
                0x100006e4                gpio_set_irq_enabled
 .text.gpio_add_raw_irq_handler_with_order_priority_masked
                0x10000738       0x44 CMakeFiles/InertialMeasurementUnit.dir/Users/alexandruchiriac/src/pico-sdk/src/rp2_common/hardware_gpio/gpio.c.obj
                0x10000738                gpio_add_raw_irq_handler_with_order_priority_masked
 .text.gpio_remove_raw_irq_handler_masked
                0x1000077c       0x20 CMakeFiles/InertialMeasurementUnit.dir/Users/alexandruchiriac/src/pico-sdk/src/rp2_common/hardware_gpio/gpio.c.obj
                0x1000077c                gpio_remove_raw_irq_handler_masked
 .text.gpio_init
                0x1000079c       0x3c CMakeFiles/InertialMeasurementUnit.dir/Users/alexandruchiriac/src/pico-sdk/src/rp2_common/hardware_gpio/gpio.c.obj
                0x1000079c                gpio_init
 .text.running_on_fpga
                0x100007d8       0x10 CMakeFiles/InertialMeasurementUnit.dir/Users/alexandruchiriac/src/pico-sdk/src/rp2_common/pico_platform/platform.c.obj
                0x100007d8                running_on_fpga
 .text.hw_claim_lock
                0x100007e8       0x18 CMakeFiles/InertialMeasurementUnit.dir/Users/alexandruchiriac/src/pico-sdk/src/rp2_common/hardware_claim/claim.c.obj
                0x100007e8                hw_claim_lock
 .text.hw_claim_unlock
                0x10000800       0x14 CMakeFiles/InertialMeasurementUnit.dir/Users/alexandruchiriac/src/pico-sdk/src/rp2_common/hardware_claim/claim.c.obj
                0x10000800                hw_claim_unlock
 .text.hw_claim_or_assert
                0x10000814       0x44 CMakeFiles/InertialMeasurementUnit.dir/Users/alexandruchiriac/src/pico-sdk/src/rp2_common/hardware_claim/claim.c.obj
                0x10000814                hw_claim_or_assert
 .text.hw_claim_unused_from_range
                0x10000858       0x9c CMakeFiles/InertialMeasurementUnit.dir/Users/alexandruchiriac/src/pico-sdk/src/rp2_common/hardware_claim/claim.c.obj
                0x10000858                hw_claim_unused_from_range
 .text.hw_claim_clear
                0x100008f4       0x38 CMakeFiles/InertialMeasurementUnit.dir/Users/alexandruchiriac/src/pico-sdk/src/rp2_common/hardware_claim/claim.c.obj
                0x100008f4                hw_claim_clear
 .text.spin_locks_reset
                0x1000092c       0x1c CMakeFiles/InertialMeasurementUnit.dir/Users/alexandruchiriac/src/pico-sdk/src/rp2_common/hardware_sync/sync.c.obj
                0x1000092c                spin_locks_reset
 .text.next_striped_spin_lock_num
                0x10000948       0x18 CMakeFiles/InertialMeasurementUnit.dir/Users/alexandruchiriac/src/pico-sdk/src/rp2_common/hardware_sync/sync.c.obj
                0x10000948                next_striped_spin_lock_num
 .text.spin_lock_claim_unused
                0x10000960       0x24 CMakeFiles/InertialMeasurementUnit.dir/Users/alexandruchiriac/src/pico-sdk/src/rp2_common/hardware_sync/sync.c.obj
                0x10000960                spin_lock_claim_unused
 .text.irq_set_enabled
                0x10000984       0x24 CMakeFiles/InertialMeasurementUnit.dir/Users/alexandruchiriac/src/pico-sdk/src/rp2_common/hardware_irq/irq.c.obj
                0x10000984                irq_set_enabled
 .text.irq_set_pending
                0x100009a8       0x10 CMakeFiles/InertialMeasurementUnit.dir/Users/alexandruchiriac/src/pico-sdk/src/rp2_common/hardware_irq/irq.c.obj
                0x100009a8                irq_set_pending
 .text.irq_has_shared_handler
                0x100009b8       0x2c CMakeFiles/InertialMeasurementUnit.dir/Users/alexandruchiriac/src/pico-sdk/src/rp2_common/hardware_irq/irq.c.obj
                0x100009b8                irq_has_shared_handler
 .text.irq_get_vtable_handler
                0x100009e4       0x10 CMakeFiles/InertialMeasurementUnit.dir/Users/alexandruchiriac/src/pico-sdk/src/rp2_common/hardware_irq/irq.c.obj
                0x100009e4                irq_get_vtable_handler
 .text.irq_set_exclusive_handler
                0x100009f4       0x54 CMakeFiles/InertialMeasurementUnit.dir/Users/alexandruchiriac/src/pico-sdk/src/rp2_common/hardware_irq/irq.c.obj
                0x100009f4                irq_set_exclusive_handler
 .text.irq_add_shared_handler
                0x10000a48      0x1f4 CMakeFiles/InertialMeasurementUnit.dir/Users/alexandruchiriac/src/pico-sdk/src/rp2_common/hardware_irq/irq.c.obj
                0x10000a48                irq_add_shared_handler
 .text.irq_remove_handler
                0x10000c3c      0x1c4 CMakeFiles/InertialMeasurementUnit.dir/Users/alexandruchiriac/src/pico-sdk/src/rp2_common/hardware_irq/irq.c.obj
                0x10000c3c                irq_remove_handler
 .text.irq_set_priority
                0x10000e00       0x28 CMakeFiles/InertialMeasurementUnit.dir/Users/alexandruchiriac/src/pico-sdk/src/rp2_common/hardware_irq/irq.c.obj
                0x10000e00                irq_set_priority
 .text.irq_add_tail_to_free_list
                0x10000e28       0xb4 CMakeFiles/InertialMeasurementUnit.dir/Users/alexandruchiriac/src/pico-sdk/src/rp2_common/hardware_irq/irq.c.obj
                0x10000e28                irq_add_tail_to_free_list
 .text.irq_init_priorities
                0x10000edc       0x24 CMakeFiles/InertialMeasurementUnit.dir/Users/alexandruchiriac/src/pico-sdk/src/rp2_common/hardware_irq/irq.c.obj
                0x10000edc                irq_init_priorities
 .text.user_irq_unclaim
                0x10000f00       0x14 CMakeFiles/InertialMeasurementUnit.dir/Users/alexandruchiriac/src/pico-sdk/src/rp2_common/hardware_irq/irq.c.obj
                0x10000f00                user_irq_unclaim
 .text.user_irq_claim_unused
                0x10000f14       0x2c CMakeFiles/InertialMeasurementUnit.dir/Users/alexandruchiriac/src/pico-sdk/src/rp2_common/hardware_irq/irq.c.obj
                0x10000f14                user_irq_claim_unused
 .text.sem_init
                0x10000f40       0x20 CMakeFiles/InertialMeasurementUnit.dir/Users/alexandruchiriac/src/pico-sdk/src/common/pico_sync/sem.c.obj
                0x10000f40                sem_init
 .text.lock_init
                0x10000f60       0x10 CMakeFiles/InertialMeasurementUnit.dir/Users/alexandruchiriac/src/pico-sdk/src/common/pico_sync/lock_core.c.obj
                0x10000f60                lock_init
 .text.mutex_init
                0x10000f70       0x1c CMakeFiles/InertialMeasurementUnit.dir/Users/alexandruchiriac/src/pico-sdk/src/common/pico_sync/mutex.c.obj
                0x10000f70                mutex_init
 .text.recursive_mutex_init
                0x10000f8c       0x1c CMakeFiles/InertialMeasurementUnit.dir/Users/alexandruchiriac/src/pico-sdk/src/common/pico_sync/mutex.c.obj
                0x10000f8c                recursive_mutex_init
 .text.critical_section_init
                0x10000fa8       0x1c CMakeFiles/InertialMeasurementUnit.dir/Users/alexandruchiriac/src/pico-sdk/src/common/pico_sync/critical_section.c.obj
                0x10000fa8                critical_section_init
 .text.critical_section_init_with_lock_num
                0x10000fc4       0x14 CMakeFiles/InertialMeasurementUnit.dir/Users/alexandruchiriac/src/pico-sdk/src/common/pico_sync/critical_section.c.obj
                0x10000fc4                critical_section_init_with_lock_num
 .text.timer_pool_entry_comparator
                0x10000fd8       0x34 CMakeFiles/InertialMeasurementUnit.dir/Users/alexandruchiriac/src/pico-sdk/src/common/pico_time/time.c.obj
                0x10000fd8                timer_pool_entry_comparator
 .text.sleep_until_callback
                0x1000100c       0x30 CMakeFiles/InertialMeasurementUnit.dir/Users/alexandruchiriac/src/pico-sdk/src/common/pico_time/time.c.obj
 .text.add_alarm_under_lock.isra.0
                0x1000103c      0x100 CMakeFiles/InertialMeasurementUnit.dir/Users/alexandruchiriac/src/pico-sdk/src/common/pico_time/time.c.obj
 .text.alarm_pool_alarm_callback
                0x1000113c      0x1c0 CMakeFiles/InertialMeasurementUnit.dir/Users/alexandruchiriac/src/pico-sdk/src/common/pico_time/time.c.obj
 .text.alarm_pool_init_default
                0x100012fc       0x6c CMakeFiles/InertialMeasurementUnit.dir/Users/alexandruchiriac/src/pico-sdk/src/common/pico_time/time.c.obj
                0x100012fc                alarm_pool_init_default
 .text.alarm_pool_get_default
                0x10001368        0x8 CMakeFiles/InertialMeasurementUnit.dir/Users/alexandruchiriac/src/pico-sdk/src/common/pico_time/time.c.obj
                0x10001368                alarm_pool_get_default
 .text.alarm_pool_add_alarm_at
                0x10001370      0x17c CMakeFiles/InertialMeasurementUnit.dir/Users/alexandruchiriac/src/pico-sdk/src/common/pico_time/time.c.obj
                0x10001370                alarm_pool_add_alarm_at
 .text.alarm_pool_cancel_alarm
                0x100014ec       0x70 CMakeFiles/InertialMeasurementUnit.dir/Users/alexandruchiriac/src/pico-sdk/src/common/pico_time/time.c.obj
                0x100014ec                alarm_pool_cancel_alarm
 .text.alarm_pool_core_num
                0x1000155c        0x4 CMakeFiles/InertialMeasurementUnit.dir/Users/alexandruchiriac/src/pico-sdk/src/common/pico_time/time.c.obj
                0x1000155c                alarm_pool_core_num
 .text.sleep_until
                0x10001560       0xc4 CMakeFiles/InertialMeasurementUnit.dir/Users/alexandruchiriac/src/pico-sdk/src/common/pico_time/time.c.obj
                0x10001560                sleep_until
 .text.sleep_ms
                0x10001624       0x38 CMakeFiles/InertialMeasurementUnit.dir/Users/alexandruchiriac/src/pico-sdk/src/common/pico_time/time.c.obj
                0x10001624                sleep_ms
 .text.best_effort_wfe_or_timeout
                0x1000165c       0xcc CMakeFiles/InertialMeasurementUnit.dir/Users/alexandruchiriac/src/pico-sdk/src/common/pico_time/time.c.obj
                0x1000165c                best_effort_wfe_or_timeout
 .text.hardware_alarm_irq_handler
                0x10001728       0xbc CMakeFiles/InertialMeasurementUnit.dir/Users/alexandruchiriac/src/pico-sdk/src/rp2_common/hardware_timer/timer.c.obj
 .text.hardware_alarm_claim
                0x100017e4       0x18 CMakeFiles/InertialMeasurementUnit.dir/Users/alexandruchiriac/src/pico-sdk/src/rp2_common/hardware_timer/timer.c.obj
                0x100017e4                hardware_alarm_claim
 .text.time_us_64
                0x100017fc       0x14 CMakeFiles/InertialMeasurementUnit.dir/Users/alexandruchiriac/src/pico-sdk/src/rp2_common/hardware_timer/timer.c.obj
                0x100017fc                time_us_64
 .text.busy_wait_until
                0x10001810       0x20 CMakeFiles/InertialMeasurementUnit.dir/Users/alexandruchiriac/src/pico-sdk/src/rp2_common/hardware_timer/timer.c.obj
                0x10001810                busy_wait_until
 .text.hardware_alarm_set_callback
                0x10001830       0x8c CMakeFiles/InertialMeasurementUnit.dir/Users/alexandruchiriac/src/pico-sdk/src/rp2_common/hardware_timer/timer.c.obj
                0x10001830                hardware_alarm_set_callback
 .text.hardware_alarm_set_target
                0x100018bc       0xd0 CMakeFiles/InertialMeasurementUnit.dir/Users/alexandruchiriac/src/pico-sdk/src/rp2_common/hardware_timer/timer.c.obj
                0x100018bc                hardware_alarm_set_target
 .text.hardware_alarm_cancel
                0x1000198c       0x3c CMakeFiles/InertialMeasurementUnit.dir/Users/alexandruchiriac/src/pico-sdk/src/rp2_common/hardware_timer/timer.c.obj
                0x1000198c                hardware_alarm_cancel
 .text.ph_merge_nodes
                0x100019c8       0x58 CMakeFiles/InertialMeasurementUnit.dir/Users/alexandruchiriac/src/pico-sdk/src/common/pico_util/pheap.c.obj
 .text.ph_post_alloc_init
                0x10001a20       0x3c CMakeFiles/InertialMeasurementUnit.dir/Users/alexandruchiriac/src/pico-sdk/src/common/pico_util/pheap.c.obj
                0x10001a20                ph_post_alloc_init
 .text.ph_merge_two_pass
                0x10001a5c       0x8c CMakeFiles/InertialMeasurementUnit.dir/Users/alexandruchiriac/src/pico-sdk/src/common/pico_util/pheap.c.obj
                0x10001a5c                ph_merge_two_pass
 .text.ph_remove_any_head
                0x10001ae8      0x100 CMakeFiles/InertialMeasurementUnit.dir/Users/alexandruchiriac/src/pico-sdk/src/common/pico_util/pheap.c.obj
 .text.ph_remove_head
                0x10001be8      0x104 CMakeFiles/InertialMeasurementUnit.dir/Users/alexandruchiriac/src/pico-sdk/src/common/pico_util/pheap.c.obj
                0x10001be8                ph_remove_head
 .text.ph_remove_and_free_node
                0x10001cec       0x78 CMakeFiles/InertialMeasurementUnit.dir/Users/alexandruchiriac/src/pico-sdk/src/common/pico_util/pheap.c.obj
                0x10001cec                ph_remove_and_free_node
 .text.clocks_init
                0x10001d64      0x2c8 CMakeFiles/InertialMeasurementUnit.dir/Users/alexandruchiriac/src/pico-sdk/src/rp2_common/hardware_clocks/clocks.c.obj
                0x10001d64                clocks_init
 .text.clock_get_hz
                0x1000202c        0xc CMakeFiles/InertialMeasurementUnit.dir/Users/alexandruchiriac/src/pico-sdk/src/rp2_common/hardware_clocks/clocks.c.obj
                0x1000202c                clock_get_hz
 .text.pll_init
                0x10002038       0xa4 CMakeFiles/InertialMeasurementUnit.dir/Users/alexandruchiriac/src/pico-sdk/src/rp2_common/hardware_pll/pll.c.obj
                0x10002038                pll_init
 .text.watchdog_start_tick
                0x100020dc       0x10 CMakeFiles/InertialMeasurementUnit.dir/Users/alexandruchiriac/src/pico-sdk/src/rp2_common/hardware_watchdog/watchdog.c.obj
                0x100020dc                watchdog_start_tick
 .text.watchdog_reboot
                0x100020ec       0x9c CMakeFiles/InertialMeasurementUnit.dir/Users/alexandruchiriac/src/pico-sdk/src/rp2_common/hardware_watchdog/watchdog.c.obj
                0x100020ec                watchdog_reboot
 .text.xosc_init
                0x10002188       0x28 CMakeFiles/InertialMeasurementUnit.dir/Users/alexandruchiriac/src/pico-sdk/src/rp2_common/hardware_xosc/xosc.c.obj
                0x10002188                xosc_init
 .text.runtime_init
                0x100021b0       0xf0 CMakeFiles/InertialMeasurementUnit.dir/Users/alexandruchiriac/src/pico-sdk/src/rp2_common/pico_runtime/runtime.c.obj
                0x100021b0                runtime_init
 .text._exit    0x100022a0        0x4 CMakeFiles/InertialMeasurementUnit.dir/Users/alexandruchiriac/src/pico-sdk/src/rp2_common/pico_runtime/runtime.c.obj
                0x100022a0                _exit
 .text.exit     0x100022a4        0x8 CMakeFiles/InertialMeasurementUnit.dir/Users/alexandruchiriac/src/pico-sdk/src/rp2_common/pico_runtime/runtime.c.obj
                0x100022a4                exit
 .text.panic    0x100022ac       0x30 CMakeFiles/InertialMeasurementUnit.dir/Users/alexandruchiriac/src/pico-sdk/src/rp2_common/pico_runtime/runtime.c.obj
                0x100022ac                panic
 .text.hard_assertion_failure
                0x100022dc        0xc CMakeFiles/InertialMeasurementUnit.dir/Users/alexandruchiriac/src/pico-sdk/src/rp2_common/pico_runtime/runtime.c.obj
                0x100022dc                hard_assertion_failure
 .text._out_null
                0x100022e8        0x4 CMakeFiles/InertialMeasurementUnit.dir/Users/alexandruchiriac/src/pico-sdk/src/rp2_common/pico_printf/printf.c.obj
 .text._out_rev
                0x100022ec       0xac CMakeFiles/InertialMeasurementUnit.dir/Users/alexandruchiriac/src/pico-sdk/src/rp2_common/pico_printf/printf.c.obj
 .text._ntoa_format
                0x10002398      0x250 CMakeFiles/InertialMeasurementUnit.dir/Users/alexandruchiriac/src/pico-sdk/src/rp2_common/pico_printf/printf.c.obj
 .text._out_char
                0x100025e8       0x10 CMakeFiles/InertialMeasurementUnit.dir/Users/alexandruchiriac/src/pico-sdk/src/rp2_common/pico_printf/printf.c.obj
 .text._out_fct
                0x100025f8       0x10 CMakeFiles/InertialMeasurementUnit.dir/Users/alexandruchiriac/src/pico-sdk/src/rp2_common/pico_printf/printf.c.obj
 .text._etoa    0x10002608      0x464 CMakeFiles/InertialMeasurementUnit.dir/Users/alexandruchiriac/src/pico-sdk/src/rp2_common/pico_printf/printf.c.obj
 .text._ftoa    0x10002a6c      0x3c0 CMakeFiles/InertialMeasurementUnit.dir/Users/alexandruchiriac/src/pico-sdk/src/rp2_common/pico_printf/printf.c.obj
 .text._vsnprintf
                0x10002e2c      0xbc8 CMakeFiles/InertialMeasurementUnit.dir/Users/alexandruchiriac/src/pico-sdk/src/rp2_common/pico_printf/printf.c.obj
 .text.vfctprintf
                0x100039f4       0x20 CMakeFiles/InertialMeasurementUnit.dir/Users/alexandruchiriac/src/pico-sdk/src/rp2_common/pico_printf/printf.c.obj
                0x100039f4                vfctprintf
 .text.weak_raw_vprintf
                0x10003a14       0x30 CMakeFiles/InertialMeasurementUnit.dir/Users/alexandruchiriac/src/pico-sdk/src/rp2_common/pico_printf/printf.c.obj
                0x10003a14                weak_raw_vprintf
 .text          0x10003a44       0x10 CMakeFiles/InertialMeasurementUnit.dir/Users/alexandruchiriac/src/pico-sdk/src/rp2_common/pico_bit_ops/bit_ops_aeabi.S.obj
 .text.ctzsi    0x10003a54        0xc CMakeFiles/InertialMeasurementUnit.dir/Users/alexandruchiriac/src/pico-sdk/src/rp2_common/pico_bit_ops/bit_ops_aeabi.S.obj
                0x10003a54                __wrap___ctzsi2
 .text.rom_func_lookup
                0x10003a60       0x10 CMakeFiles/InertialMeasurementUnit.dir/Users/alexandruchiriac/src/pico-sdk/src/rp2_common/pico_bootrom/bootrom.c.obj
                0x10003a60                rom_func_lookup
 .text.rom_data_lookup
                0x10003a70       0x10 CMakeFiles/InertialMeasurementUnit.dir/Users/alexandruchiriac/src/pico-sdk/src/rp2_common/pico_bootrom/bootrom.c.obj
                0x10003a70                rom_data_lookup
 .text.rom_funcs_lookup
                0x10003a80       0x44 CMakeFiles/InertialMeasurementUnit.dir/Users/alexandruchiriac/src/pico-sdk/src/rp2_common/pico_bootrom/bootrom.c.obj
                0x10003a80                rom_funcs_lookup
 .text.__wrap___aeabi_idiv
                0x10003ac4       0x50 CMakeFiles/InertialMeasurementUnit.dir/Users/alexandruchiriac/src/pico-sdk/src/rp2_common/pico_divider/divider.S.obj
                0x10003ac4                __wrap___aeabi_idivmod
                0x10003ac4                divmod_s32s32
                0x10003ac4                div_s32s32
                0x10003ac4                __wrap___aeabi_idiv
                0x10003acc                divmod_s32s32_unsafe
                0x10003af8                divmod_s32s32_savestate
 .text.__wrap___aeabi_uidiv
                0x10003b14       0x4c CMakeFiles/InertialMeasurementUnit.dir/Users/alexandruchiriac/src/pico-sdk/src/rp2_common/pico_divider/divider.S.obj
                0x10003b14                __wrap___aeabi_uidiv
                0x10003b14                __wrap___aeabi_uidivmod
                0x10003b14                div_u32u32
                0x10003b14                divmod_u32u32
                0x10003b1c                divmod_u32u32_unsafe
                0x10003b44                divmod_u32u32_savestate
 .text.__wrap___aeabi_ldiv
                0x10003b60      0x424 CMakeFiles/InertialMeasurementUnit.dir/Users/alexandruchiriac/src/pico-sdk/src/rp2_common/pico_divider/divider.S.obj
                0x10003b60                __wrap___aeabi_ldivmod
                0x10003b60                div_s64s64
                0x10003b60                divmod_s64s64
                0x10003b90                divmod_u64u64
                0x10003b90                div_u64u64
                0x10003b90                __wrap___aeabi_uldivmod
                0x10003ba0                divmod_u64u64_savestate
                0x10003bc0                divmod_s64s64_unsafe
                0x10003c48                divmod_u64u64_unsafe
 .text.__wrap___aeabi_darithmetic
                0x10003f84       0x60 CMakeFiles/InertialMeasurementUnit.dir/Users/alexandruchiriac/src/pico-sdk/src/rp2_common/pico_double/double_aeabi.S.obj
                0x10003f84                __wrap___aeabi_drsub
                0x10003f8a                __wrap___aeabi_dsub
                0x10003f94                __wrap___aeabi_dadd
                0x10003f9e                __wrap___aeabi_ddiv
                0x10003fd2                __wrap___aeabi_dmul
 .text.__wrap___aeabi_cdcmple
                0x10003fe4       0x6c CMakeFiles/InertialMeasurementUnit.dir/Users/alexandruchiriac/src/pico-sdk/src/rp2_common/pico_double/double_aeabi.S.obj
                0x10003fe4                __wrap___aeabi_cdrcmple
                0x10003ff4                __wrap___aeabi_cdcmple
                0x10003ff4                __wrap___aeabi_cdcmpeq
 .text.__wrap___aeabi_dcmplt
                0x10004050        0xc CMakeFiles/InertialMeasurementUnit.dir/Users/alexandruchiriac/src/pico-sdk/src/rp2_common/pico_double/double_aeabi.S.obj
                0x10004050                __wrap___aeabi_dcmplt
 .text.__wrap___aeabi_dcmpge
                0x1000405c       0x10 CMakeFiles/InertialMeasurementUnit.dir/Users/alexandruchiriac/src/pico-sdk/src/rp2_common/pico_double/double_aeabi.S.obj
                0x1000405c                __wrap___aeabi_dcmpge
 .text.__wrap___aeabi_dcmpgt
                0x1000406c        0xa CMakeFiles/InertialMeasurementUnit.dir/Users/alexandruchiriac/src/pico-sdk/src/rp2_common/pico_double/double_aeabi.S.obj
                0x1000406c                __wrap___aeabi_dcmpgt
 .text.__wrap___aeabi_dcmpun
                0x10004076       0x1c CMakeFiles/InertialMeasurementUnit.dir/Users/alexandruchiriac/src/pico-sdk/src/rp2_common/pico_double/double_aeabi.S.obj
                0x10004076                __wrap___aeabi_dcmpun
 *fill*         0x10004092        0x2 
 .text.__wrap___aeabi_i2d
                0x10004094       0x38 CMakeFiles/InertialMeasurementUnit.dir/Users/alexandruchiriac/src/pico-sdk/src/rp2_common/pico_double/double_aeabi.S.obj
                0x10004094                __wrap___aeabi_ui2d
                0x1000409c                __wrap___aeabi_i2d
 .text.__wrap___aeabi_d2iz
                0x100040cc       0x48 CMakeFiles/InertialMeasurementUnit.dir/Users/alexandruchiriac/src/pico-sdk/src/rp2_common/pico_double/double_aeabi.S.obj
                0x100040cc                __wrap___aeabi_d2iz
                0x100040cc                double2int_z
 .text.__wrap___aeabi_d2uiz
                0x10004114       0x10 CMakeFiles/InertialMeasurementUnit.dir/Users/alexandruchiriac/src/pico-sdk/src/rp2_common/pico_double/double_aeabi.S.obj
                0x10004114                double2uint
                0x10004114                __wrap___aeabi_d2uiz
 .text.missing_double_func_shim
                0x10004124        0xc CMakeFiles/InertialMeasurementUnit.dir/Users/alexandruchiriac/src/pico-sdk/src/rp2_common/pico_double/double_init_rom.c.obj
 .text.__aeabi_double_init
                0x10004130       0x94 CMakeFiles/InertialMeasurementUnit.dir/Users/alexandruchiriac/src/pico-sdk/src/rp2_common/pico_double/double_init_rom.c.obj
                0x10004130                __aeabi_double_init
 .text.double_table_shim_on_use_helper
                0x100041c4       0x2c CMakeFiles/InertialMeasurementUnit.dir/Users/alexandruchiriac/src/pico-sdk/src/rp2_common/pico_double/double_v1_rom_shim.S.obj
                0x100041c4                double_table_shim_on_use_helper
 .text.__aeabi_lmul
                0x100041f0       0x32 CMakeFiles/InertialMeasurementUnit.dir/Users/alexandruchiriac/src/pico-sdk/src/rp2_common/pico_int64_ops/pico_int64_ops_aeabi.S.obj
                0x100041f0                __wrap___aeabi_lmul
 *fill*         0x10004222        0x2 
 .text.missing_float_func_shim
                0x10004224        0xc CMakeFiles/InertialMeasurementUnit.dir/Users/alexandruchiriac/src/pico-sdk/src/rp2_common/pico_float/float_init_rom.c.obj
 .text.__aeabi_float_init
                0x10004230       0x5c CMakeFiles/InertialMeasurementUnit.dir/Users/alexandruchiriac/src/pico-sdk/src/rp2_common/pico_float/float_init_rom.c.obj
                0x10004230                __aeabi_float_init
 .text          0x1000428c       0x10 CMakeFiles/InertialMeasurementUnit.dir/Users/alexandruchiriac/src/pico-sdk/src/rp2_common/pico_mem_ops/mem_ops_aeabi.S.obj
                0x1000428c                __aeabi_mem_init
 .text.memset   0x1000429c        0xc CMakeFiles/InertialMeasurementUnit.dir/Users/alexandruchiriac/src/pico-sdk/src/rp2_common/pico_mem_ops/mem_ops_aeabi.S.obj
                0x1000429c                __wrap_memset
 .text.memcpy   0x100042a8        0xc CMakeFiles/InertialMeasurementUnit.dir/Users/alexandruchiriac/src/pico-sdk/src/rp2_common/pico_mem_ops/mem_ops_aeabi.S.obj
                0x100042a8                __wrap___aeabi_memcpy
                0x100042a8                __wrap_memcpy
 .text.stdio_out_chars_crlf
                0x100042b4       0x94 CMakeFiles/InertialMeasurementUnit.dir/Users/alexandruchiriac/src/pico-sdk/src/rp2_common/pico_stdio/stdio.c.obj
 .text.stdio_buffered_printer
                0x10004348       0x64 CMakeFiles/InertialMeasurementUnit.dir/Users/alexandruchiriac/src/pico-sdk/src/rp2_common/pico_stdio/stdio.c.obj
 .text.__wrap_putchar
                0x100043ac       0x98 CMakeFiles/InertialMeasurementUnit.dir/Users/alexandruchiriac/src/pico-sdk/src/rp2_common/pico_stdio/stdio.c.obj
                0x100043ac                __wrap_putchar
 .text.__wrap_puts
                0x10004444       0xe0 CMakeFiles/InertialMeasurementUnit.dir/Users/alexandruchiriac/src/pico-sdk/src/rp2_common/pico_stdio/stdio.c.obj
                0x10004444                __wrap_puts
 .text.stdio_set_driver_enabled
                0x10004524       0x30 CMakeFiles/InertialMeasurementUnit.dir/Users/alexandruchiriac/src/pico-sdk/src/rp2_common/pico_stdio/stdio.c.obj
                0x10004524                stdio_set_driver_enabled
 .text.__wrap_vprintf
                0x10004554       0xd4 CMakeFiles/InertialMeasurementUnit.dir/Users/alexandruchiriac/src/pico-sdk/src/rp2_common/pico_stdio/stdio.c.obj
                0x10004554                __wrap_vprintf
 .text.__wrap_printf
                0x10004628       0x18 CMakeFiles/InertialMeasurementUnit.dir/Users/alexandruchiriac/src/pico-sdk/src/rp2_common/pico_stdio/stdio.c.obj
                0x10004628                __wrap_printf
 .text.stdio_init_all
                0x10004640        0x8 CMakeFiles/InertialMeasurementUnit.dir/Users/alexandruchiriac/src/pico-sdk/src/rp2_common/pico_stdio/stdio.c.obj
                0x10004640                stdio_init_all
 .text.resetd_init
                0x10004648        0x4 CMakeFiles/InertialMeasurementUnit.dir/Users/alexandruchiriac/src/pico-sdk/src/rp2_common/pico_stdio_usb/reset_interface.c.obj
 .text.resetd_reset
                0x1000464c        0xc CMakeFiles/InertialMeasurementUnit.dir/Users/alexandruchiriac/src/pico-sdk/src/rp2_common/pico_stdio_usb/reset_interface.c.obj
 .text.resetd_open
                0x10004658       0x28 CMakeFiles/InertialMeasurementUnit.dir/Users/alexandruchiriac/src/pico-sdk/src/rp2_common/pico_stdio_usb/reset_interface.c.obj
 .text.resetd_xfer_cb
                0x10004680        0x4 CMakeFiles/InertialMeasurementUnit.dir/Users/alexandruchiriac/src/pico-sdk/src/rp2_common/pico_stdio_usb/reset_interface.c.obj
 .text.resetd_control_xfer_cb
                0x10004684       0x60 CMakeFiles/InertialMeasurementUnit.dir/Users/alexandruchiriac/src/pico-sdk/src/rp2_common/pico_stdio_usb/reset_interface.c.obj
 .text.usbd_app_driver_get_cb
                0x100046e4        0xc CMakeFiles/InertialMeasurementUnit.dir/Users/alexandruchiriac/src/pico-sdk/src/rp2_common/pico_stdio_usb/reset_interface.c.obj
                0x100046e4                usbd_app_driver_get_cb
 .text.tud_cdc_line_coding_cb
                0x100046f0       0x34 CMakeFiles/InertialMeasurementUnit.dir/Users/alexandruchiriac/src/pico-sdk/src/rp2_common/pico_stdio_usb/reset_interface.c.obj
                0x100046f0                tud_cdc_line_coding_cb
 .text.stdio_usb_set_chars_available_callback
                0x10004724       0x14 CMakeFiles/InertialMeasurementUnit.dir/Users/alexandruchiriac/src/pico-sdk/src/rp2_common/pico_stdio_usb/stdio_usb.c.obj
                0x10004724                stdio_usb_set_chars_available_callback
 .text.usb_irq  0x10004738       0x10 CMakeFiles/InertialMeasurementUnit.dir/Users/alexandruchiriac/src/pico-sdk/src/rp2_common/pico_stdio_usb/stdio_usb.c.obj
 .text.timer_task
                0x10004748       0x54 CMakeFiles/InertialMeasurementUnit.dir/Users/alexandruchiriac/src/pico-sdk/src/rp2_common/pico_stdio_usb/stdio_usb.c.obj
 .text.stdio_usb_in_chars
                0x1000479c       0x90 CMakeFiles/InertialMeasurementUnit.dir/Users/alexandruchiriac/src/pico-sdk/src/rp2_common/pico_stdio_usb/stdio_usb.c.obj
                0x1000479c                stdio_usb_in_chars
 .text.stdio_usb_out_chars
                0x1000482c      0x104 CMakeFiles/InertialMeasurementUnit.dir/Users/alexandruchiriac/src/pico-sdk/src/rp2_common/pico_stdio_usb/stdio_usb.c.obj
 .text.low_priority_worker_irq
                0x10004930       0xa8 CMakeFiles/InertialMeasurementUnit.dir/Users/alexandruchiriac/src/pico-sdk/src/rp2_common/pico_stdio_usb/stdio_usb.c.obj
 .text.tud_cdc_rx_cb
                0x100049d8       0x20 CMakeFiles/InertialMeasurementUnit.dir/Users/alexandruchiriac/src/pico-sdk/src/rp2_common/pico_stdio_usb/stdio_usb.c.obj
                0x100049d8                tud_cdc_rx_cb
 .text.stdio_usb_init
                0x100049f8       0xe0 CMakeFiles/InertialMeasurementUnit.dir/Users/alexandruchiriac/src/pico-sdk/src/rp2_common/pico_stdio_usb/stdio_usb.c.obj
                0x100049f8                stdio_usb_init
 .text.tud_descriptor_device_cb
                0x10004ad8        0x8 CMakeFiles/InertialMeasurementUnit.dir/Users/alexandruchiriac/src/pico-sdk/src/rp2_common/pico_stdio_usb/stdio_usb_descriptors.c.obj
                0x10004ad8                tud_descriptor_device_cb
 .text.tud_descriptor_configuration_cb
                0x10004ae0        0x8 CMakeFiles/InertialMeasurementUnit.dir/Users/alexandruchiriac/src/pico-sdk/src/rp2_common/pico_stdio_usb/stdio_usb_descriptors.c.obj
                0x10004ae0                tud_descriptor_configuration_cb
 .text.tud_descriptor_string_cb
                0x10004ae8       0x78 CMakeFiles/InertialMeasurementUnit.dir/Users/alexandruchiriac/src/pico-sdk/src/rp2_common/pico_stdio_usb/stdio_usb_descriptors.c.obj
                0x10004ae8                tud_descriptor_string_cb
 .text.startup._retrieve_unique_id_on_boot
                0x10004b60       0x10 CMakeFiles/InertialMeasurementUnit.dir/Users/alexandruchiriac/src/pico-sdk/src/rp2_common/pico_unique_id/unique_id.c.obj
 .text.pico_get_unique_board_id
                0x10004b70       0x10 CMakeFiles/InertialMeasurementUnit.dir/Users/alexandruchiriac/src/pico-sdk/src/rp2_common/pico_unique_id/unique_id.c.obj
                0x10004b70                pico_get_unique_board_id
 .text.pico_get_unique_board_id_string
                0x10004b80      0x1a8 CMakeFiles/InertialMeasurementUnit.dir/Users/alexandruchiriac/src/pico-sdk/src/rp2_common/pico_unique_id/unique_id.c.obj
                0x10004b80                pico_get_unique_board_id_string
 .text.flash_get_unique_id
                0x10004d28       0x3c CMakeFiles/InertialMeasurementUnit.dir/Users/alexandruchiriac/src/pico-sdk/src/rp2_common/hardware_flash/flash.c.obj
                0x10004d28                flash_get_unique_id
 .text.dcd_int_enable
                0x10004d64        0xc CMakeFiles/InertialMeasurementUnit.dir/Users/alexandruchiriac/src/pico-sdk/lib/tinyusb/src/portable/raspberrypi/rp2040/dcd_rp2040.c.obj
                0x10004d64                dcd_int_enable
 .text.dcd_set_address
                0x10004d70       0x14 CMakeFiles/InertialMeasurementUnit.dir/Users/alexandruchiriac/src/pico-sdk/lib/tinyusb/src/portable/raspberrypi/rp2040/dcd_rp2040.c.obj
                0x10004d70                dcd_set_address
 .text.dcd_connect
                0x10004d84       0x10 CMakeFiles/InertialMeasurementUnit.dir/Users/alexandruchiriac/src/pico-sdk/lib/tinyusb/src/portable/raspberrypi/rp2040/dcd_rp2040.c.obj
                0x10004d84                dcd_connect
 .text.dcd_init
                0x10004d94       0x98 CMakeFiles/InertialMeasurementUnit.dir/Users/alexandruchiriac/src/pico-sdk/lib/tinyusb/src/portable/raspberrypi/rp2040/dcd_rp2040.c.obj
                0x10004d94                dcd_init
 .text.dcd_edpt0_status_complete
                0x10004e2c       0x1c CMakeFiles/InertialMeasurementUnit.dir/Users/alexandruchiriac/src/pico-sdk/lib/tinyusb/src/portable/raspberrypi/rp2040/dcd_rp2040.c.obj
                0x10004e2c                dcd_edpt0_status_complete
 .text.dcd_edpt_open
                0x10004e48      0x108 CMakeFiles/InertialMeasurementUnit.dir/Users/alexandruchiriac/src/pico-sdk/lib/tinyusb/src/portable/raspberrypi/rp2040/dcd_rp2040.c.obj
                0x10004e48                dcd_edpt_open
 .text.dcd_edpt_close_all
                0x10004f50        0x8 CMakeFiles/InertialMeasurementUnit.dir/Users/alexandruchiriac/src/pico-sdk/lib/tinyusb/src/portable/raspberrypi/rp2040/dcd_rp2040.c.obj
                0x10004f50                dcd_edpt_close_all
 .text.dcd_edpt_xfer
                0x10004f58       0x24 CMakeFiles/InertialMeasurementUnit.dir/Users/alexandruchiriac/src/pico-sdk/lib/tinyusb/src/portable/raspberrypi/rp2040/dcd_rp2040.c.obj
                0x10004f58                dcd_edpt_xfer
 .text.dcd_edpt_stall
                0x10004f7c       0x34 CMakeFiles/InertialMeasurementUnit.dir/Users/alexandruchiriac/src/pico-sdk/lib/tinyusb/src/portable/raspberrypi/rp2040/dcd_rp2040.c.obj
                0x10004f7c                dcd_edpt_stall
 .text.dcd_edpt_clear_stall
                0x10004fb0       0x30 CMakeFiles/InertialMeasurementUnit.dir/Users/alexandruchiriac/src/pico-sdk/lib/tinyusb/src/portable/raspberrypi/rp2040/dcd_rp2040.c.obj
                0x10004fb0                dcd_edpt_clear_stall
 .text.rp2040_usb_init
                0x10004fe0       0x4c CMakeFiles/InertialMeasurementUnit.dir/Users/alexandruchiriac/src/pico-sdk/lib/tinyusb/src/portable/raspberrypi/rp2040/rp2040_usb.c.obj
                0x10004fe0                rp2040_usb_init
 .text.hw_endpoint_xfer_start
                0x1000502c       0x40 CMakeFiles/InertialMeasurementUnit.dir/Users/alexandruchiriac/src/pico-sdk/lib/tinyusb/src/portable/raspberrypi/rp2040/rp2040_usb.c.obj
                0x1000502c                hw_endpoint_xfer_start
 .text.tud_mounted
                0x1000506c       0x10 CMakeFiles/InertialMeasurementUnit.dir/Users/alexandruchiriac/src/pico-sdk/lib/tinyusb/src/device/usbd.c.obj
                0x1000506c                tud_mounted
 .text.tud_suspended
                0x1000507c       0x10 CMakeFiles/InertialMeasurementUnit.dir/Users/alexandruchiriac/src/pico-sdk/lib/tinyusb/src/device/usbd.c.obj
                0x1000507c                tud_suspended
 .text.tud_inited
                0x1000508c       0x14 CMakeFiles/InertialMeasurementUnit.dir/Users/alexandruchiriac/src/pico-sdk/lib/tinyusb/src/device/usbd.c.obj
                0x1000508c                tud_inited
 .text.tud_init
                0x100050a0       0xdc CMakeFiles/InertialMeasurementUnit.dir/Users/alexandruchiriac/src/pico-sdk/lib/tinyusb/src/device/usbd.c.obj
                0x100050a0                tud_init
 .text.tud_task_ext
                0x1000517c      0x850 CMakeFiles/InertialMeasurementUnit.dir/Users/alexandruchiriac/src/pico-sdk/lib/tinyusb/src/device/usbd.c.obj
                0x1000517c                tud_task_ext
 .text.usbd_open_edpt_pair
                0x100059cc       0x9c CMakeFiles/InertialMeasurementUnit.dir/Users/alexandruchiriac/src/pico-sdk/lib/tinyusb/src/device/usbd.c.obj
                0x100059cc                usbd_open_edpt_pair
 .text.usbd_defer_func
                0x10005a68       0x48 CMakeFiles/InertialMeasurementUnit.dir/Users/alexandruchiriac/src/pico-sdk/lib/tinyusb/src/device/usbd.c.obj
                0x10005a68                usbd_defer_func
 .text.usbd_edpt_open
                0x10005ab0       0x34 CMakeFiles/InertialMeasurementUnit.dir/Users/alexandruchiriac/src/pico-sdk/lib/tinyusb/src/device/usbd.c.obj
                0x10005ab0                usbd_edpt_open
 .text.usbd_edpt_claim
                0x10005ae4       0x28 CMakeFiles/InertialMeasurementUnit.dir/Users/alexandruchiriac/src/pico-sdk/lib/tinyusb/src/device/usbd.c.obj
                0x10005ae4                usbd_edpt_claim
 .text.usbd_edpt_release
                0x10005b0c       0x28 CMakeFiles/InertialMeasurementUnit.dir/Users/alexandruchiriac/src/pico-sdk/lib/tinyusb/src/device/usbd.c.obj
                0x10005b0c                usbd_edpt_release
 .text.usbd_edpt_xfer
                0x10005b34       0x4c CMakeFiles/InertialMeasurementUnit.dir/Users/alexandruchiriac/src/pico-sdk/lib/tinyusb/src/device/usbd.c.obj
                0x10005b34                usbd_edpt_xfer
 .text.tud_control_status
                0x10005b80       0x2c CMakeFiles/InertialMeasurementUnit.dir/Users/alexandruchiriac/src/pico-sdk/lib/tinyusb/src/device/usbd_control.c.obj
                0x10005b80                tud_control_status
 .text.tud_control_xfer
                0x10005bac       0xac CMakeFiles/InertialMeasurementUnit.dir/Users/alexandruchiriac/src/pico-sdk/lib/tinyusb/src/device/usbd_control.c.obj
                0x10005bac                tud_control_xfer
 .text.usbd_control_reset
                0x10005c58       0x14 CMakeFiles/InertialMeasurementUnit.dir/Users/alexandruchiriac/src/pico-sdk/lib/tinyusb/src/device/usbd_control.c.obj
                0x10005c58                usbd_control_reset
 .text.usbd_control_set_complete_callback
                0x10005c6c        0xc CMakeFiles/InertialMeasurementUnit.dir/Users/alexandruchiriac/src/pico-sdk/lib/tinyusb/src/device/usbd_control.c.obj
                0x10005c6c                usbd_control_set_complete_callback
 .text.usbd_control_set_request
                0x10005c78       0x1c CMakeFiles/InertialMeasurementUnit.dir/Users/alexandruchiriac/src/pico-sdk/lib/tinyusb/src/device/usbd_control.c.obj
                0x10005c78                usbd_control_set_request
 .text.usbd_control_xfer_cb
                0x10005c94       0xf4 CMakeFiles/InertialMeasurementUnit.dir/Users/alexandruchiriac/src/pico-sdk/lib/tinyusb/src/device/usbd_control.c.obj
                0x10005c94                usbd_control_xfer_cb
 .text.tud_cdc_n_connected
                0x10005d88       0x30 CMakeFiles/InertialMeasurementUnit.dir/Users/alexandruchiriac/src/pico-sdk/lib/tinyusb/src/class/cdc/cdc_device.c.obj
                0x10005d88                tud_cdc_n_connected
 .text.tud_cdc_n_available
                0x10005db8       0x18 CMakeFiles/InertialMeasurementUnit.dir/Users/alexandruchiriac/src/pico-sdk/lib/tinyusb/src/class/cdc/cdc_device.c.obj
                0x10005db8                tud_cdc_n_available
 .text.tud_cdc_n_read
                0x10005dd0       0x70 CMakeFiles/InertialMeasurementUnit.dir/Users/alexandruchiriac/src/pico-sdk/lib/tinyusb/src/class/cdc/cdc_device.c.obj
                0x10005dd0                tud_cdc_n_read
 .text.tud_cdc_n_write_flush
                0x10005e40       0x78 CMakeFiles/InertialMeasurementUnit.dir/Users/alexandruchiriac/src/pico-sdk/lib/tinyusb/src/class/cdc/cdc_device.c.obj
                0x10005e40                tud_cdc_n_write_flush
 .text.tud_cdc_n_write
                0x10005eb8       0x34 CMakeFiles/InertialMeasurementUnit.dir/Users/alexandruchiriac/src/pico-sdk/lib/tinyusb/src/class/cdc/cdc_device.c.obj
                0x10005eb8                tud_cdc_n_write
 .text.tud_cdc_n_write_available
                0x10005eec       0x18 CMakeFiles/InertialMeasurementUnit.dir/Users/alexandruchiriac/src/pico-sdk/lib/tinyusb/src/class/cdc/cdc_device.c.obj
                0x10005eec                tud_cdc_n_write_available
 .text.cdcd_init
                0x10005f04       0x7c CMakeFiles/InertialMeasurementUnit.dir/Users/alexandruchiriac/src/pico-sdk/lib/tinyusb/src/class/cdc/cdc_device.c.obj
                0x10005f04                cdcd_init
 .text.cdcd_reset
                0x10005f80       0x2c CMakeFiles/InertialMeasurementUnit.dir/Users/alexandruchiriac/src/pico-sdk/lib/tinyusb/src/class/cdc/cdc_device.c.obj
                0x10005f80                cdcd_reset
 .text.cdcd_open
                0x10005fac       0xe4 CMakeFiles/InertialMeasurementUnit.dir/Users/alexandruchiriac/src/pico-sdk/lib/tinyusb/src/class/cdc/cdc_device.c.obj
                0x10005fac                cdcd_open
 .text.cdcd_control_xfer_cb
                0x10006090       0xe4 CMakeFiles/InertialMeasurementUnit.dir/Users/alexandruchiriac/src/pico-sdk/lib/tinyusb/src/class/cdc/cdc_device.c.obj
                0x10006090                cdcd_control_xfer_cb
 .text.cdcd_xfer_cb
                0x10006174      0x13c CMakeFiles/InertialMeasurementUnit.dir/Users/alexandruchiriac/src/pico-sdk/lib/tinyusb/src/class/cdc/cdc_device.c.obj
                0x10006174                cdcd_xfer_cb
 .text.tusb_init
                0x100062b0        0xc CMakeFiles/InertialMeasurementUnit.dir/Users/alexandruchiriac/src/pico-sdk/lib/tinyusb/src/tusb.c.obj
                0x100062b0                tusb_init
 .text.tusb_inited
                0x100062bc        0x8 CMakeFiles/InertialMeasurementUnit.dir/Users/alexandruchiriac/src/pico-sdk/lib/tinyusb/src/tusb.c.obj
                0x100062bc                tusb_inited
 .text.tu_edpt_claim
                0x100062c4       0x50 CMakeFiles/InertialMeasurementUnit.dir/Users/alexandruchiriac/src/pico-sdk/lib/tinyusb/src/tusb.c.obj
                0x100062c4                tu_edpt_claim
 .text.tu_edpt_release
                0x10006314       0x38 CMakeFiles/InertialMeasurementUnit.dir/Users/alexandruchiriac/src/pico-sdk/lib/tinyusb/src/tusb.c.obj
                0x10006314                tu_edpt_release
 .text.tu_edpt_validate
                0x1000634c       0x7c CMakeFiles/InertialMeasurementUnit.dir/Users/alexandruchiriac/src/pico-sdk/lib/tinyusb/src/tusb.c.obj
                0x1000634c                tu_edpt_validate
 .text.tu_edpt_bind_driver
                0x100063c8       0x34 CMakeFiles/InertialMeasurementUnit.dir/Users/alexandruchiriac/src/pico-sdk/lib/tinyusb/src/tusb.c.obj
                0x100063c8                tu_edpt_bind_driver
 .text.tu_fifo_config
                0x100063fc       0x6c CMakeFiles/InertialMeasurementUnit.dir/Users/alexandruchiriac/src/pico-sdk/lib/tinyusb/src/common/tusb_fifo.c.obj
                0x100063fc                tu_fifo_config
 .text.tu_fifo_count
                0x10006468       0x2c CMakeFiles/InertialMeasurementUnit.dir/Users/alexandruchiriac/src/pico-sdk/lib/tinyusb/src/common/tusb_fifo.c.obj
                0x10006468                tu_fifo_count
 .text.tu_fifo_empty
                0x10006494       0x10 CMakeFiles/InertialMeasurementUnit.dir/Users/alexandruchiriac/src/pico-sdk/lib/tinyusb/src/common/tusb_fifo.c.obj
                0x10006494                tu_fifo_empty
 .text.tu_fifo_remaining
                0x100064a4       0x2c CMakeFiles/InertialMeasurementUnit.dir/Users/alexandruchiriac/src/pico-sdk/lib/tinyusb/src/common/tusb_fifo.c.obj
                0x100064a4                tu_fifo_remaining
 .text.tu_fifo_read
                0x100064d0       0x9c CMakeFiles/InertialMeasurementUnit.dir/Users/alexandruchiriac/src/pico-sdk/lib/tinyusb/src/common/tusb_fifo.c.obj
                0x100064d0                tu_fifo_read
 .text.tu_fifo_read_n
                0x1000656c       0xe8 CMakeFiles/InertialMeasurementUnit.dir/Users/alexandruchiriac/src/pico-sdk/lib/tinyusb/src/common/tusb_fifo.c.obj
                0x1000656c                tu_fifo_read_n
 .text.tu_fifo_write
                0x10006654       0xa8 CMakeFiles/InertialMeasurementUnit.dir/Users/alexandruchiriac/src/pico-sdk/lib/tinyusb/src/common/tusb_fifo.c.obj
                0x10006654                tu_fifo_write
 .text.tu_fifo_write_n
                0x100066fc      0x178 CMakeFiles/InertialMeasurementUnit.dir/Users/alexandruchiriac/src/pico-sdk/lib/tinyusb/src/common/tusb_fifo.c.obj
                0x100066fc                tu_fifo_write_n
 .text.tu_fifo_clear
                0x10006874       0x40 CMakeFiles/InertialMeasurementUnit.dir/Users/alexandruchiriac/src/pico-sdk/lib/tinyusb/src/common/tusb_fifo.c.obj
                0x10006874                tu_fifo_clear
 .text.tu_fifo_set_overwritable
                0x100068b4       0x48 CMakeFiles/InertialMeasurementUnit.dir/Users/alexandruchiriac/src/pico-sdk/lib/tinyusb/src/common/tusb_fifo.c.obj
                0x100068b4                tu_fifo_set_overwritable
 .text.i2c_set_baudrate
                0x100068fc       0xc4 CMakeFiles/InertialMeasurementUnit.dir/Users/alexandruchiriac/src/pico-sdk/src/rp2_common/hardware_i2c/i2c.c.obj
                0x100068fc                i2c_set_baudrate
 .text.i2c_init
                0x100069c0       0x50 CMakeFiles/InertialMeasurementUnit.dir/Users/alexandruchiriac/src/pico-sdk/src/rp2_common/hardware_i2c/i2c.c.obj
                0x100069c0                i2c_init
 .text.i2c_write_blocking
                0x10006a10       0xd0 CMakeFiles/InertialMeasurementUnit.dir/Users/alexandruchiriac/src/pico-sdk/src/rp2_common/hardware_i2c/i2c.c.obj
                0x10006a10                i2c_write_blocking
 .text.i2c_read_blocking
                0x10006ae0       0x90 CMakeFiles/InertialMeasurementUnit.dir/Users/alexandruchiriac/src/pico-sdk/src/rp2_common/hardware_i2c/i2c.c.obj
                0x10006ae0                i2c_read_blocking
 .text.cyw43_arch_set_async_context
                0x10006b70        0xc CMakeFiles/InertialMeasurementUnit.dir/Users/alexandruchiriac/src/pico-sdk/src/rp2_common/pico_cyw43_arch/cyw43_arch.c.obj
                0x10006b70                cyw43_arch_set_async_context
 .text.cyw43_arch_gpio_put
                0x10006b7c       0x14 CMakeFiles/InertialMeasurementUnit.dir/Users/alexandruchiriac/src/pico-sdk/src/rp2_common/pico_cyw43_arch/cyw43_arch.c.obj
                0x10006b7c                cyw43_arch_gpio_put
 .text.cyw43_arch_async_context
                0x10006b90        0xc CMakeFiles/InertialMeasurementUnit.dir/Users/alexandruchiriac/src/pico-sdk/src/rp2_common/pico_cyw43_arch/cyw43_arch.c.obj
                0x10006b90                cyw43_arch_async_context
 .text.cyw43_arch_init
                0x10006b9c       0x64 CMakeFiles/InertialMeasurementUnit.dir/Users/alexandruchiriac/src/pico-sdk/src/rp2_common/pico_cyw43_arch/cyw43_arch_threadsafe_background.c.obj
                0x10006b9c                cyw43_arch_init
 .text.ns_delay.constprop.0
                0x10006c00       0x20 CMakeFiles/InertialMeasurementUnit.dir/Users/alexandruchiriac/src/pico-sdk/src/rp2_common/pico_cyw43_driver/cyw43_bus_pio_spi.c.obj
 .text.cyw43_spi_deinit
                0x10006c20       0x7c CMakeFiles/InertialMeasurementUnit.dir/Users/alexandruchiriac/src/pico-sdk/src/rp2_common/pico_cyw43_driver/cyw43_bus_pio_spi.c.obj
                0x10006c20                cyw43_spi_deinit
 .text.cyw43_spi_init
                0x10006c9c      0x14c CMakeFiles/InertialMeasurementUnit.dir/Users/alexandruchiriac/src/pico-sdk/src/rp2_common/pico_cyw43_driver/cyw43_bus_pio_spi.c.obj
                0x10006c9c                cyw43_spi_init
 .text.cyw43_spi_transfer
                0x10006de8      0x3e0 CMakeFiles/InertialMeasurementUnit.dir/Users/alexandruchiriac/src/pico-sdk/src/rp2_common/pico_cyw43_driver/cyw43_bus_pio_spi.c.obj
                0x10006de8                cyw43_spi_transfer
 .text.cyw43_spi_gpio_setup
                0x100071c8       0x3c CMakeFiles/InertialMeasurementUnit.dir/Users/alexandruchiriac/src/pico-sdk/src/rp2_common/pico_cyw43_driver/cyw43_bus_pio_spi.c.obj
                0x100071c8                cyw43_spi_gpio_setup
 .text.cyw43_spi_reset
                0x10007204       0x28 CMakeFiles/InertialMeasurementUnit.dir/Users/alexandruchiriac/src/pico-sdk/src/rp2_common/pico_cyw43_driver/cyw43_bus_pio_spi.c.obj
                0x10007204                cyw43_spi_reset
 .text.read_reg_u32_swap
                0x1000722c       0x3c CMakeFiles/InertialMeasurementUnit.dir/Users/alexandruchiriac/src/pico-sdk/src/rp2_common/pico_cyw43_driver/cyw43_bus_pio_spi.c.obj
                0x1000722c                read_reg_u32_swap
 .text.cyw43_read_reg_u32
                0x10007268       0x50 CMakeFiles/InertialMeasurementUnit.dir/Users/alexandruchiriac/src/pico-sdk/src/rp2_common/pico_cyw43_driver/cyw43_bus_pio_spi.c.obj
                0x10007268                cyw43_read_reg_u32
 .text.cyw43_read_reg_u16
                0x100072b8       0x50 CMakeFiles/InertialMeasurementUnit.dir/Users/alexandruchiriac/src/pico-sdk/src/rp2_common/pico_cyw43_driver/cyw43_bus_pio_spi.c.obj
                0x100072b8                cyw43_read_reg_u16
 .text.cyw43_read_reg_u8
                0x10007308       0x50 CMakeFiles/InertialMeasurementUnit.dir/Users/alexandruchiriac/src/pico-sdk/src/rp2_common/pico_cyw43_driver/cyw43_bus_pio_spi.c.obj
                0x10007308                cyw43_read_reg_u8
 .text.write_reg_u32_swap
                0x10007358      0x1e8 CMakeFiles/InertialMeasurementUnit.dir/Users/alexandruchiriac/src/pico-sdk/src/rp2_common/pico_cyw43_driver/cyw43_bus_pio_spi.c.obj
                0x10007358                write_reg_u32_swap
 .text.cyw43_write_reg_u32
                0x10007540      0x208 CMakeFiles/InertialMeasurementUnit.dir/Users/alexandruchiriac/src/pico-sdk/src/rp2_common/pico_cyw43_driver/cyw43_bus_pio_spi.c.obj
                0x10007540                cyw43_write_reg_u32
 .text.cyw43_write_reg_u16
                0x10007748      0x208 CMakeFiles/InertialMeasurementUnit.dir/Users/alexandruchiriac/src/pico-sdk/src/rp2_common/pico_cyw43_driver/cyw43_bus_pio_spi.c.obj
                0x10007748                cyw43_write_reg_u16
 .text.cyw43_write_reg_u8
                0x10007950      0x208 CMakeFiles/InertialMeasurementUnit.dir/Users/alexandruchiriac/src/pico-sdk/src/rp2_common/pico_cyw43_driver/cyw43_bus_pio_spi.c.obj
                0x10007950                cyw43_write_reg_u8
 .text.cyw43_read_bytes
                0x10007b58       0x78 CMakeFiles/InertialMeasurementUnit.dir/Users/alexandruchiriac/src/pico-sdk/src/rp2_common/pico_cyw43_driver/cyw43_bus_pio_spi.c.obj
                0x10007b58                cyw43_read_bytes
 .text.cyw43_write_bytes
                0x10007bd0       0xc0 CMakeFiles/InertialMeasurementUnit.dir/Users/alexandruchiriac/src/pico-sdk/src/rp2_common/pico_cyw43_driver/cyw43_bus_pio_spi.c.obj
                0x10007bd0                cyw43_write_bytes
 .text.cyw43_set_backplane_window
                0x10007c90       0x68 CMakeFiles/InertialMeasurementUnit.dir/Users/alexandruchiriac/src/pico-sdk/lib/cyw43-driver/src/cyw43_ll.c.obj
 .text.cyw43_ll_parse_async_event
                0x10007cf8      0x134 CMakeFiles/InertialMeasurementUnit.dir/Users/alexandruchiriac/src/pico-sdk/lib/cyw43-driver/src/cyw43_ll.c.obj
 .text.cyw43_kso_set
                0x10007e2c       0x80 CMakeFiles/InertialMeasurementUnit.dir/Users/alexandruchiriac/src/pico-sdk/lib/cyw43-driver/src/cyw43_ll.c.obj
 .text.cyw43_ll_sdpcm_poll_device
                0x10007eac      0x238 CMakeFiles/InertialMeasurementUnit.dir/Users/alexandruchiriac/src/pico-sdk/lib/cyw43-driver/src/cyw43_ll.c.obj
 .text.cyw43_sdpcm_send_common
                0x100080e4       0xf4 CMakeFiles/InertialMeasurementUnit.dir/Users/alexandruchiriac/src/pico-sdk/lib/cyw43-driver/src/cyw43_ll.c.obj
 .text.cyw43_do_ioctl
                0x100081d8      0x110 CMakeFiles/InertialMeasurementUnit.dir/Users/alexandruchiriac/src/pico-sdk/lib/cyw43-driver/src/cyw43_ll.c.obj
 .text.cyw43_do_ioctl.constprop.0
                0x100082e8      0x108 CMakeFiles/InertialMeasurementUnit.dir/Users/alexandruchiriac/src/pico-sdk/lib/cyw43-driver/src/cyw43_ll.c.obj
 .text.cyw43_read_backplane.constprop.0
                0x100083f0       0xe4 CMakeFiles/InertialMeasurementUnit.dir/Users/alexandruchiriac/src/pico-sdk/lib/cyw43-driver/src/cyw43_ll.c.obj
 .text.reset_device_core.constprop.0
                0x100084d4      0x410 CMakeFiles/InertialMeasurementUnit.dir/Users/alexandruchiriac/src/pico-sdk/lib/cyw43-driver/src/cyw43_ll.c.obj
 .text.cyw43_ll_init
                0x100088e4       0x1c CMakeFiles/InertialMeasurementUnit.dir/Users/alexandruchiriac/src/pico-sdk/lib/cyw43-driver/src/cyw43_ll.c.obj
                0x100088e4                cyw43_ll_init
 .text.cyw43_ll_deinit
                0x10008900        0x8 CMakeFiles/InertialMeasurementUnit.dir/Users/alexandruchiriac/src/pico-sdk/lib/cyw43-driver/src/cyw43_ll.c.obj
                0x10008900                cyw43_ll_deinit
 .text.cyw43_ll_process_packets
                0x10008908       0x54 CMakeFiles/InertialMeasurementUnit.dir/Users/alexandruchiriac/src/pico-sdk/lib/cyw43-driver/src/cyw43_ll.c.obj
                0x10008908                cyw43_ll_process_packets
 .text.cyw43_ll_ioctl
                0x1000895c       0x20 CMakeFiles/InertialMeasurementUnit.dir/Users/alexandruchiriac/src/pico-sdk/lib/cyw43-driver/src/cyw43_ll.c.obj
                0x1000895c                cyw43_ll_ioctl
 .text.cyw43_ll_bus_sleep
                0x1000897c       0x34 CMakeFiles/InertialMeasurementUnit.dir/Users/alexandruchiriac/src/pico-sdk/lib/cyw43-driver/src/cyw43_ll.c.obj
                0x1000897c                cyw43_ll_bus_sleep
 .text.cyw43_ll_bus_init
                0x100089b0      0xb6c CMakeFiles/InertialMeasurementUnit.dir/Users/alexandruchiriac/src/pico-sdk/lib/cyw43-driver/src/cyw43_ll.c.obj
                0x100089b0                cyw43_ll_bus_init
 .text.cyw43_ll_wifi_get_mac
                0x1000951c       0x40 CMakeFiles/InertialMeasurementUnit.dir/Users/alexandruchiriac/src/pico-sdk/lib/cyw43-driver/src/cyw43_ll.c.obj
                0x1000951c                cyw43_ll_wifi_get_mac
 .text.cyw43_ll_wifi_set_wpa_auth
                0x1000955c       0x2c CMakeFiles/InertialMeasurementUnit.dir/Users/alexandruchiriac/src/pico-sdk/lib/cyw43-driver/src/cyw43_ll.c.obj
                0x1000955c                cyw43_ll_wifi_set_wpa_auth
 .text.cyw43_ll_wifi_rejoin
                0x10009588       0x1c CMakeFiles/InertialMeasurementUnit.dir/Users/alexandruchiriac/src/pico-sdk/lib/cyw43-driver/src/cyw43_ll.c.obj
                0x10009588                cyw43_ll_wifi_rejoin
 .text.cyw43_ll_gpio_set
                0x100095a4       0x68 CMakeFiles/InertialMeasurementUnit.dir/Users/alexandruchiriac/src/pico-sdk/lib/cyw43-driver/src/cyw43_ll.c.obj
                0x100095a4                cyw43_ll_gpio_set
 .text.cyw43_ll_has_work
                0x1000960c       0x14 CMakeFiles/InertialMeasurementUnit.dir/Users/alexandruchiriac/src/pico-sdk/lib/cyw43-driver/src/cyw43_ll.c.obj
                0x1000960c                cyw43_ll_has_work
 .text.cyw43_poll_func
                0x10009620       0xc0 CMakeFiles/InertialMeasurementUnit.dir/Users/alexandruchiriac/src/pico-sdk/lib/cyw43-driver/src/cyw43_ctrl.c.obj
 .text.cyw43_init
                0x100096e0       0x6c CMakeFiles/InertialMeasurementUnit.dir/Users/alexandruchiriac/src/pico-sdk/lib/cyw43-driver/src/cyw43_ctrl.c.obj
                0x100096e0                cyw43_init
 .text.cyw43_deinit
                0x1000974c       0x90 CMakeFiles/InertialMeasurementUnit.dir/Users/alexandruchiriac/src/pico-sdk/lib/cyw43-driver/src/cyw43_ctrl.c.obj
                0x1000974c                cyw43_deinit
 .text.cyw43_cb_read_host_interrupt_pin
                0x100097dc        0xc CMakeFiles/InertialMeasurementUnit.dir/Users/alexandruchiriac/src/pico-sdk/lib/cyw43-driver/src/cyw43_ctrl.c.obj
                0x100097dc                cyw43_cb_read_host_interrupt_pin
 .text.cyw43_cb_ensure_awake
                0x100097e8        0xc CMakeFiles/InertialMeasurementUnit.dir/Users/alexandruchiriac/src/pico-sdk/lib/cyw43-driver/src/cyw43_ctrl.c.obj
                0x100097e8                cyw43_cb_ensure_awake
 .text.cyw43_cb_process_async_event
                0x100097f4      0x214 CMakeFiles/InertialMeasurementUnit.dir/Users/alexandruchiriac/src/pico-sdk/lib/cyw43-driver/src/cyw43_ctrl.c.obj
                0x100097f4                cyw43_cb_process_async_event
 .text.cyw43_gpio_set
                0x10009a08       0xa0 CMakeFiles/InertialMeasurementUnit.dir/Users/alexandruchiriac/src/pico-sdk/lib/cyw43-driver/src/cyw43_ctrl.c.obj
                0x10009a08                cyw43_gpio_set
 .text.pio_sm_unclaim
                0x10009aa8       0x20 CMakeFiles/InertialMeasurementUnit.dir/Users/alexandruchiriac/src/pico-sdk/src/rp2_common/hardware_pio/pio.c.obj
                0x10009aa8                pio_sm_unclaim
 .text.pio_claim_unused_sm
                0x10009ac8       0x3c CMakeFiles/InertialMeasurementUnit.dir/Users/alexandruchiriac/src/pico-sdk/src/rp2_common/hardware_pio/pio.c.obj
                0x10009ac8                pio_claim_unused_sm
 .text.pio_can_add_program
                0x10009b04       0x68 CMakeFiles/InertialMeasurementUnit.dir/Users/alexandruchiriac/src/pico-sdk/src/rp2_common/hardware_pio/pio.c.obj
                0x10009b04                pio_can_add_program
 .text.pio_add_program
                0x10009b6c       0xf0 CMakeFiles/InertialMeasurementUnit.dir/Users/alexandruchiriac/src/pico-sdk/src/rp2_common/hardware_pio/pio.c.obj
                0x10009b6c                pio_add_program
 .text.pio_remove_program
                0x10009c5c       0x34 CMakeFiles/InertialMeasurementUnit.dir/Users/alexandruchiriac/src/pico-sdk/src/rp2_common/hardware_pio/pio.c.obj
                0x10009c5c                pio_remove_program
 .text.pio_sm_set_pindirs_with_mask
                0x10009c90       0xa8 CMakeFiles/InertialMeasurementUnit.dir/Users/alexandruchiriac/src/pico-sdk/src/rp2_common/hardware_pio/pio.c.obj
                0x10009c90                pio_sm_set_pindirs_with_mask
 .text.pio_sm_set_consecutive_pindirs
                0x10009d38       0xa8 CMakeFiles/InertialMeasurementUnit.dir/Users/alexandruchiriac/src/pico-sdk/src/rp2_common/hardware_pio/pio.c.obj
                0x10009d38                pio_sm_set_consecutive_pindirs
 .text.dma_channel_unclaim
                0x10009de0       0x14 CMakeFiles/InertialMeasurementUnit.dir/Users/alexandruchiriac/src/pico-sdk/src/rp2_common/hardware_dma/dma.c.obj
                0x10009de0                dma_channel_unclaim
 .text.dma_claim_unused_channel
                0x10009df4       0x24 CMakeFiles/InertialMeasurementUnit.dir/Users/alexandruchiriac/src/pico-sdk/src/rp2_common/hardware_dma/dma.c.obj
                0x10009df4                dma_claim_unused_channel
 .text.dma_channel_cleanup
                0x10009e18       0x60 CMakeFiles/InertialMeasurementUnit.dir/Users/alexandruchiriac/src/pico-sdk/src/rp2_common/hardware_dma/dma.c.obj
                0x10009e18                dma_channel_cleanup
 .text.cyw43_sleep_timeout_reached
                0x10009e78       0x10 CMakeFiles/InertialMeasurementUnit.dir/Users/alexandruchiriac/src/pico-sdk/src/rp2_common/pico_cyw43_driver/cyw43_driver.c.obj
 .text.cyw43_irq_init
                0x10009e88       0x28 CMakeFiles/InertialMeasurementUnit.dir/Users/alexandruchiriac/src/pico-sdk/src/rp2_common/pico_cyw43_driver/cyw43_driver.c.obj
                0x10009e88                cyw43_irq_init
 .text.cyw43_irq_deinit
                0x10009eb0       0x20 CMakeFiles/InertialMeasurementUnit.dir/Users/alexandruchiriac/src/pico-sdk/src/rp2_common/pico_cyw43_driver/cyw43_driver.c.obj
                0x10009eb0                cyw43_irq_deinit
 .text.cyw43_gpio_irq_handler
                0x10009ed0       0x44 CMakeFiles/InertialMeasurementUnit.dir/Users/alexandruchiriac/src/pico-sdk/src/rp2_common/pico_cyw43_driver/cyw43_driver.c.obj
 .text.cyw43_do_poll
                0x10009f14       0x70 CMakeFiles/InertialMeasurementUnit.dir/Users/alexandruchiriac/src/pico-sdk/src/rp2_common/pico_cyw43_driver/cyw43_driver.c.obj
 .text.cyw43_post_poll_hook
                0x10009f84       0x10 CMakeFiles/InertialMeasurementUnit.dir/Users/alexandruchiriac/src/pico-sdk/src/rp2_common/pico_cyw43_driver/cyw43_driver.c.obj
                0x10009f84                cyw43_post_poll_hook
 .text.cyw43_schedule_internal_poll_dispatch
                0x10009f94       0x18 CMakeFiles/InertialMeasurementUnit.dir/Users/alexandruchiriac/src/pico-sdk/src/rp2_common/pico_cyw43_driver/cyw43_driver.c.obj
                0x10009f94                cyw43_schedule_internal_poll_dispatch
 .text.cyw43_driver_init
                0x10009fac       0x38 CMakeFiles/InertialMeasurementUnit.dir/Users/alexandruchiriac/src/pico-sdk/src/rp2_common/pico_cyw43_driver/cyw43_driver.c.obj
                0x10009fac                cyw43_driver_init
 .text.cyw43_driver_deinit
                0x10009fe4       0x44 CMakeFiles/InertialMeasurementUnit.dir/Users/alexandruchiriac/src/pico-sdk/src/rp2_common/pico_cyw43_driver/cyw43_driver.c.obj
                0x10009fe4                cyw43_driver_deinit
 .text.cyw43_hal_generate_laa_mac
                0x1000a028       0x28 CMakeFiles/InertialMeasurementUnit.dir/Users/alexandruchiriac/src/pico-sdk/src/rp2_common/pico_cyw43_driver/cyw43_driver.c.obj
                0x1000a028                cyw43_hal_generate_laa_mac
 .text.cyw43_thread_enter
                0x1000a050       0x14 CMakeFiles/InertialMeasurementUnit.dir/Users/alexandruchiriac/src/pico-sdk/src/rp2_common/pico_cyw43_driver/cyw43_driver.c.obj
                0x1000a050                cyw43_thread_enter
 .text.cyw43_thread_exit
                0x1000a064       0x14 CMakeFiles/InertialMeasurementUnit.dir/Users/alexandruchiriac/src/pico-sdk/src/rp2_common/pico_cyw43_driver/cyw43_driver.c.obj
                0x1000a064                cyw43_thread_exit
 .text.cyw43_await_background_or_timeout_us
                0x1000a078       0x34 CMakeFiles/InertialMeasurementUnit.dir/Users/alexandruchiriac/src/pico-sdk/src/rp2_common/pico_cyw43_driver/cyw43_driver.c.obj
                0x1000a078                cyw43_await_background_or_timeout_us
 .text.cyw43_delay_ms
                0x1000a0ac       0x48 CMakeFiles/InertialMeasurementUnit.dir/Users/alexandruchiriac/src/pico-sdk/src/rp2_common/pico_cyw43_driver/cyw43_driver.c.obj
                0x1000a0ac                cyw43_delay_ms
 .text.cyw43_cb_tcpip_deinit
                0x1000a0f4        0x4 CMakeFiles/InertialMeasurementUnit.dir/Users/alexandruchiriac/src/pico-sdk/src/rp2_common/pico_cyw43_driver/cyw43_driver.c.obj
                0x1000a0f4                cyw43_cb_tcpip_deinit
 .text.cyw43_cb_tcpip_set_link_up
                0x1000a0f8        0xc CMakeFiles/InertialMeasurementUnit.dir/Users/alexandruchiriac/src/pico-sdk/src/rp2_common/pico_cyw43_driver/cyw43_driver.c.obj
                0x1000a0f8                cyw43_cb_tcpip_set_link_up
 .text.cyw43_cb_tcpip_set_link_down
                0x1000a104        0xc CMakeFiles/InertialMeasurementUnit.dir/Users/alexandruchiriac/src/pico-sdk/src/rp2_common/pico_cyw43_driver/cyw43_driver.c.obj
                0x1000a104                cyw43_cb_tcpip_set_link_down
 .text.cyw43_cb_process_ethernet
                0x1000a110        0xc CMakeFiles/InertialMeasurementUnit.dir/Users/alexandruchiriac/src/pico-sdk/src/rp2_common/pico_cyw43_driver/cyw43_driver.c.obj
                0x1000a110                cyw43_cb_process_ethernet
 .text.async_context_threadsafe_background_acquire_lock_blocking
                0x1000a11c        0xc CMakeFiles/InertialMeasurementUnit.dir/Users/alexandruchiriac/src/pico-sdk/src/rp2_common/pico_async_context/async_context_threadsafe_background.c.obj
 .text.alarm_handler
                0x1000a128       0x20 CMakeFiles/InertialMeasurementUnit.dir/Users/alexandruchiriac/src/pico-sdk/src/rp2_common/pico_async_context/async_context_threadsafe_background.c.obj
 .text.async_context_threadsafe_background_set_work_pending
                0x1000a148       0x1c CMakeFiles/InertialMeasurementUnit.dir/Users/alexandruchiriac/src/pico-sdk/src/rp2_common/pico_async_context/async_context_threadsafe_background.c.obj
 .text.process_under_lock
                0x1000a164       0xcc CMakeFiles/InertialMeasurementUnit.dir/Users/alexandruchiriac/src/pico-sdk/src/rp2_common/pico_async_context/async_context_threadsafe_background.c.obj
 .text.async_context_threadsafe_background_execute_sync
                0x1000a230       0x30 CMakeFiles/InertialMeasurementUnit.dir/Users/alexandruchiriac/src/pico-sdk/src/rp2_common/pico_async_context/async_context_threadsafe_background.c.obj
                0x1000a230                async_context_threadsafe_background_execute_sync
 .text.async_context_threadsafe_background_deinit
                0x1000a260       0x54 CMakeFiles/InertialMeasurementUnit.dir/Users/alexandruchiriac/src/pico-sdk/src/rp2_common/pico_async_context/async_context_threadsafe_background.c.obj
 .text.low_priority_irq_handler
                0x1000a2b4       0x3c CMakeFiles/InertialMeasurementUnit.dir/Users/alexandruchiriac/src/pico-sdk/src/rp2_common/pico_async_context/async_context_threadsafe_background.c.obj
 .text.async_context_threadsafe_background_wait_for_work_until
                0x1000a2f0        0xc CMakeFiles/InertialMeasurementUnit.dir/Users/alexandruchiriac/src/pico-sdk/src/rp2_common/pico_async_context/async_context_threadsafe_background.c.obj
 .text.async_context_threadsafe_background_wait_until
                0x1000a2fc       0x1c CMakeFiles/InertialMeasurementUnit.dir/Users/alexandruchiriac/src/pico-sdk/src/rp2_common/pico_async_context/async_context_threadsafe_background.c.obj
 .text.async_context_threadsafe_background_lock_check
                0x1000a318       0x28 CMakeFiles/InertialMeasurementUnit.dir/Users/alexandruchiriac/src/pico-sdk/src/rp2_common/pico_async_context/async_context_threadsafe_background.c.obj
 .text.async_context_threadsafe_background_release_lock
                0x1000a340       0x1c CMakeFiles/InertialMeasurementUnit.dir/Users/alexandruchiriac/src/pico-sdk/src/rp2_common/pico_async_context/async_context_threadsafe_background.c.obj
 .text.async_context_threadsafe_background_add_at_time_worker
                0x1000a35c       0x34 CMakeFiles/InertialMeasurementUnit.dir/Users/alexandruchiriac/src/pico-sdk/src/rp2_common/pico_async_context/async_context_threadsafe_background.c.obj
 .text.async_context_threadsafe_background_remove_at_time_worker
                0x1000a390       0x34 CMakeFiles/InertialMeasurementUnit.dir/Users/alexandruchiriac/src/pico-sdk/src/rp2_common/pico_async_context/async_context_threadsafe_background.c.obj
 .text.async_context_threadsafe_background_add_when_pending_worker
                0x1000a3c4       0x34 CMakeFiles/InertialMeasurementUnit.dir/Users/alexandruchiriac/src/pico-sdk/src/rp2_common/pico_async_context/async_context_threadsafe_background.c.obj
 .text.async_context_threadsafe_background_when_pending_worker
                0x1000a3f8       0x34 CMakeFiles/InertialMeasurementUnit.dir/Users/alexandruchiriac/src/pico-sdk/src/rp2_common/pico_async_context/async_context_threadsafe_background.c.obj
 .text.async_context_threadsafe_background_default_config
                0x1000a42c        0xc CMakeFiles/InertialMeasurementUnit.dir/Users/alexandruchiriac/src/pico-sdk/src/rp2_common/pico_async_context/async_context_threadsafe_background.c.obj
                0x1000a42c                async_context_threadsafe_background_default_config
 .text.async_context_threadsafe_background_init
                0x1000a438       0x8c CMakeFiles/InertialMeasurementUnit.dir/Users/alexandruchiriac/src/pico-sdk/src/rp2_common/pico_async_context/async_context_threadsafe_background.c.obj
                0x1000a438                async_context_threadsafe_background_init
 .text.async_context_base_add_at_time_worker
                0x1000a4c4       0x24 CMakeFiles/InertialMeasurementUnit.dir/Users/alexandruchiriac/src/pico-sdk/src/rp2_common/pico_async_context/async_context_base.c.obj
                0x1000a4c4                async_context_base_add_at_time_worker
 .text.async_context_base_remove_at_time_worker
                0x1000a4e8       0x28 CMakeFiles/InertialMeasurementUnit.dir/Users/alexandruchiriac/src/pico-sdk/src/rp2_common/pico_async_context/async_context_base.c.obj
                0x1000a4e8                async_context_base_remove_at_time_worker
 .text.async_context_base_add_when_pending_worker
                0x1000a510       0x24 CMakeFiles/InertialMeasurementUnit.dir/Users/alexandruchiriac/src/pico-sdk/src/rp2_common/pico_async_context/async_context_base.c.obj
                0x1000a510                async_context_base_add_when_pending_worker
 .text.async_context_base_remove_when_pending_worker
                0x1000a534       0x28 CMakeFiles/InertialMeasurementUnit.dir/Users/alexandruchiriac/src/pico-sdk/src/rp2_common/pico_async_context/async_context_base.c.obj
                0x1000a534                async_context_base_remove_when_pending_worker
 .text.async_context_base_execute_once
                0x1000a55c      0x108 CMakeFiles/InertialMeasurementUnit.dir/Users/alexandruchiriac/src/pico-sdk/src/rp2_common/pico_async_context/async_context_base.c.obj
                0x1000a55c                async_context_base_execute_once
 .text.memmove  0x1000a664       0xb0 /Applications/ArmGNUToolchain/13.2.Rel1/arm-none-eabi/bin/../lib/gcc/arm-none-eabi/13.2.1/../../../../arm-none-eabi/lib/thumb/v6-m/nofp/libc.a(libc_a-memmove.o)
                0x1000a664                memmove
 .text.strncmp  0x1000a714       0x74 /Applications/ArmGNUToolchain/13.2.Rel1/arm-none-eabi/bin/../lib/gcc/arm-none-eabi/13.2.1/../../../../arm-none-eabi/lib/thumb/v6-m/nofp/libc.a(libc_a-strncmp.o)
                0x1000a714                strncmp
 .text.strlen   0x1000a788       0x5c /Applications/ArmGNUToolchain/13.2.Rel1/arm-none-eabi/bin/../lib/gcc/arm-none-eabi/13.2.1/../../../../arm-none-eabi/lib/thumb/v6-m/nofp/libc.a(libc_a-strlen-stub.o)
                0x1000a788                strlen
 *(.fini)
 .fini          0x1000a7e4        0x4 /Applications/ArmGNUToolchain/13.2.Rel1/arm-none-eabi/bin/../lib/gcc/arm-none-eabi/13.2.1/thumb/v6-m/nofp/crti.o
                0x1000a7e4                _fini
 .fini.__stub   0x1000a7e8      0x110 linker stubs
 *crtbegin.o(.ctors)
 *crtbegin?.o(.ctors)
 *(EXCLUDE_FILE(*crtend.o *crtend?.o) .ctors)
 *(SORT_BY_NAME(.ctors.*))
 *(.ctors)
 *crtbegin.o(.dtors)
 *crtbegin?.o(.dtors)
 *(EXCLUDE_FILE(*crtend.o *crtend?.o) .dtors)
 *(SORT_BY_NAME(.dtors.*))
 *(.dtors)
 *(.eh_frame*)
 .eh_frame      0x1000a8f8        0x0 /Applications/ArmGNUToolchain/13.2.Rel1/arm-none-eabi/bin/../lib/gcc/arm-none-eabi/13.2.1/thumb/v6-m/nofp/crtbegin.o
                0x1000a8f8                        . = ALIGN (0x4)

.glue_7         0x1000a8f8        0x0
 .glue_7        0x1000a8f8        0x0 linker stubs

.glue_7t        0x1000a8f8        0x0
 .glue_7t       0x1000a8f8        0x0 linker stubs

.vfp11_veneer   0x1000a8f8        0x0
 .vfp11_veneer  0x1000a8f8        0x0 linker stubs

.v4_bx          0x1000a8f8        0x0
 .v4_bx         0x1000a8f8        0x0 linker stubs

.iplt           0x1000a8f8        0x0
 .iplt          0x1000a8f8        0x0 /Applications/ArmGNUToolchain/13.2.Rel1/arm-none-eabi/bin/../lib/gcc/arm-none-eabi/13.2.1/thumb/v6-m/nofp/crtbegin.o

.rodata         0x1000a8f8    0x37f04
 *(EXCLUDE_FILE(*libm.a: *libc.a:*lib_a-mem*.o *libgcc.a:) .rodata*)
 .rodata.ak8963Start.str1.4
                0x1000a8f8      0x5f0 CMakeFiles/InertialMeasurementUnit.dir/InertialMeasurementUnit.c.obj
                                  0x6 (size before relaxing)
 .rodata.main.str1.4
                0x1000aee8       0xbc CMakeFiles/InertialMeasurementUnit.dir/InertialMeasurementUnit.c.obj
 .rodata.spin_lock_claim_unused.str1.4
                0x1000aee8       0x1b CMakeFiles/InertialMeasurementUnit.dir/Users/alexandruchiriac/src/pico-sdk/src/rp2_common/hardware_sync/sync.c.obj
 .rodata.user_irq_claim_unused.str1.4
                0x1000aee8       0x1b CMakeFiles/InertialMeasurementUnit.dir/Users/alexandruchiriac/src/pico-sdk/src/rp2_common/hardware_irq/irq.c.obj
 .rodata.at_the_end_of_time
                0x1000aee8        0x8 CMakeFiles/InertialMeasurementUnit.dir/Users/alexandruchiriac/src/pico-sdk/src/common/pico_time/time.c.obj
                0x1000aee8                at_the_end_of_time
 .rodata.hardware_alarm_claim.str1.4
                0x1000aef0       0x22 CMakeFiles/InertialMeasurementUnit.dir/Users/alexandruchiriac/src/pico-sdk/src/rp2_common/hardware_timer/timer.c.obj
 .rodata.panic.str1.4
                0x1000aef0       0x12 CMakeFiles/InertialMeasurementUnit.dir/Users/alexandruchiriac/src/pico-sdk/src/rp2_common/pico_runtime/runtime.c.obj
 .rodata.hard_assertion_failure.str1.4
                0x1000aef0        0xc CMakeFiles/InertialMeasurementUnit.dir/Users/alexandruchiriac/src/pico-sdk/src/rp2_common/pico_runtime/runtime.c.obj
 .rodata._ftoa.str1.4
                0x1000aef0       0x15 CMakeFiles/InertialMeasurementUnit.dir/Users/alexandruchiriac/src/pico-sdk/src/rp2_common/pico_printf/printf.c.obj
 .rodata._vsnprintf
                0x1000aef0      0x19c CMakeFiles/InertialMeasurementUnit.dir/Users/alexandruchiriac/src/pico-sdk/src/rp2_common/pico_printf/printf.c.obj
 *fill*         0x1000b08c        0x4 
 .rodata.pow10.0
                0x1000b090       0x50 CMakeFiles/InertialMeasurementUnit.dir/Users/alexandruchiriac/src/pico-sdk/src/rp2_common/pico_printf/printf.c.obj
 .rodata.missing_double_func_shim.str1.4
                0x1000b0e0       0x18 CMakeFiles/InertialMeasurementUnit.dir/Users/alexandruchiriac/src/pico-sdk/src/rp2_common/pico_double/double_init_rom.c.obj
 .rodata.missing_float_func_shim.str1.4
                0x1000b0e0        0x1 CMakeFiles/InertialMeasurementUnit.dir/Users/alexandruchiriac/src/pico-sdk/src/rp2_common/pico_float/float_init_rom.c.obj
 .rodata.str1.4
                0x1000b0e0       0x50 CMakeFiles/InertialMeasurementUnit.dir/Users/alexandruchiriac/src/pico-sdk/src/rp2_common/pico_standard_link/binary_info.c.obj
 .rodata.__bi_81
                0x1000b0e0        0xc CMakeFiles/InertialMeasurementUnit.dir/Users/alexandruchiriac/src/pico-sdk/src/rp2_common/pico_standard_link/binary_info.c.obj
 .rodata.__bi_75
                0x1000b0ec        0xc CMakeFiles/InertialMeasurementUnit.dir/Users/alexandruchiriac/src/pico-sdk/src/rp2_common/pico_standard_link/binary_info.c.obj
 .rodata.__bi_56
                0x1000b0f8        0xc CMakeFiles/InertialMeasurementUnit.dir/Users/alexandruchiriac/src/pico-sdk/src/rp2_common/pico_standard_link/binary_info.c.obj
 .rodata.__bi_44
                0x1000b104        0xc CMakeFiles/InertialMeasurementUnit.dir/Users/alexandruchiriac/src/pico-sdk/src/rp2_common/pico_standard_link/binary_info.c.obj
 .rodata.crlf_str.0
                0x1000b110        0x2 CMakeFiles/InertialMeasurementUnit.dir/Users/alexandruchiriac/src/pico-sdk/src/rp2_common/pico_stdio/stdio.c.obj
 *fill*         0x1000b112        0x2 
 .rodata._resetd_driver
                0x1000b114       0x18 CMakeFiles/InertialMeasurementUnit.dir/Users/alexandruchiriac/src/pico-sdk/src/rp2_common/pico_stdio_usb/reset_interface.c.obj
 .rodata.str1.4
                0x1000b12c       0x13 CMakeFiles/InertialMeasurementUnit.dir/Users/alexandruchiriac/src/pico-sdk/src/rp2_common/pico_stdio_usb/stdio_usb.c.obj
 .rodata.__bi_182.0
                0x1000b12c        0xc CMakeFiles/InertialMeasurementUnit.dir/Users/alexandruchiriac/src/pico-sdk/src/rp2_common/pico_stdio_usb/stdio_usb.c.obj
 .rodata.str1.4
                0x1000b138       0x2a CMakeFiles/InertialMeasurementUnit.dir/Users/alexandruchiriac/src/pico-sdk/src/rp2_common/pico_stdio_usb/stdio_usb_descriptors.c.obj
 .rodata.usbd_desc_str
                0x1000b138       0x18 CMakeFiles/InertialMeasurementUnit.dir/Users/alexandruchiriac/src/pico-sdk/src/rp2_common/pico_stdio_usb/stdio_usb_descriptors.c.obj
 .rodata.usbd_desc_cfg
                0x1000b150       0x54 CMakeFiles/InertialMeasurementUnit.dir/Users/alexandruchiriac/src/pico-sdk/src/rp2_common/pico_stdio_usb/stdio_usb_descriptors.c.obj
 .rodata.usbd_desc_device
                0x1000b1a4       0x12 CMakeFiles/InertialMeasurementUnit.dir/Users/alexandruchiriac/src/pico-sdk/src/rp2_common/pico_stdio_usb/stdio_usb_descriptors.c.obj
 .rodata.str1.4
                0x1000b1b6       0x14 CMakeFiles/InertialMeasurementUnit.dir/Users/alexandruchiriac/src/pico-sdk/lib/tinyusb/src/portable/raspberrypi/rp2040/dcd_rp2040.c.obj
 .rodata.str1.4
                0x1000b1b6       0x53 CMakeFiles/InertialMeasurementUnit.dir/Users/alexandruchiriac/src/pico-sdk/lib/tinyusb/src/portable/raspberrypi/rp2040/rp2040_usb.c.obj
 *fill*         0x1000b1b6        0x2 
 .rodata.tud_task_ext
                0x1000b1b8       0x8c CMakeFiles/InertialMeasurementUnit.dir/Users/alexandruchiriac/src/pico-sdk/lib/tinyusb/src/device/usbd.c.obj
 .rodata._usbd_driver
                0x1000b244       0x18 CMakeFiles/InertialMeasurementUnit.dir/Users/alexandruchiriac/src/pico-sdk/lib/tinyusb/src/device/usbd.c.obj
 .rodata.cyw43_read_bytes.str1.4
                0x1000b25c       0x1a CMakeFiles/InertialMeasurementUnit.dir/Users/alexandruchiriac/src/pico-sdk/src/rp2_common/pico_cyw43_driver/cyw43_bus_pio_spi.c.obj
 .rodata.cyw43_write_bytes.str1.4
                0x1000b25c        0xd CMakeFiles/InertialMeasurementUnit.dir/Users/alexandruchiriac/src/pico-sdk/src/rp2_common/pico_cyw43_driver/cyw43_bus_pio_spi.c.obj
 .rodata.spi_gap01_sample0_program
                0x1000b25c        0x6 CMakeFiles/InertialMeasurementUnit.dir/Users/alexandruchiriac/src/pico-sdk/src/rp2_common/pico_cyw43_driver/cyw43_bus_pio_spi.c.obj
 *fill*         0x1000b262        0x2 
 .rodata.spi_gap01_sample0_program_instructions
                0x1000b264        0xc CMakeFiles/InertialMeasurementUnit.dir/Users/alexandruchiriac/src/pico-sdk/src/rp2_common/pico_cyw43_driver/cyw43_bus_pio_spi.c.obj
 .rodata.cyw43_kso_set.str1.4
                0x1000b270       0x23 CMakeFiles/InertialMeasurementUnit.dir/Users/alexandruchiriac/src/pico-sdk/lib/cyw43-driver/src/cyw43_ll.c.obj
 .rodata.cyw43_ll_sdpcm_poll_device.str1.4
                0x1000b270       0x55 CMakeFiles/InertialMeasurementUnit.dir/Users/alexandruchiriac/src/pico-sdk/lib/cyw43-driver/src/cyw43_ll.c.obj
 .rodata.cyw43_sdpcm_send_common.str1.4
                0x1000b270       0x22 CMakeFiles/InertialMeasurementUnit.dir/Users/alexandruchiriac/src/pico-sdk/lib/cyw43-driver/src/cyw43_ll.c.obj
 .rodata.cyw43_do_ioctl.str1.4
                0x1000b270       0x53 CMakeFiles/InertialMeasurementUnit.dir/Users/alexandruchiriac/src/pico-sdk/lib/cyw43-driver/src/cyw43_ll.c.obj
 .rodata.reset_device_core.constprop.0.str1.4
                0x1000b270       0x1a CMakeFiles/InertialMeasurementUnit.dir/Users/alexandruchiriac/src/pico-sdk/lib/cyw43-driver/src/cyw43_ll.c.obj
 .rodata.cyw43_ll_bus_init.str1.4
                0x1000b270       0xfe CMakeFiles/InertialMeasurementUnit.dir/Users/alexandruchiriac/src/pico-sdk/lib/cyw43-driver/src/cyw43_ll.c.obj
 .rodata.cyw43_ll_gpio_set.str1.4
                0x1000b270        0x8 CMakeFiles/InertialMeasurementUnit.dir/Users/alexandruchiriac/src/pico-sdk/lib/cyw43-driver/src/cyw43_ll.c.obj
 .rodata.w43439A0_7_95_49_00_combined
                0x1000b270    0x36fd8 CMakeFiles/InertialMeasurementUnit.dir/Users/alexandruchiriac/src/pico-sdk/lib/cyw43-driver/src/cyw43_ll.c.obj
 .rodata.wifi_nvram_4343
                0x10042248      0x2e7 CMakeFiles/InertialMeasurementUnit.dir/Users/alexandruchiriac/src/pico-sdk/lib/cyw43-driver/src/cyw43_ll.c.obj
 *fill*         0x1004252f        0x1 
 .rodata        0x10042530       0x72 CMakeFiles/InertialMeasurementUnit.dir/Users/alexandruchiriac/src/pico-sdk/lib/cyw43-driver/src/cyw43_ll.c.obj
 .rodata.cyw43_cb_process_async_event.str1.4
                0x100425a2       0x28 CMakeFiles/InertialMeasurementUnit.dir/Users/alexandruchiriac/src/pico-sdk/lib/cyw43-driver/src/cyw43_ctrl.c.obj
 *fill*         0x100425a2        0x2 
 .rodata.cyw43_cb_process_async_event
                0x100425a4       0xbc CMakeFiles/InertialMeasurementUnit.dir/Users/alexandruchiriac/src/pico-sdk/lib/cyw43-driver/src/cyw43_ctrl.c.obj
 .rodata.str1.4
                0x10042660       0x9e CMakeFiles/InertialMeasurementUnit.dir/Users/alexandruchiriac/src/pico-sdk/lib/cyw43-driver/src/cyw43_ctrl.c.obj
 .rodata.cyw43_async_event_name_table
                0x10042660      0x164 CMakeFiles/InertialMeasurementUnit.dir/Users/alexandruchiriac/src/pico-sdk/lib/cyw43-driver/src/cyw43_ctrl.c.obj
 .rodata.pio_claim_unused_sm.str1.4
                0x100427c4       0x24 CMakeFiles/InertialMeasurementUnit.dir/Users/alexandruchiriac/src/pico-sdk/src/rp2_common/hardware_pio/pio.c.obj
 .rodata.pio_add_program.str1.4
                0x100427c4       0x11 CMakeFiles/InertialMeasurementUnit.dir/Users/alexandruchiriac/src/pico-sdk/src/rp2_common/hardware_pio/pio.c.obj
 .rodata.dma_claim_unused_channel.str1.4
                0x100427c4       0x1e CMakeFiles/InertialMeasurementUnit.dir/Users/alexandruchiriac/src/pico-sdk/src/rp2_common/hardware_dma/dma.c.obj
 .rodata.cyw43_cb_tcpip_set_link_up.str1.4
                0x100427c4       0x20 CMakeFiles/InertialMeasurementUnit.dir/Users/alexandruchiriac/src/pico-sdk/src/rp2_common/pico_cyw43_driver/cyw43_driver.c.obj
 .rodata.async_context_threadsafe_background_lock_check.str1.4
                0x100427c4       0x20 CMakeFiles/InertialMeasurementUnit.dir/Users/alexandruchiriac/src/pico-sdk/src/rp2_common/pico_async_context/async_context_threadsafe_background.c.obj
 .rodata.template
                0x100427c4       0x38 CMakeFiles/InertialMeasurementUnit.dir/Users/alexandruchiriac/src/pico-sdk/src/rp2_common/pico_async_context/async_context_threadsafe_background.c.obj
                0x100427fc                        . = ALIGN (0x4)
 *(SORT_BY_ALIGNMENT(SORT_BY_NAME(.flashdata*)))
                0x100427fc                        . = ALIGN (0x4)

.ARM.extab
 *(.ARM.extab* .gnu.linkonce.armextab.*)
                0x100427fc                        __exidx_start = .

.ARM.exidx
 *(.ARM.exidx* .gnu.linkonce.armexidx.*)
                0x100427fc                        __exidx_end = .
                0x100427fc                        . = ALIGN (0x4)
                0x100427fc                        __binary_info_start = .

.binary_info    0x100427fc       0x24
 *(.binary_info.keep.*)
 .binary_info.keep.__bi_ptr81
                0x100427fc        0x4 CMakeFiles/InertialMeasurementUnit.dir/Users/alexandruchiriac/src/pico-sdk/src/rp2_common/pico_standard_link/binary_info.c.obj
 .binary_info.keep.__bi_ptr75
                0x10042800        0x4 CMakeFiles/InertialMeasurementUnit.dir/Users/alexandruchiriac/src/pico-sdk/src/rp2_common/pico_standard_link/binary_info.c.obj
 .binary_info.keep.__bi_ptr56
                0x10042804        0x4 CMakeFiles/InertialMeasurementUnit.dir/Users/alexandruchiriac/src/pico-sdk/src/rp2_common/pico_standard_link/binary_info.c.obj
 .binary_info.keep.__bi_ptr50
                0x10042808        0x4 CMakeFiles/InertialMeasurementUnit.dir/Users/alexandruchiriac/src/pico-sdk/src/rp2_common/pico_standard_link/binary_info.c.obj
 .binary_info.keep.__bi_ptr44
                0x1004280c        0x4 CMakeFiles/InertialMeasurementUnit.dir/Users/alexandruchiriac/src/pico-sdk/src/rp2_common/pico_standard_link/binary_info.c.obj
 .binary_info.keep.__bi_ptr38
                0x10042810        0x4 CMakeFiles/InertialMeasurementUnit.dir/Users/alexandruchiriac/src/pico-sdk/src/rp2_common/pico_standard_link/binary_info.c.obj
 .binary_info.keep.__bi_ptr30
                0x10042814        0x4 CMakeFiles/InertialMeasurementUnit.dir/Users/alexandruchiriac/src/pico-sdk/src/rp2_common/pico_standard_link/binary_info.c.obj
 .binary_info.keep.__bi_ptr22
                0x10042818        0x4 CMakeFiles/InertialMeasurementUnit.dir/Users/alexandruchiriac/src/pico-sdk/src/rp2_common/pico_standard_link/binary_info.c.obj
 *(.binary_info.*)
 .binary_info.__bi_ptr182
                0x1004281c        0x4 CMakeFiles/InertialMeasurementUnit.dir/Users/alexandruchiriac/src/pico-sdk/src/rp2_common/pico_stdio_usb/stdio_usb.c.obj
                0x10042820                        __binary_info_end = .

.rel.dyn        0x10042820        0x0
 .rel.iplt      0x10042820        0x0 /Applications/ArmGNUToolchain/13.2.Rel1/arm-none-eabi/bin/../lib/gcc/arm-none-eabi/13.2.1/thumb/v6-m/nofp/crtbegin.o
                0x10042820                        . = ALIGN (0x4)

.ram_vector_table
                0x20000000       0xc0
 *(.ram_vector_table)
 .ram_vector_table
                0x20000000       0xc0 CMakeFiles/InertialMeasurementUnit.dir/Users/alexandruchiriac/src/pico-sdk/src/rp2_common/pico_runtime/runtime.c.obj
                0x20000000                ram_vector_table

.data           0x200000c0      0xff0 load address 0x10042820
                0x200000c0                        __data_start__ = .
 *(vtable)
 *(.time_critical*)
 .time_critical.sem_acquire_block_until
                0x200000c0       0x68 CMakeFiles/InertialMeasurementUnit.dir/Users/alexandruchiriac/src/pico-sdk/src/common/pico_sync/sem.c.obj
                0x200000c0                sem_acquire_block_until
 .time_critical.sem_release
                0x20000128       0x4c CMakeFiles/InertialMeasurementUnit.dir/Users/alexandruchiriac/src/pico-sdk/src/common/pico_sync/sem.c.obj
                0x20000128                sem_release
 .time_critical.recursive_mutex_enter_blocking
                0x20000174       0x50 CMakeFiles/InertialMeasurementUnit.dir/Users/alexandruchiriac/src/pico-sdk/src/common/pico_sync/mutex.c.obj
                0x20000174                recursive_mutex_enter_blocking
 .time_critical.mutex_try_enter
                0x200001c4       0x40 CMakeFiles/InertialMeasurementUnit.dir/Users/alexandruchiriac/src/pico-sdk/src/common/pico_sync/mutex.c.obj
                0x200001c4                mutex_try_enter
 .time_critical.mutex_try_enter_block_until
                0x20000204       0x9c CMakeFiles/InertialMeasurementUnit.dir/Users/alexandruchiriac/src/pico-sdk/src/common/pico_sync/mutex.c.obj
                0x20000204                mutex_try_enter_block_until
 .time_critical.recursive_mutex_try_enter
                0x200002a0       0x50 CMakeFiles/InertialMeasurementUnit.dir/Users/alexandruchiriac/src/pico-sdk/src/common/pico_sync/mutex.c.obj
                0x200002a0                recursive_mutex_try_enter
 .time_critical.mutex_enter_timeout_ms
                0x200002f0       0x90 CMakeFiles/InertialMeasurementUnit.dir/Users/alexandruchiriac/src/pico-sdk/src/common/pico_sync/mutex.c.obj
                0x200002f0                mutex_enter_timeout_ms
 .time_critical.mutex_exit
                0x20000380       0x28 CMakeFiles/InertialMeasurementUnit.dir/Users/alexandruchiriac/src/pico-sdk/src/common/pico_sync/mutex.c.obj
                0x20000380                mutex_exit
 .time_critical.recursive_mutex_exit