Archive member included to satisfy reference by file (symbol)

/Applications/ArmGNUToolchain/13.2.Rel1/arm-none-eabi/bin/../lib/gcc/arm-none-eabi/13.2.1/thumb/v6-m/nofp/libgcc.a(_dvmd_tls.o)
                              CMakeFiles/InertialMeasurementUnit.dir/Users/alexandruchiriac/src/pico-sdk/src/rp2_common/pico_divider/divider.S.obj (__aeabi_idiv0)
/Applications/ArmGNUToolchain/13.2.Rel1/arm-none-eabi/bin/../lib/gcc/arm-none-eabi/13.2.1/../../../../arm-none-eabi/lib/thumb/v6-m/nofp/libc.a(libc_a-calloc.o)
                              CMakeFiles/InertialMeasurementUnit.dir/Users/alexandruchiriac/src/pico-sdk/src/rp2_common/pico_malloc/pico_malloc.c.obj (calloc)
/Applications/ArmGNUToolchain/13.2.Rel1/arm-none-eabi/bin/../lib/gcc/arm-none-eabi/13.2.1/../../../../arm-none-eabi/lib/thumb/v6-m/nofp/libc.a(libc_a-callocr.o)
                              /Applications/ArmGNUToolchain/13.2.Rel1/arm-none-eabi/bin/../lib/gcc/arm-none-eabi/13.2.1/../../../../arm-none-eabi/lib/thumb/v6-m/nofp/libc.a(libc_a-calloc.o) (_calloc_r)
/Applications/ArmGNUToolchain/13.2.Rel1/arm-none-eabi/bin/../lib/gcc/arm-none-eabi/13.2.1/../../../../arm-none-eabi/lib/thumb/v6-m/nofp/libc.a(libc_a-malloc.o)
                              CMakeFiles/InertialMeasurementUnit.dir/Users/alexandruchiriac/src/pico-sdk/src/rp2_common/pico_malloc/pico_malloc.c.obj (malloc)
/Applications/ArmGNUToolchain/13.2.Rel1/arm-none-eabi/bin/../lib/gcc/arm-none-eabi/13.2.1/../../../../arm-none-eabi/lib/thumb/v6-m/nofp/libc.a(libc_a-mallocr.o)
                              /Applications/ArmGNUToolchain/13.2.Rel1/arm-none-eabi/bin/../lib/gcc/arm-none-eabi/13.2.1/../../../../arm-none-eabi/lib/thumb/v6-m/nofp/libc.a(libc_a-callocr.o) (_malloc_r)
/Applications/ArmGNUToolchain/13.2.Rel1/arm-none-eabi/bin/../lib/gcc/arm-none-eabi/13.2.1/../../../../arm-none-eabi/lib/thumb/v6-m/nofp/libc.a(libc_a-mlock.o)
                              /Applications/ArmGNUToolchain/13.2.Rel1/arm-none-eabi/bin/../lib/gcc/arm-none-eabi/13.2.1/../../../../arm-none-eabi/lib/thumb/v6-m/nofp/libc.a(libc_a-mallocr.o) (__malloc_lock)
/Applications/ArmGNUToolchain/13.2.Rel1/arm-none-eabi/bin/../lib/gcc/arm-none-eabi/13.2.1/../../../../arm-none-eabi/lib/thumb/v6-m/nofp/libc.a(libc_a-realloc.o)
                              CMakeFiles/InertialMeasurementUnit.dir/Users/alexandruchiriac/src/pico-sdk/src/rp2_common/pico_malloc/pico_malloc.c.obj (realloc)
/Applications/ArmGNUToolchain/13.2.Rel1/arm-none-eabi/bin/../lib/gcc/arm-none-eabi/13.2.1/../../../../arm-none-eabi/lib/thumb/v6-m/nofp/libc.a(libc_a-reallocr.o)
                              /Applications/ArmGNUToolchain/13.2.Rel1/arm-none-eabi/bin/../lib/gcc/arm-none-eabi/13.2.1/../../../../arm-none-eabi/lib/thumb/v6-m/nofp/libc.a(libc_a-realloc.o) (_realloc_r)
/Applications/ArmGNUToolchain/13.2.Rel1/arm-none-eabi/bin/../lib/gcc/arm-none-eabi/13.2.1/../../../../arm-none-eabi/lib/thumb/v6-m/nofp/libc.a(libc_a-memcmp.o)
                              CMakeFiles/InertialMeasurementUnit.dir/Users/alexandruchiriac/src/pico-sdk/lib/cyw43-driver/src/cyw43_ll.c.obj (memcmp)
/Applications/ArmGNUToolchain/13.2.Rel1/arm-none-eabi/bin/../lib/gcc/arm-none-eabi/13.2.1/../../../../arm-none-eabi/lib/thumb/v6-m/nofp/libc.a(libc_a-memmove.o)
                              CMakeFiles/InertialMeasurementUnit.dir/Users/alexandruchiriac/src/pico-sdk/lib/cyw43-driver/src/cyw43_ll.c.obj (memmove)
/Applications/ArmGNUToolchain/13.2.Rel1/arm-none-eabi/bin/../lib/gcc/arm-none-eabi/13.2.1/../../../../arm-none-eabi/lib/thumb/v6-m/nofp/libc.a(libc_a-strncmp.o)
                              CMakeFiles/InertialMeasurementUnit.dir/Users/alexandruchiriac/src/pico-sdk/lib/cyw43-driver/src/cyw43_ll.c.obj (strncmp)
/Applications/ArmGNUToolchain/13.2.Rel1/arm-none-eabi/bin/../lib/gcc/arm-none-eabi/13.2.1/../../../../arm-none-eabi/lib/thumb/v6-m/nofp/libc.a(libc_a-impure.o)
                              /Applications/ArmGNUToolchain/13.2.Rel1/arm-none-eabi/bin/../lib/gcc/arm-none-eabi/13.2.1/../../../../arm-none-eabi/lib/thumb/v6-m/nofp/libc.a(libc_a-calloc.o) (_impure_ptr)
/Applications/ArmGNUToolchain/13.2.Rel1/arm-none-eabi/bin/../lib/gcc/arm-none-eabi/13.2.1/../../../../arm-none-eabi/lib/thumb/v6-m/nofp/libc.a(libc_a-sbrkr.o)
                              /Applications/ArmGNUToolchain/13.2.Rel1/arm-none-eabi/bin/../lib/gcc/arm-none-eabi/13.2.1/../../../../arm-none-eabi/lib/thumb/v6-m/nofp/libc.a(libc_a-mallocr.o) (_sbrk_r)
/Applications/ArmGNUToolchain/13.2.Rel1/arm-none-eabi/bin/../lib/gcc/arm-none-eabi/13.2.1/../../../../arm-none-eabi/lib/thumb/v6-m/nofp/libc.a(libc_a-errno.o)
                              /Applications/ArmGNUToolchain/13.2.Rel1/arm-none-eabi/bin/../lib/gcc/arm-none-eabi/13.2.1/../../../../arm-none-eabi/lib/thumb/v6-m/nofp/libc.a(libc_a-callocr.o) (__errno)
/Applications/ArmGNUToolchain/13.2.Rel1/arm-none-eabi/bin/../lib/gcc/arm-none-eabi/13.2.1/../../../../arm-none-eabi/lib/thumb/v6-m/nofp/libc.a(libc_a-sysconf.o)
[...]
Memory Configuration

Name             Origin             Length             Attributes
FLASH            0x10000000         0x00200000         xr
RAM              0x20000000         0x00040000         xrw
SCRATCH_X        0x20040000         0x00001000         xrw
SCRATCH_Y        0x20041000         0x00001000         xrw
*default*        0x00000000         0xffffffff

Linker script and memory map

LOAD /Applications/ArmGNUToolchain/13.2.Rel1/arm-none-eabi/bin/../lib/gcc/arm-none-eabi/13.2.1/thumb/v6-m/nofp/crti.o
LOAD /Applications/ArmGNUToolchain/13.2.Rel1/arm-none-eabi/bin/../lib/gcc/arm-none-eabi/13.2.1/thumb/v6-m/nofp/crtbegin.o
LOAD /Applications/ArmGNUToolchain/13.2.Rel1/arm-none-eabi/bin/../lib/gcc/arm-none-eabi/13.2.1/../../../../arm-none-eabi/lib/thumb/v6-m/nofp/crt0.o

.flash_begin    0x10000000        0x0
                0x10000000                        __flash_binary_start = .

.boot2          0x10000000      0x100
                0x10000000                        __boot2_start__ = .
 *(.boot2)
 .boot2         0x10000000      0x100 /var/folders/qp/lspnqq_n48s5vw9q2m3d_7200000gn/T//ccnwBKFF.o
                0x10000100                        __boot2_end__ = .
                0x00000001                        ASSERT (((__boot2_end__ - __boot2_start__) == 0x100), ERROR: Pico second stage bootloader must be 256 bytes in size)

.text           0x10000100     0xbdf0
                0x10000100                        __logical_binary_start = .
 *(.vectors)
 .vectors       0x10000100       0xd4 CMakeFiles/InertialMeasurementUnit.dir/Users/alexandruchiriac/src/pico-sdk/src/rp2_common/pico_standard_link/crt0.S.obj
                0x10000100                __VECTOR_TABLE
                0x10000100                __vectors
                0x100001c0                __default_isrs_start
                0x100001c0                isr_invalid
                0x100001c2                isr_nmi
                0x100001c4                isr_hardfault
                0x100001c6                isr_svcall
                0x100001c8                isr_pendsv
                0x100001ca                isr_systick
                0x100001cc                isr_irq28
                0x100001cc                isr_irq19
                0x100001cc                isr_irq0
                0x100001cc                isr_irq6
                0x100001cc                isr_irq22
                0x100001cc                isr_irq17
                0x100001cc                isr_irq14
                0x100001cc                isr_irq2
                0x100001cc                isr_irq10
                0x100001cc                isr_irq8
                0x100001cc                isr_irq24
                0x100001cc                isr_irq1
                0x100001cc                isr_irq7
                0x100001cc                isr_irq21
                0x100001cc                isr_irq20
                0x100001cc                isr_irq15
                0x100001cc                isr_irq25
                0x100001cc                isr_irq4
                0x100001cc                isr_irq16
                0x100001cc                isr_irq29
                0x100001cc                isr_irq26
                0x100001cc                __default_isrs_end
                0x100001cc                isr_irq3
                0x100001cc                isr_irq9
                0x100001cc                __unhandled_user_irq
                0x100001cc                isr_irq13
                0x100001cc                isr_irq27
                0x100001cc                isr_irq31
                0x100001cc                isr_irq5
                0x100001cc                isr_irq11
                0x100001cc                isr_irq23
                0x100001cc                isr_irq18
                0x100001cc                isr_irq30
                0x100001cc                isr_irq12
                0x100001d2                unhandled_user_irq_num_in_r0
 *(.binary_info_header)
 .binary_info_header
                0x100001d4       0x14 CMakeFiles/InertialMeasurementUnit.dir/Users/alexandruchiriac/src/pico-sdk/src/rp2_common/pico_standard_link/crt0.S.obj
                0x100001e8                        __binary_info_header_end = .
 *(.reset)
 .reset         0x100001e8       0xa0 CMakeFiles/InertialMeasurementUnit.dir/Users/alexandruchiriac/src/pico-sdk/src/rp2_common/pico_standard_link/crt0.S.obj
                0x100001e8                _entry_point
 .reset         0x10000288       0x30 CMakeFiles/InertialMeasurementUnit.dir/Users/alexandruchiriac/src/pico-sdk/src/rp2_common/pico_standard_link/binary_info.c.obj
 *(.init)
 .init          0x100002b8        0x4 /Applications/ArmGNUToolchain/13.2.Rel1/arm-none-eabi/bin/../lib/gcc/arm-none-eabi/13.2.1/thumb/v6-m/nofp/crti.o
                0x100002b8                _init
 *(EXCLUDE_FILE(*libm.a: *libc.a:*lib_a-mem*.o *libgcc.a:) .text*)
 .text.register_tm_clones
                0x100002bc       0x28 /Applications/ArmGNUToolchain/13.2.Rel1/arm-none-eabi/bin/../lib/gcc/arm-none-eabi/13.2.1/thumb/v6-m/nofp/crtbegin.o
 .text.frame_dummy
                0x100002e4       0x24 /Applications/ArmGNUToolchain/13.2.Rel1/arm-none-eabi/bin/../lib/gcc/arm-none-eabi/13.2.1/thumb/v6-m/nofp/crtbegin.o
 .text.startup.main
                0x10000308      0x188 CMakeFiles/InertialMeasurementUnit.dir/InertialMeasurementUnit.c.obj
                0x10000308                main
 .text.i2c_set_up
                0x10000490       0x38 CMakeFiles/InertialMeasurementUnit.dir/i2c/i2c.c.obj
                0x10000490                i2c_set_up
 .text.i2c_set_register
                0x100004c8       0x24 CMakeFiles/InertialMeasurementUnit.dir/i2c/i2c.c.obj
                0x100004c8                i2c_set_register
 .text.i2c_scan
                0x100004ec       0x40 CMakeFiles/InertialMeasurementUnit.dir/i2c/i2c.c.obj
                0x100004ec                i2c_scan
 .text.BMP180SetUp
                0x1000052c      0x10c CMakeFiles/InertialMeasurementUnit.dir/BMP180/BMP180.c.obj
                0x1000052c                BMP180SetUp
 .text.BMPMeasure
                0x10000638      0x218 CMakeFiles/InertialMeasurementUnit.dir/BMP180/BMP180.c.obj
                0x10000638                BMPMeasure
 .text.createBarometer
                0x10000850       0x44 CMakeFiles/InertialMeasurementUnit.dir/Barometer.c.obj
                0x10000850                createBarometer
 .text.getMeasurementsBarometer
                0x10000894       0x80 CMakeFiles/InertialMeasurementUnit.dir/Barometer.c.obj
                0x10000894                getMeasurementsBarometer
 .text.gpio_set_function
                0x10000914       0x30 CMakeFiles/InertialMeasurementUnit.dir/Users/alexandruchiriac/src/pico-sdk/src/rp2_common/hardware_gpio/gpio.c.obj
                0x10000914                gpio_set_function
 .text.gpio_set_pulls
                0x10000944       0x24 CMakeFiles/InertialMeasurementUnit.dir/Users/alexandruchiriac/src/pico-sdk/src/rp2_common/hardware_gpio/gpio.c.obj
                0x10000944                gpio_set_pulls
 .text.gpio_set_input_hysteresis_enabled
                0x10000968       0x28 CMakeFiles/InertialMeasurementUnit.dir/Users/alexandruchiriac/src/pico-sdk/src/rp2_common/hardware_gpio/gpio.c.obj
                0x10000968                gpio_set_input_hysteresis_enabled
 .text.gpio_set_irq_enabled
                0x10000990       0x54 CMakeFiles/InertialMeasurementUnit.dir/Users/alexandruchiriac/src/pico-sdk/src/rp2_common/hardware_gpio/gpio.c.obj
                0x10000990                gpio_set_irq_enabled
 .text.gpio_add_raw_irq_handler_with_order_priority_masked
                0x100009e4       0x44 CMakeFiles/InertialMeasurementUnit.dir/Users/alexandruchiriac/src/pico-sdk/src/rp2_common/hardware_gpio/gpio.c.obj
                0x100009e4                gpio_add_raw_irq_handler_with_order_priority_masked
 .text.gpio_remove_raw_irq_handler_masked
                0x10000a28       0x20 CMakeFiles/InertialMeasurementUnit.dir/Users/alexandruchiriac/src/pico-sdk/src/rp2_common/hardware_gpio/gpio.c.obj
                0x10000a28                gpio_remove_raw_irq_handler_masked
 .text.gpio_init
                0x10000a48       0x3c CMakeFiles/InertialMeasurementUnit.dir/Users/alexandruchiriac/src/pico-sdk/src/rp2_common/hardware_gpio/gpio.c.obj
                0x10000a48                gpio_init
 .text.running_on_fpga
                0x10000a84       0x10 CMakeFiles/InertialMeasurementUnit.dir/Users/alexandruchiriac/src/pico-sdk/src/rp2_common/pico_platform/platform.c.obj
                0x10000a84                running_on_fpga
 .text.hw_claim_lock
                0x10000a94       0x18 CMakeFiles/InertialMeasurementUnit.dir/Users/alexandruchiriac/src/pico-sdk/src/rp2_common/hardware_claim/claim.c.obj
                0x10000a94                hw_claim_lock
 .text.hw_claim_unlock
                0x10000aac       0x14 CMakeFiles/InertialMeasurementUnit.dir/Users/alexandruchiriac/src/pico-sdk/src/rp2_common/hardware_claim/claim.c.obj
                0x10000aac                hw_claim_unlock
 .text.hw_claim_or_assert
                0x10000ac0       0x44 CMakeFiles/InertialMeasurementUnit.dir/Users/alexandruchiriac/src/pico-sdk/src/rp2_common/hardware_claim/claim.c.obj
                0x10000ac0                hw_claim_or_assert
 .text.hw_claim_unused_from_range
                0x10000b04       0x9c CMakeFiles/InertialMeasurementUnit.dir/Users/alexandruchiriac/src/pico-sdk/src/rp2_common/hardware_claim/claim.c.obj
                0x10000b04                hw_claim_unused_from_range
 .text.hw_claim_clear
                0x10000ba0       0x38 CMakeFiles/InertialMeasurementUnit.dir/Users/alexandruchiriac/src/pico-sdk/src/rp2_common/hardware_claim/claim.c.obj
                0x10000ba0                hw_claim_clear
 .text.spin_locks_reset
                0x10000bd8       0x1c CMakeFiles/InertialMeasurementUnit.dir/Users/alexandruchiriac/src/pico-sdk/src/rp2_common/hardware_sync/sync.c.obj
                0x10000bd8                spin_locks_reset
 .text.next_striped_spin_lock_num
                0x10000bf4       0x18 CMakeFiles/InertialMeasurementUnit.dir/Users/alexandruchiriac/src/pico-sdk/src/rp2_common/hardware_sync/sync.c.obj
                0x10000bf4                next_striped_spin_lock_num
 .text.spin_lock_claim_unused
                0x10000c0c       0x24 CMakeFiles/InertialMeasurementUnit.dir/Users/alexandruchiriac/src/pico-sdk/src/rp2_common/hardware_sync/sync.c.obj
                0x10000c0c                spin_lock_claim_unused
 .text.irq_set_enabled
                0x10000c30       0x24 CMakeFiles/InertialMeasurementUnit.dir/Users/alexandruchiriac/src/pico-sdk/src/rp2_common/hardware_irq/irq.c.obj
                0x10000c30                irq_set_enabled
 .text.irq_set_pending
                0x10000c54       0x10 CMakeFiles/InertialMeasurementUnit.dir/Users/alexandruchiriac/src/pico-sdk/src/rp2_common/hardware_irq/irq.c.obj
                0x10000c54                irq_set_pending
 .text.irq_has_shared_handler
                0x10000c64       0x2c CMakeFiles/InertialMeasurementUnit.dir/Users/alexandruchiriac/src/pico-sdk/src/rp2_common/hardware_irq/irq.c.obj
                0x10000c64                irq_has_shared_handler
 .text.irq_get_vtable_handler
                0x10000c90       0x10 CMakeFiles/InertialMeasurementUnit.dir/Users/alexandruchiriac/src/pico-sdk/src/rp2_common/hardware_irq/irq.c.obj
                0x10000c90                irq_get_vtable_handler
 .text.irq_set_exclusive_handler
                0x10000ca0       0x54 CMakeFiles/InertialMeasurementUnit.dir/Users/alexandruchiriac/src/pico-sdk/src/rp2_common/hardware_irq/irq.c.obj
                0x10000ca0                irq_set_exclusive_handler
 .text.irq_add_shared_handler
                0x10000cf4      0x1f4 CMakeFiles/InertialMeasurementUnit.dir/Users/alexandruchiriac/src/pico-sdk/src/rp2_common/hardware_irq/irq.c.obj
                0x10000cf4                irq_add_shared_handler
 .text.irq_remove_handler
                0x10000ee8      0x1c4 CMakeFiles/InertialMeasurementUnit.dir/Users/alexandruchiriac/src/pico-sdk/src/rp2_common/hardware_irq/irq.c.obj
                0x10000ee8                irq_remove_handler
 .text.irq_set_priority
                0x100010ac       0x28 CMakeFiles/InertialMeasurementUnit.dir/Users/alexandruchiriac/src/pico-sdk/src/rp2_common/hardware_irq/irq.c.obj
                0x100010ac                irq_set_priority
 .text.irq_add_tail_to_free_list
                0x100010d4       0xb4 CMakeFiles/InertialMeasurementUnit.dir/Users/alexandruchiriac/src/pico-sdk/src/rp2_common/hardware_irq/irq.c.obj
                0x100010d4                irq_add_tail_to_free_list
 .text.irq_init_priorities
                0x10001188       0x24 CMakeFiles/InertialMeasurementUnit.dir/Users/alexandruchiriac/src/pico-sdk/src/rp2_common/hardware_irq/irq.c.obj
                0x10001188                irq_init_priorities
 .text.user_irq_unclaim
                0x100011ac       0x14 CMakeFiles/InertialMeasurementUnit.dir/Users/alexandruchiriac/src/pico-sdk/src/rp2_common/hardware_irq/irq.c.obj
                0x100011ac                user_irq_unclaim
 .text.user_irq_claim_unused
                0x100011c0       0x2c CMakeFiles/InertialMeasurementUnit.dir/Users/alexandruchiriac/src/pico-sdk/src/rp2_common/hardware_irq/irq.c.obj
                0x100011c0                user_irq_claim_unused
 .text.sem_init
                0x100011ec       0x20 CMakeFiles/InertialMeasurementUnit.dir/Users/alexandruchiriac/src/pico-sdk/src/common/pico_sync/sem.c.obj
                0x100011ec                sem_init
 .text.lock_init
                0x1000120c       0x10 CMakeFiles/InertialMeasurementUnit.dir/Users/alexandruchiriac/src/pico-sdk/src/common/pico_sync/lock_core.c.obj
                0x1000120c                lock_init
 .text.mutex_init
                0x1000121c       0x1c CMakeFiles/InertialMeasurementUnit.dir/Users/alexandruchiriac/src/pico-sdk/src/common/pico_sync/mutex.c.obj
                0x1000121c                mutex_init
 .text.recursive_mutex_init
                0x10001238       0x1c CMakeFiles/InertialMeasurementUnit.dir/Users/alexandruchiriac/src/pico-sdk/src/common/pico_sync/mutex.c.obj
                0x10001238                recursive_mutex_init
 .text.critical_section_init
                0x10001254       0x1c CMakeFiles/InertialMeasurementUnit.dir/Users/alexandruchiriac/src/pico-sdk/src/common/pico_sync/critical_section.c.obj
                0x10001254                critical_section_init
 .text.critical_section_init_with_lock_num
                0x10001270       0x14 CMakeFiles/InertialMeasurementUnit.dir/Users/alexandruchiriac/src/pico-sdk/src/common/pico_sync/critical_section.c.obj
                0x10001270                critical_section_init_with_lock_num
 .text.timer_pool_entry_comparator
                0x10001284       0x34 CMakeFiles/InertialMeasurementUnit.dir/Users/alexandruchiriac/src/pico-sdk/src/common/pico_time/time.c.obj
                0x10001284                timer_pool_entry_comparator
 .text.sleep_until_callback
                0x100012b8       0x30 CMakeFiles/InertialMeasurementUnit.dir/Users/alexandruchiriac/src/pico-sdk/src/common/pico_time/time.c.obj
 .text.add_alarm_under_lock.isra.0
                0x100012e8      0x100 CMakeFiles/InertialMeasurementUnit.dir/Users/alexandruchiriac/src/pico-sdk/src/common/pico_time/time.c.obj
 .text.alarm_pool_alarm_callback
                0x100013e8      0x1c0 CMakeFiles/InertialMeasurementUnit.dir/Users/alexandruchiriac/src/pico-sdk/src/common/pico_time/time.c.obj
 .text.alarm_pool_init_default
                0x100015a8       0x6c CMakeFiles/InertialMeasurementUnit.dir/Users/alexandruchiriac/src/pico-sdk/src/common/pico_time/time.c.obj
                0x100015a8                alarm_pool_init_default
 .text.alarm_pool_get_default
                0x10001614        0x8 CMakeFiles/InertialMeasurementUnit.dir/Users/alexandruchiriac/src/pico-sdk/src/common/pico_time/time.c.obj
                0x10001614                alarm_pool_get_default
 .text.alarm_pool_add_alarm_at
                0x1000161c      0x17c CMakeFiles/InertialMeasurementUnit.dir/Users/alexandruchiriac/src/pico-sdk/src/common/pico_time/time.c.obj
                0x1000161c                alarm_pool_add_alarm_at
 .text.alarm_pool_cancel_alarm
                0x10001798       0x70 CMakeFiles/InertialMeasurementUnit.dir/Users/alexandruchiriac/src/pico-sdk/src/common/pico_time/time.c.obj
                0x10001798                alarm_pool_cancel_alarm
 .text.alarm_pool_core_num
                0x10001808        0x4 CMakeFiles/InertialMeasurementUnit.dir/Users/alexandruchiriac/src/pico-sdk/src/common/pico_time/time.c.obj
                0x10001808                alarm_pool_core_num
 .text.sleep_until
                0x1000180c       0xc4 CMakeFiles/InertialMeasurementUnit.dir/Users/alexandruchiriac/src/pico-sdk/src/common/pico_time/time.c.obj
                0x1000180c                sleep_until
 .text.sleep_us
                0x100018d0       0x28 CMakeFiles/InertialMeasurementUnit.dir/Users/alexandruchiriac/src/pico-sdk/src/common/pico_time/time.c.obj
                0x100018d0                sleep_us
 .text.sleep_ms
                0x100018f8       0x38 CMakeFiles/InertialMeasurementUnit.dir/Users/alexandruchiriac/src/pico-sdk/src/common/pico_time/time.c.obj
                0x100018f8                sleep_ms
 .text.best_effort_wfe_or_timeout
                0x10001930       0xcc CMakeFiles/InertialMeasurementUnit.dir/Users/alexandruchiriac/src/pico-sdk/src/common/pico_time/time.c.obj
                0x10001930                best_effort_wfe_or_timeout
 .text.hardware_alarm_irq_handler
                0x100019fc       0xbc CMakeFiles/InertialMeasurementUnit.dir/Users/alexandruchiriac/src/pico-sdk/src/rp2_common/hardware_timer/timer.c.obj
 .text.hardware_alarm_claim
                0x10001ab8       0x18 CMakeFiles/InertialMeasurementUnit.dir/Users/alexandruchiriac/src/pico-sdk/src/rp2_common/hardware_timer/timer.c.obj
                0x10001ab8                hardware_alarm_claim
 .text.time_us_64
                0x10001ad0       0x14 CMakeFiles/InertialMeasurementUnit.dir/Users/alexandruchiriac/src/pico-sdk/src/rp2_common/hardware_timer/timer.c.obj
                0x10001ad0                time_us_64
 .text.busy_wait_until
                0x10001ae4       0x20 CMakeFiles/InertialMeasurementUnit.dir/Users/alexandruchiriac/src/pico-sdk/src/rp2_common/hardware_timer/timer.c.obj
                0x10001ae4                busy_wait_until
 .text.hardware_alarm_set_callback
                0x10001b04       0x8c CMakeFiles/InertialMeasurementUnit.dir/Users/alexandruchiriac/src/pico-sdk/src/rp2_common/hardware_timer/timer.c.obj
                0x10001b04                hardware_alarm_set_callback
 .text.hardware_alarm_set_target
                0x10001b90       0xd0 CMakeFiles/InertialMeasurementUnit.dir/Users/alexandruchiriac/src/pico-sdk/src/rp2_common/hardware_timer/timer.c.obj
                0x10001b90                hardware_alarm_set_target
 .text.hardware_alarm_cancel
                0x10001c60       0x3c CMakeFiles/InertialMeasurementUnit.dir/Users/alexandruchiriac/src/pico-sdk/src/rp2_common/hardware_timer/timer.c.obj
                0x10001c60                hardware_alarm_cancel
 .text.ph_merge_nodes
                0x10001c9c       0x58 CMakeFiles/InertialMeasurementUnit.dir/Users/alexandruchiriac/src/pico-sdk/src/common/pico_util/pheap.c.obj
 .text.ph_post_alloc_init
                0x10001cf4       0x3c CMakeFiles/InertialMeasurementUnit.dir/Users/alexandruchiriac/src/pico-sdk/src/common/pico_util/pheap.c.obj
                0x10001cf4                ph_post_alloc_init
 .text.ph_merge_two_pass
                0x10001d30       0x8c CMakeFiles/InertialMeasurementUnit.dir/Users/alexandruchiriac/src/pico-sdk/src/common/pico_util/pheap.c.obj
                0x10001d30                ph_merge_two_pass
 .text.ph_remove_any_head
                0x10001dbc      0x100 CMakeFiles/InertialMeasurementUnit.dir/Users/alexandruchiriac/src/pico-sdk/src/common/pico_util/pheap.c.obj
 .text.ph_remove_head
                0x10001ebc      0x104 CMakeFiles/InertialMeasurementUnit.dir/Users/alexandruchiriac/src/pico-sdk/src/common/pico_util/pheap.c.obj
                0x10001ebc                ph_remove_head
 .text.ph_remove_and_free_node
                0x10001fc0       0x78 CMakeFiles/InertialMeasurementUnit.dir/Users/alexandruchiriac/src/pico-sdk/src/common/pico_util/pheap.c.obj
                0x10001fc0                ph_remove_and_free_node
 .text.clocks_init
                0x10002038      0x2c8 CMakeFiles/InertialMeasurementUnit.dir/Users/alexandruchiriac/src/pico-sdk/src/rp2_common/hardware_clocks/clocks.c.obj
                0x10002038                clocks_init
 .text.clock_get_hz
                0x10002300        0xc CMakeFiles/InertialMeasurementUnit.dir/Users/alexandruchiriac/src/pico-sdk/src/rp2_common/hardware_clocks/clocks.c.obj
                0x10002300                clock_get_hz
 .text.pll_init
                0x1000230c       0xa4 CMakeFiles/InertialMeasurementUnit.dir/Users/alexandruchiriac/src/pico-sdk/src/rp2_common/hardware_pll/pll.c.obj
                0x1000230c                pll_init
 .text.watchdog_start_tick
                0x100023b0       0x10 CMakeFiles/InertialMeasurementUnit.dir/Users/alexandruchiriac/src/pico-sdk/src/rp2_common/hardware_watchdog/watchdog.c.obj
                0x100023b0                watchdog_start_tick
 .text.watchdog_reboot
                0x100023c0       0x9c CMakeFiles/InertialMeasurementUnit.dir/Users/alexandruchiriac/src/pico-sdk/src/rp2_common/hardware_watchdog/watchdog.c.obj
                0x100023c0                watchdog_reboot
 .text.xosc_init
                0x1000245c       0x28 CMakeFiles/InertialMeasurementUnit.dir/Users/alexandruchiriac/src/pico-sdk/src/rp2_common/hardware_xosc/xosc.c.obj
                0x1000245c                xosc_init
 .text.runtime_init
                0x10002484       0xf0 CMakeFiles/InertialMeasurementUnit.dir/Users/alexandruchiriac/src/pico-sdk/src/rp2_common/pico_runtime/runtime.c.obj
                0x10002484                runtime_init
 .text._exit    0x10002574        0x4 CMakeFiles/InertialMeasurementUnit.dir/Users/alexandruchiriac/src/pico-sdk/src/rp2_common/pico_runtime/runtime.c.obj
                0x10002574                _exit
 .text._sbrk    0x10002578       0x34 CMakeFiles/InertialMeasurementUnit.dir/Users/alexandruchiriac/src/pico-sdk/src/rp2_common/pico_runtime/runtime.c.obj
                0x10002578                _sbrk
 .text.exit     0x100025ac        0x8 CMakeFiles/InertialMeasurementUnit.dir/Users/alexandruchiriac/src/pico-sdk/src/rp2_common/pico_runtime/runtime.c.obj
                0x100025ac                exit
 .text.panic    0x100025b4       0x30 CMakeFiles/InertialMeasurementUnit.dir/Users/alexandruchiriac/src/pico-sdk/src/rp2_common/pico_runtime/runtime.c.obj
                0x100025b4                panic
 .text.hard_assertion_failure
                0x100025e4        0xc CMakeFiles/InertialMeasurementUnit.dir/Users/alexandruchiriac/src/pico-sdk/src/rp2_common/pico_runtime/runtime.c.obj
                0x100025e4                hard_assertion_failure
 .text._out_null
                0x100025f0        0x4 CMakeFiles/InertialMeasurementUnit.dir/Users/alexandruchiriac/src/pico-sdk/src/rp2_common/pico_printf/printf.c.obj
 .text._out_rev
                0x100025f4       0xac CMakeFiles/InertialMeasurementUnit.dir/Users/alexandruchiriac/src/pico-sdk/src/rp2_common/pico_printf/printf.c.obj
 .text._ntoa_format
                0x100026a0      0x250 CMakeFiles/InertialMeasurementUnit.dir/Users/alexandruchiriac/src/pico-sdk/src/rp2_common/pico_printf/printf.c.obj
 .text._out_char
                0x100028f0       0x10 CMakeFiles/InertialMeasurementUnit.dir/Users/alexandruchiriac/src/pico-sdk/src/rp2_common/pico_printf/printf.c.obj
 .text._out_fct
                0x10002900       0x10 CMakeFiles/InertialMeasurementUnit.dir/Users/alexandruchiriac/src/pico-sdk/src/rp2_common/pico_printf/printf.c.obj
 .text._etoa    0x10002910      0x464 CMakeFiles/InertialMeasurementUnit.dir/Users/alexandruchiriac/src/pico-sdk/src/rp2_common/pico_printf/printf.c.obj
 .text._ftoa    0x10002d74      0x3c0 CMakeFiles/InertialMeasurementUnit.dir/Users/alexandruchiriac/src/pico-sdk/src/rp2_common/pico_printf/printf.c.obj
 .text._vsnprintf
                0x10003134      0xbc8 CMakeFiles/InertialMeasurementUnit.dir/Users/alexandruchiriac/src/pico-sdk/src/rp2_common/pico_printf/printf.c.obj
 .text.vfctprintf
                0x10003cfc       0x20 CMakeFiles/InertialMeasurementUnit.dir/Users/alexandruchiriac/src/pico-sdk/src/rp2_common/pico_printf/printf.c.obj
                0x10003cfc                vfctprintf
 .text.weak_raw_vprintf
                0x10003d1c       0x30 CMakeFiles/InertialMeasurementUnit.dir/Users/alexandruchiriac/src/pico-sdk/src/rp2_common/pico_printf/printf.c.obj
                0x10003d1c                weak_raw_vprintf
 .text          0x10003d4c       0x10 CMakeFiles/InertialMeasurementUnit.dir/Users/alexandruchiriac/src/pico-sdk/src/rp2_common/pico_bit_ops/bit_ops_aeabi.S.obj
 .text.ctzsi    0x10003d5c        0xc CMakeFiles/InertialMeasurementUnit.dir/Users/alexandruchiriac/src/pico-sdk/src/rp2_common/pico_bit_ops/bit_ops_aeabi.S.obj
                0x10003d5c                __wrap___ctzsi2
 .text.rom_func_lookup
                0x10003d68       0x10 CMakeFiles/InertialMeasurementUnit.dir/Users/alexandruchiriac/src/pico-sdk/src/rp2_common/pico_bootrom/bootrom.c.obj
                0x10003d68                rom_func_lookup
 .text.rom_data_lookup
                0x10003d78       0x10 CMakeFiles/InertialMeasurementUnit.dir/Users/alexandruchiriac/src/pico-sdk/src/rp2_common/pico_bootrom/bootrom.c.obj
                0x10003d78                rom_data_lookup
 .text.rom_funcs_lookup
                0x10003d88       0x44 CMakeFiles/InertialMeasurementUnit.dir/Users/alexandruchiriac/src/pico-sdk/src/rp2_common/pico_bootrom/bootrom.c.obj
                0x10003d88                rom_funcs_lookup
 .text.__wrap___aeabi_idiv
                0x10003dcc       0x50 CMakeFiles/InertialMeasurementUnit.dir/Users/alexandruchiriac/src/pico-sdk/src/rp2_common/pico_divider/divider.S.obj
                0x10003dcc                __wrap___aeabi_idivmod
                0x10003dcc                divmod_s32s32
                0x10003dcc                div_s32s32
                0x10003dcc                __wrap___aeabi_idiv
                0x10003dd4                divmod_s32s32_unsafe
                0x10003e00                divmod_s32s32_savestate
 .text.__wrap___aeabi_uidiv
                0x10003e1c       0x4c CMakeFiles/InertialMeasurementUnit.dir/Users/alexandruchiriac/src/pico-sdk/src/rp2_common/pico_divider/divider.S.obj
                0x10003e1c                __wrap___aeabi_uidiv
                0x10003e1c                __wrap___aeabi_uidivmod
                0x10003e1c                div_u32u32
                0x10003e1c                divmod_u32u32
                0x10003e24                divmod_u32u32_unsafe
                0x10003e4c                divmod_u32u32_savestate
 .text.__wrap___aeabi_ldiv
                0x10003e68      0x424 CMakeFiles/InertialMeasurementUnit.dir/Users/alexandruchiriac/src/pico-sdk/src/rp2_common/pico_divider/divider.S.obj
                0x10003e68                __wrap___aeabi_ldivmod
                0x10003e68                div_s64s64
                0x10003e68                divmod_s64s64
                0x10003e98                divmod_u64u64
                0x10003e98                div_u64u64
                0x10003e98                __wrap___aeabi_uldivmod
                0x10003ea8                divmod_u64u64_savestate
                0x10003ec8                divmod_s64s64_unsafe
                0x10003f50                divmod_u64u64_unsafe
 .text.__wrap___aeabi_darithmetic
                0x1000428c       0x60 CMakeFiles/InertialMeasurementUnit.dir/Users/alexandruchiriac/src/pico-sdk/src/rp2_common/pico_double/double_aeabi.S.obj
                0x1000428c                __wrap___aeabi_drsub
                0x10004292                __wrap___aeabi_dsub
                0x1000429c                __wrap___aeabi_dadd
                0x100042a6                __wrap___aeabi_ddiv
                0x100042da                __wrap___aeabi_dmul
 .text.__wrap___aeabi_cdcmple
                0x100042ec       0x6c CMakeFiles/InertialMeasurementUnit.dir/Users/alexandruchiriac/src/pico-sdk/src/rp2_common/pico_double/double_aeabi.S.obj
                0x100042ec                __wrap___aeabi_cdrcmple
                0x100042fc                __wrap___aeabi_cdcmple
                0x100042fc                __wrap___aeabi_cdcmpeq
 .text.__wrap___aeabi_dcmpeq
                0x10004358       0x10 CMakeFiles/InertialMeasurementUnit.dir/Users/alexandruchiriac/src/pico-sdk/src/rp2_common/pico_double/double_aeabi.S.obj
                0x10004358                __wrap___aeabi_dcmpeq
 .text.__wrap___aeabi_dcmplt
                0x10004368        0xc CMakeFiles/InertialMeasurementUnit.dir/Users/alexandruchiriac/src/pico-sdk/src/rp2_common/pico_double/double_aeabi.S.obj
                0x10004368                __wrap___aeabi_dcmplt
 .text.__wrap___aeabi_dcmple
                0x10004374       0x10 CMakeFiles/InertialMeasurementUnit.dir/Users/alexandruchiriac/src/pico-sdk/src/rp2_common/pico_double/double_aeabi.S.obj
                0x10004374                __wrap___aeabi_dcmple
 .text.__wrap___aeabi_dcmpge
                0x10004384       0x10 CMakeFiles/InertialMeasurementUnit.dir/Users/alexandruchiriac/src/pico-sdk/src/rp2_common/pico_double/double_aeabi.S.obj
                0x10004384                __wrap___aeabi_dcmpge
 .text.__wrap___aeabi_dcmpgt
                0x10004394        0xa CMakeFiles/InertialMeasurementUnit.dir/Users/alexandruchiriac/src/pico-sdk/src/rp2_common/pico_double/double_aeabi.S.obj
                0x10004394                __wrap___aeabi_dcmpgt
 .text.__wrap___aeabi_dcmpun
                0x1000439e       0x1c CMakeFiles/InertialMeasurementUnit.dir/Users/alexandruchiriac/src/pico-sdk/src/rp2_common/pico_double/double_aeabi.S.obj
                0x1000439e                __wrap___aeabi_dcmpun
 *fill*         0x100043ba        0x2 
 .text.__wrap___aeabi_i2d
                0x100043bc       0x38 CMakeFiles/InertialMeasurementUnit.dir/Users/alexandruchiriac/src/pico-sdk/src/rp2_common/pico_double/double_aeabi.S.obj
                0x100043bc                __wrap___aeabi_ui2d
                0x100043c4                __wrap___aeabi_i2d
 .text.__wrap___aeabi_d2iz
                0x100043f4       0x48 CMakeFiles/InertialMeasurementUnit.dir/Users/alexandruchiriac/src/pico-sdk/src/rp2_common/pico_double/double_aeabi.S.obj
                0x100043f4                __wrap___aeabi_d2iz
                0x100043f4                double2int_z
 .text.__wrap___aeabi_d2uiz
                0x1000443c       0x10 CMakeFiles/InertialMeasurementUnit.dir/Users/alexandruchiriac/src/pico-sdk/src/rp2_common/pico_double/double_aeabi.S.obj
                0x1000443c                double2uint
                0x1000443c                __wrap___aeabi_d2uiz
 .text.__wrap_exp
                0x1000444c       0x10 CMakeFiles/InertialMeasurementUnit.dir/Users/alexandruchiriac/src/pico-sdk/src/rp2_common/pico_double/double_aeabi.S.obj
                0x1000444c                __wrap_exp
 .text.__wrap_log
                0x1000445c       0x10 CMakeFiles/InertialMeasurementUnit.dir/Users/alexandruchiriac/src/pico-sdk/src/rp2_common/pico_double/double_aeabi.S.obj
                0x1000445c                __wrap_log
 .text.missing_double_func_shim
                0x1000446c        0xc CMakeFiles/InertialMeasurementUnit.dir/Users/alexandruchiriac/src/pico-sdk/src/rp2_common/pico_double/double_init_rom.c.obj
 .text.__aeabi_double_init
                0x10004478       0x94 CMakeFiles/InertialMeasurementUnit.dir/Users/alexandruchiriac/src/pico-sdk/src/rp2_common/pico_double/double_init_rom.c.obj
                0x10004478                __aeabi_double_init
 .text.dpow_1   0x1000450c      0x288 CMakeFiles/InertialMeasurementUnit.dir/Users/alexandruchiriac/src/pico-sdk/src/rp2_common/pico_double/double_math.c.obj
 .text.dpow_int2
                0x10004794       0xd8 CMakeFiles/InertialMeasurementUnit.dir/Users/alexandruchiriac/src/pico-sdk/src/rp2_common/pico_double/double_math.c.obj
 .text.dpow_0   0x1000486c      0x174 CMakeFiles/InertialMeasurementUnit.dir/Users/alexandruchiriac/src/pico-sdk/src/rp2_common/pico_double/double_math.c.obj
 .text.__wrap_ldexp
                0x100049e0       0x4c CMakeFiles/InertialMeasurementUnit.dir/Users/alexandruchiriac/src/pico-sdk/src/rp2_common/pico_double/double_math.c.obj
                0x100049e0                __wrap_ldexp
 .text.__wrap_round
                0x10004a2c       0x9c CMakeFiles/InertialMeasurementUnit.dir/Users/alexandruchiriac/src/pico-sdk/src/rp2_common/pico_double/double_math.c.obj
                0x10004a2c                __wrap_round
 .text.__wrap_exp2
                0x10004ac8       0xbc CMakeFiles/InertialMeasurementUnit.dir/Users/alexandruchiriac/src/pico-sdk/src/rp2_common/pico_double/double_math.c.obj
                0x10004ac8                __wrap_exp2
 .text.__wrap_pow
                0x10004b84      0x320 CMakeFiles/InertialMeasurementUnit.dir/Users/alexandruchiriac/src/pico-sdk/src/rp2_common/pico_double/double_math.c.obj
                0x10004b84                __wrap_pow
 .text.double_table_shim_on_use_helper
                0x10004ea4       0x2c CMakeFiles/InertialMeasurementUnit.dir/Users/alexandruchiriac/src/pico-sdk/src/rp2_common/pico_double/double_v1_rom_shim.S.obj
                0x10004ea4                double_table_shim_on_use_helper
 .text.__aeabi_lmul
                0x10004ed0       0x32 CMakeFiles/InertialMeasurementUnit.dir/Users/alexandruchiriac/src/pico-sdk/src/rp2_common/pico_int64_ops/pico_int64_ops_aeabi.S.obj
                0x10004ed0                __wrap___aeabi_lmul
 *fill*         0x10004f02        0x2 
 .text.missing_float_func_shim
                0x10004f04        0xc CMakeFiles/InertialMeasurementUnit.dir/Users/alexandruchiriac/src/pico-sdk/src/rp2_common/pico_float/float_init_rom.c.obj
 .text.__aeabi_float_init
                0x10004f10       0x5c CMakeFiles/InertialMeasurementUnit.dir/Users/alexandruchiriac/src/pico-sdk/src/rp2_common/pico_float/float_init_rom.c.obj
                0x10004f10                __aeabi_float_init
 .text.__wrap_malloc
                0x10004f6c       0x24 CMakeFiles/InertialMeasurementUnit.dir/Users/alexandruchiriac/src/pico-sdk/src/rp2_common/pico_malloc/pico_malloc.c.obj
                0x10004f6c                __wrap_malloc
 .text.__wrap_free
                0x10004f90        0x8 CMakeFiles/InertialMeasurementUnit.dir/Users/alexandruchiriac/src/pico-sdk/src/rp2_common/pico_malloc/pico_malloc.c.obj
                0x10004f90                __wrap_free
 .text          0x10004f98       0x10 CMakeFiles/InertialMeasurementUnit.dir/Users/alexandruchiriac/src/pico-sdk/src/rp2_common/pico_mem_ops/mem_ops_aeabi.S.obj
                0x10004f98                __aeabi_mem_init
 .text.memset   0x10004fa8        0xc CMakeFiles/InertialMeasurementUnit.dir/Users/alexandruchiriac/src/pico-sdk/src/rp2_common/pico_mem_ops/mem_ops_aeabi.S.obj
                0x10004fa8                __wrap_memset
 .text.memcpy   0x10004fb4        0xc CMakeFiles/InertialMeasurementUnit.dir/Users/alexandruchiriac/src/pico-sdk/src/rp2_common/pico_mem_ops/mem_ops_aeabi.S.obj
                0x10004fb4                __wrap___aeabi_memcpy
                0x10004fb4                __wrap_memcpy
 .text.stdio_out_chars_crlf
                0x10004fc0       0x94 CMakeFiles/InertialMeasurementUnit.dir/Users/alexandruchiriac/src/pico-sdk/src/rp2_common/pico_stdio/stdio.c.obj
 .text.stdio_buffered_printer
                0x10005054       0x64 CMakeFiles/InertialMeasurementUnit.dir/Users/alexandruchiriac/src/pico-sdk/src/rp2_common/pico_stdio/stdio.c.obj
 .text.__wrap_putchar
                0x100050b8       0x98 CMakeFiles/InertialMeasurementUnit.dir/Users/alexandruchiriac/src/pico-sdk/src/rp2_common/pico_stdio/stdio.c.obj
                0x100050b8                __wrap_putchar
 .text.__wrap_puts
                0x10005150       0xe0 CMakeFiles/InertialMeasurementUnit.dir/Users/alexandruchiriac/src/pico-sdk/src/rp2_common/pico_stdio/stdio.c.obj
                0x10005150                __wrap_puts
 .text.stdio_set_driver_enabled
                0x10005230       0x30 CMakeFiles/InertialMeasurementUnit.dir/Users/alexandruchiriac/src/pico-sdk/src/rp2_common/pico_stdio/stdio.c.obj
                0x10005230                stdio_set_driver_enabled
 .text.__wrap_vprintf
                0x10005260       0xd4 CMakeFiles/InertialMeasurementUnit.dir/Users/alexandruchiriac/src/pico-sdk/src/rp2_common/pico_stdio/stdio.c.obj
                0x10005260                __wrap_vprintf
 .text.__wrap_printf
                0x10005334       0x18 CMakeFiles/InertialMeasurementUnit.dir/Users/alexandruchiriac/src/pico-sdk/src/rp2_common/pico_stdio/stdio.c.obj
                0x10005334                __wrap_printf
 .text.stdio_init_all
                0x1000534c        0x8 CMakeFiles/InertialMeasurementUnit.dir/Users/alexandruchiriac/src/pico-sdk/src/rp2_common/pico_stdio/stdio.c.obj
                0x1000534c                stdio_init_all
 .text.resetd_init
                0x10005354        0x4 CMakeFiles/InertialMeasurementUnit.dir/Users/alexandruchiriac/src/pico-sdk/src/rp2_common/pico_stdio_usb/reset_interface.c.obj
 .text.resetd_reset
                0x10005358        0xc CMakeFiles/InertialMeasurementUnit.dir/Users/alexandruchiriac/src/pico-sdk/src/rp2_common/pico_stdio_usb/reset_interface.c.obj
 .text.resetd_open
                0x10005364       0x28 CMakeFiles/InertialMeasurementUnit.dir/Users/alexandruchiriac/src/pico-sdk/src/rp2_common/pico_stdio_usb/reset_interface.c.obj
 .text.resetd_xfer_cb
                0x1000538c        0x4 CMakeFiles/InertialMeasurementUnit.dir/Users/alexandruchiriac/src/pico-sdk/src/rp2_common/pico_stdio_usb/reset_interface.c.obj
 .text.resetd_control_xfer_cb
                0x10005390       0x60 CMakeFiles/InertialMeasurementUnit.dir/Users/alexandruchiriac/src/pico-sdk/src/rp2_common/pico_stdio_usb/reset_interface.c.obj
 .text.usbd_app_driver_get_cb
                0x100053f0        0xc CMakeFiles/InertialMeasurementUnit.dir/Users/alexandruchiriac/src/pico-sdk/src/rp2_common/pico_stdio_usb/reset_interface.c.obj
                0x100053f0                usbd_app_driver_get_cb
 .text.tud_cdc_line_coding_cb
                0x100053fc       0x34 CMakeFiles/InertialMeasurementUnit.dir/Users/alexandruchiriac/src/pico-sdk/src/rp2_common/pico_stdio_usb/reset_interface.c.obj
                0x100053fc                tud_cdc_line_coding_cb
 .text.stdio_usb_set_chars_available_callback
                0x10005430       0x14 CMakeFiles/InertialMeasurementUnit.dir/Users/alexandruchiriac/src/pico-sdk/src/rp2_common/pico_stdio_usb/stdio_usb.c.obj
                0x10005430                stdio_usb_set_chars_available_callback
 .text.usb_irq  0x10005444       0x10 CMakeFiles/InertialMeasurementUnit.dir/Users/alexandruchiriac/src/pico-sdk/src/rp2_common/pico_stdio_usb/stdio_usb.c.obj
 .text.timer_task
                0x10005454       0x54 CMakeFiles/InertialMeasurementUnit.dir/Users/alexandruchiriac/src/pico-sdk/src/rp2_common/pico_stdio_usb/stdio_usb.c.obj
 .text.stdio_usb_in_chars
                0x100054a8       0x90 CMakeFiles/InertialMeasurementUnit.dir/Users/alexandruchiriac/src/pico-sdk/src/rp2_common/pico_stdio_usb/stdio_usb.c.obj
                0x100054a8                stdio_usb_in_chars
 .text.stdio_usb_out_chars
                0x10005538      0x104 CMakeFiles/InertialMeasurementUnit.dir/Users/alexandruchiriac/src/pico-sdk/src/rp2_common/pico_stdio_usb/stdio_usb.c.obj
 .text.low_priority_worker_irq
                0x1000563c       0xa8 CMakeFiles/InertialMeasurementUnit.dir/Users/alexandruchiriac/src/pico-sdk/src/rp2_common/pico_stdio_usb/stdio_usb.c.obj
 .text.tud_cdc_rx_cb
                0x100056e4       0x20 CMakeFiles/InertialMeasurementUnit.dir/Users/alexandruchiriac/src/pico-sdk/src/rp2_common/pico_stdio_usb/stdio_usb.c.obj
                0x100056e4                tud_cdc_rx_cb
 .text.stdio_usb_init
                0x10005704       0xe0 CMakeFiles/InertialMeasurementUnit.dir/Users/alexandruchiriac/src/pico-sdk/src/rp2_common/pico_stdio_usb/stdio_usb.c.obj
                0x10005704                stdio_usb_init
 .text.tud_descriptor_device_cb
                0x100057e4        0x8 CMakeFiles/InertialMeasurementUnit.dir/Users/alexandruchiriac/src/pico-sdk/src/rp2_common/pico_stdio_usb/stdio_usb_descriptors.c.obj
                0x100057e4                tud_descriptor_device_cb
 .text.tud_descriptor_configuration_cb
                0x100057ec        0x8 CMakeFiles/InertialMeasurementUnit.dir/Users/alexandruchiriac/src/pico-sdk/src/rp2_common/pico_stdio_usb/stdio_usb_descriptors.c.obj
                0x100057ec                tud_descriptor_configuration_cb
 .text.tud_descriptor_string_cb
                0x100057f4       0x78 CMakeFiles/InertialMeasurementUnit.dir/Users/alexandruchiriac/src/pico-sdk/src/rp2_common/pico_stdio_usb/stdio_usb_descriptors.c.obj
                0x100057f4                tud_descriptor_string_cb
 .text.startup._retrieve_unique_id_on_boot
                0x1000586c       0x10 CMakeFiles/InertialMeasurementUnit.dir/Users/alexandruchiriac/src/pico-sdk/src/rp2_common/pico_unique_id/unique_id.c.obj
 .text.pico_get_unique_board_id
                0x1000587c       0x10 CMakeFiles/InertialMeasurementUnit.dir/Users/alexandruchiriac/src/pico-sdk/src/rp2_common/pico_unique_id/unique_id.c.obj
                0x1000587c                pico_get_unique_board_id
 .text.pico_get_unique_board_id_string
                0x1000588c      0x1a8 CMakeFiles/InertialMeasurementUnit.dir/Users/alexandruchiriac/src/pico-sdk/src/rp2_common/pico_unique_id/unique_id.c.obj
                0x1000588c                pico_get_unique_board_id_string
 .text.flash_get_unique_id
                0x10005a34       0x3c CMakeFiles/InertialMeasurementUnit.dir/Users/alexandruchiriac/src/pico-sdk/src/rp2_common/hardware_flash/flash.c.obj
                0x10005a34                flash_get_unique_id
 .text.dcd_int_enable
                0x10005a70        0xc CMakeFiles/InertialMeasurementUnit.dir/Users/alexandruchiriac/src/pico-sdk/lib/tinyusb/src/portable/raspberrypi/rp2040/dcd_rp2040.c.obj
                0x10005a70                dcd_int_enable
 .text.dcd_set_address
                0x10005a7c       0x14 CMakeFiles/InertialMeasurementUnit.dir/Users/alexandruchiriac/src/pico-sdk/lib/tinyusb/src/portable/raspberrypi/rp2040/dcd_rp2040.c.obj
                0x10005a7c                dcd_set_address
 .text.dcd_connect
                0x10005a90       0x10 CMakeFiles/InertialMeasurementUnit.dir/Users/alexandruchiriac/src/pico-sdk/lib/tinyusb/src/portable/raspberrypi/rp2040/dcd_rp2040.c.obj
                0x10005a90                dcd_connect
 .text.dcd_init
                0x10005aa0       0x98 CMakeFiles/InertialMeasurementUnit.dir/Users/alexandruchiriac/src/pico-sdk/lib/tinyusb/src/portable/raspberrypi/rp2040/dcd_rp2040.c.obj
                0x10005aa0                dcd_init
 .text.dcd_edpt0_status_complete
                0x10005b38       0x1c CMakeFiles/InertialMeasurementUnit.dir/Users/alexandruchiriac/src/pico-sdk/lib/tinyusb/src/portable/raspberrypi/rp2040/dcd_rp2040.c.obj
                0x10005b38                dcd_edpt0_status_complete
 .text.dcd_edpt_open
                0x10005b54      0x108 CMakeFiles/InertialMeasurementUnit.dir/Users/alexandruchiriac/src/pico-sdk/lib/tinyusb/src/portable/raspberrypi/rp2040/dcd_rp2040.c.obj
                0x10005b54                dcd_edpt_open
 .text.dcd_edpt_close_all
                0x10005c5c        0x8 CMakeFiles/InertialMeasurementUnit.dir/Users/alexandruchiriac/src/pico-sdk/lib/tinyusb/src/portable/raspberrypi/rp2040/dcd_rp2040.c.obj
                0x10005c5c                dcd_edpt_close_all
 .text.dcd_edpt_xfer
                0x10005c64       0x24 CMakeFiles/InertialMeasurementUnit.dir/Users/alexandruchiriac/src/pico-sdk/lib/tinyusb/src/portable/raspberrypi/rp2040/dcd_rp2040.c.obj
                0x10005c64                dcd_edpt_xfer
 .text.dcd_edpt_stall
                0x10005c88       0x34 CMakeFiles/InertialMeasurementUnit.dir/Users/alexandruchiriac/src/pico-sdk/lib/tinyusb/src/portable/raspberrypi/rp2040/dcd_rp2040.c.obj
                0x10005c88                dcd_edpt_stall
 .text.dcd_edpt_clear_stall
                0x10005cbc       0x30 CMakeFiles/InertialMeasurementUnit.dir/Users/alexandruchiriac/src/pico-sdk/lib/tinyusb/src/portable/raspberrypi/rp2040/dcd_rp2040.c.obj
                0x10005cbc                dcd_edpt_clear_stall
 .text.rp2040_usb_init
                0x10005cec       0x4c CMakeFiles/InertialMeasurementUnit.dir/Users/alexandruchiriac/src/pico-sdk/lib/tinyusb/src/portable/raspberrypi/rp2040/rp2040_usb.c.obj
                0x10005cec                rp2040_usb_init
 .text.hw_endpoint_xfer_start
                0x10005d38       0x40 CMakeFiles/InertialMeasurementUnit.dir/Users/alexandruchiriac/src/pico-sdk/lib/tinyusb/src/portable/raspberrypi/rp2040/rp2040_usb.c.obj
                0x10005d38                hw_endpoint_xfer_start
 .text.tud_mounted
                0x10005d78       0x10 CMakeFiles/InertialMeasurementUnit.dir/Users/alexandruchiriac/src/pico-sdk/lib/tinyusb/src/device/usbd.c.obj
                0x10005d78                tud_mounted
 .text.tud_suspended
                0x10005d88       0x10 CMakeFiles/InertialMeasurementUnit.dir/Users/alexandruchiriac/src/pico-sdk/lib/tinyusb/src/device/usbd.c.obj
                0x10005d88                tud_suspended
 .text.tud_inited
                0x10005d98       0x14 CMakeFiles/InertialMeasurementUnit.dir/Users/alexandruchiriac/src/pico-sdk/lib/tinyusb/src/device/usbd.c.obj
                0x10005d98                tud_inited
 .text.tud_init
                0x10005dac       0xdc CMakeFiles/InertialMeasurementUnit.dir/Users/alexandruchiriac/src/pico-sdk/lib/tinyusb/src/device/usbd.c.obj
                0x10005dac                tud_init
 .text.tud_task_ext
                0x10005e88      0x850 CMakeFiles/InertialMeasurementUnit.dir/Users/alexandruchiriac/src/pico-sdk/lib/tinyusb/src/device/usbd.c.obj
                0x10005e88                tud_task_ext
 .text.usbd_open_edpt_pair
                0x100066d8       0x9c CMakeFiles/InertialMeasurementUnit.dir/Users/alexandruchiriac/src/pico-sdk/lib/tinyusb/src/device/usbd.c.obj
                0x100066d8                usbd_open_edpt_pair
 .text.usbd_defer_func
                0x10006774       0x48 CMakeFiles/InertialMeasurementUnit.dir/Users/alexandruchiriac/src/pico-sdk/lib/tinyusb/src/device/usbd.c.obj
                0x10006774                usbd_defer_func
 .text.usbd_edpt_open
                0x100067bc       0x34 CMakeFiles/InertialMeasurementUnit.dir/Users/alexandruchiriac/src/pico-sdk/lib/tinyusb/src/device/usbd.c.obj
                0x100067bc                usbd_edpt_open
 .text.usbd_edpt_claim
                0x100067f0       0x28 CMakeFiles/InertialMeasurementUnit.dir/Users/alexandruchiriac/src/pico-sdk/lib/tinyusb/src/device/usbd.c.obj
                0x100067f0                usbd_edpt_claim
 .text.usbd_edpt_release
                0x10006818       0x28 CMakeFiles/InertialMeasurementUnit.dir/Users/alexandruchiriac/src/pico-sdk/lib/tinyusb/src/device/usbd.c.obj
                0x10006818                usbd_edpt_release
 .text.usbd_edpt_xfer
                0x10006840       0x4c CMakeFiles/InertialMeasurementUnit.dir/Users/alexandruchiriac/src/pico-sdk/lib/tinyusb/src/device/usbd.c.obj
                0x10006840                usbd_edpt_xfer
 .text.tud_control_status
                0x1000688c       0x2c CMakeFiles/InertialMeasurementUnit.dir/Users/alexandruchiriac/src/pico-sdk/lib/tinyusb/src/device/usbd_control.c.obj
                0x1000688c                tud_control_status
 .text.tud_control_xfer
                0x100068b8       0xac CMakeFiles/InertialMeasurementUnit.dir/Users/alexandruchiriac/src/pico-sdk/lib/tinyusb/src/device/usbd_control.c.obj
                0x100068b8                tud_control_xfer
 .text.usbd_control_reset
                0x10006964       0x14 CMakeFiles/InertialMeasurementUnit.dir/Users/alexandruchiriac/src/pico-sdk/lib/tinyusb/src/device/usbd_control.c.obj
                0x10006964                usbd_control_reset
 .text.usbd_control_set_complete_callback
                0x10006978        0xc CMakeFiles/InertialMeasurementUnit.dir/Users/alexandruchiriac/src/pico-sdk/lib/tinyusb/src/device/usbd_control.c.obj
                0x10006978                usbd_control_set_complete_callback
 .text.usbd_control_set_request
                0x10006984       0x1c CMakeFiles/InertialMeasurementUnit.dir/Users/alexandruchiriac/src/pico-sdk/lib/tinyusb/src/device/usbd_control.c.obj
                0x10006984                usbd_control_set_request
 .text.usbd_control_xfer_cb
                0x100069a0       0xf4 CMakeFiles/InertialMeasurementUnit.dir/Users/alexandruchiriac/src/pico-sdk/lib/tinyusb/src/device/usbd_control.c.obj
                0x100069a0                usbd_control_xfer_cb
 .text.tud_cdc_n_connected
                0x10006a94       0x30 CMakeFiles/InertialMeasurementUnit.dir/Users/alexandruchiriac/src/pico-sdk/lib/tinyusb/src/class/cdc/cdc_device.c.obj
                0x10006a94                tud_cdc_n_connected
 .text.tud_cdc_n_available
                0x10006ac4       0x18 CMakeFiles/InertialMeasurementUnit.dir/Users/alexandruchiriac/src/pico-sdk/lib/tinyusb/src/class/cdc/cdc_device.c.obj
                0x10006ac4                tud_cdc_n_available
 .text.tud_cdc_n_read
                0x10006adc       0x70 CMakeFiles/InertialMeasurementUnit.dir/Users/alexandruchiriac/src/pico-sdk/lib/tinyusb/src/class/cdc/cdc_device.c.obj
                0x10006adc                tud_cdc_n_read
 .text.tud_cdc_n_write_flush
                0x10006b4c       0x78 CMakeFiles/InertialMeasurementUnit.dir/Users/alexandruchiriac/src/pico-sdk/lib/tinyusb/src/class/cdc/cdc_device.c.obj
                0x10006b4c                tud_cdc_n_write_flush
 .text.tud_cdc_n_write
                0x10006bc4       0x34 CMakeFiles/InertialMeasurementUnit.dir/Users/alexandruchiriac/src/pico-sdk/lib/tinyusb/src/class/cdc/cdc_device.c.obj
                0x10006bc4                tud_cdc_n_write
 .text.tud_cdc_n_write_available
                0x10006bf8       0x18 CMakeFiles/InertialMeasurementUnit.dir/Users/alexandruchiriac/src/pico-sdk/lib/tinyusb/src/class/cdc/cdc_device.c.obj
                0x10006bf8                tud_cdc_n_write_available
 .text.cdcd_init
                0x10006c10       0x7c CMakeFiles/InertialMeasurementUnit.dir/Users/alexandruchiriac/src/pico-sdk/lib/tinyusb/src/class/cdc/cdc_device.c.obj
                0x10006c10                cdcd_init
 .text.cdcd_reset
                0x10006c8c       0x2c CMakeFiles/InertialMeasurementUnit.dir/Users/alexandruchiriac/src/pico-sdk/lib/tinyusb/src/class/cdc/cdc_device.c.obj
                0x10006c8c                cdcd_reset
 .text.cdcd_open
                0x10006cb8       0xe4 CMakeFiles/InertialMeasurementUnit.dir/Users/alexandruchiriac/src/pico-sdk/lib/tinyusb/src/class/cdc/cdc_device.c.obj
                0x10006cb8                cdcd_open
 .text.cdcd_control_xfer_cb
                0x10006d9c       0xe4 CMakeFiles/InertialMeasurementUnit.dir/Users/alexandruchiriac/src/pico-sdk/lib/tinyusb/src/class/cdc/cdc_device.c.obj
                0x10006d9c                cdcd_control_xfer_cb
 .text.cdcd_xfer_cb
                0x10006e80      0x13c CMakeFiles/InertialMeasurementUnit.dir/Users/alexandruchiriac/src/pico-sdk/lib/tinyusb/src/class/cdc/cdc_device.c.obj
                0x10006e80                cdcd_xfer_cb
 .text.tusb_init
                0x10006fbc        0xc CMakeFiles/InertialMeasurementUnit.dir/Users/alexandruchiriac/src/pico-sdk/lib/tinyusb/src/tusb.c.obj
                0x10006fbc                tusb_init
 .text.tusb_inited
                0x10006fc8        0x8 CMakeFiles/InertialMeasurementUnit.dir/Users/alexandruchiriac/src/pico-sdk/lib/tinyusb/src/tusb.c.obj
                0x10006fc8                tusb_inited
 .text.tu_edpt_claim
                0x10006fd0       0x50 CMakeFiles/InertialMeasurementUnit.dir/Users/alexandruchiriac/src/pico-sdk/lib/tinyusb/src/tusb.c.obj
                0x10006fd0                tu_edpt_claim
 .text.tu_edpt_release
                0x10007020       0x38 CMakeFiles/InertialMeasurementUnit.dir/Users/alexandruchiriac/src/pico-sdk/lib/tinyusb/src/tusb.c.obj
                0x10007020                tu_edpt_release
 .text.tu_edpt_validate
                0x10007058       0x7c CMakeFiles/InertialMeasurementUnit.dir/Users/alexandruchiriac/src/pico-sdk/lib/tinyusb/src/tusb.c.obj
                0x10007058                tu_edpt_validate
 .text.tu_edpt_bind_driver
                0x100070d4       0x34 CMakeFiles/InertialMeasurementUnit.dir/Users/alexandruchiriac/src/pico-sdk/lib/tinyusb/src/tusb.c.obj
                0x100070d4                tu_edpt_bind_driver
 .text.tu_fifo_config
                0x10007108       0x6c CMakeFiles/InertialMeasurementUnit.dir/Users/alexandruchiriac/src/pico-sdk/lib/tinyusb/src/common/tusb_fifo.c.obj
                0x10007108                tu_fifo_config
 .text.tu_fifo_count
                0x10007174       0x2c CMakeFiles/InertialMeasurementUnit.dir/Users/alexandruchiriac/src/pico-sdk/lib/tinyusb/src/common/tusb_fifo.c.obj
                0x10007174                tu_fifo_count
 .text.tu_fifo_empty
                0x100071a0       0x10 CMakeFiles/InertialMeasurementUnit.dir/Users/alexandruchiriac/src/pico-sdk/lib/tinyusb/src/common/tusb_fifo.c.obj
                0x100071a0                tu_fifo_empty
 .text.tu_fifo_remaining
                0x100071b0       0x2c CMakeFiles/InertialMeasurementUnit.dir/Users/alexandruchiriac/src/pico-sdk/lib/tinyusb/src/common/tusb_fifo.c.obj
                0x100071b0                tu_fifo_remaining
 .text.tu_fifo_read
                0x100071dc       0x9c CMakeFiles/InertialMeasurementUnit.dir/Users/alexandruchiriac/src/pico-sdk/lib/tinyusb/src/common/tusb_fifo.c.obj
                0x100071dc                tu_fifo_read
 .text.tu_fifo_read_n
                0x10007278       0xe8 CMakeFiles/InertialMeasurementUnit.dir/Users/alexandruchiriac/src/pico-sdk/lib/tinyusb/src/common/tusb_fifo.c.obj
                0x10007278                tu_fifo_read_n
 .text.tu_fifo_write
                0x10007360       0xa8 CMakeFiles/InertialMeasurementUnit.dir/Users/alexandruchiriac/src/pico-sdk/lib/tinyusb/src/common/tusb_fifo.c.obj
                0x10007360                tu_fifo_write
 .text.tu_fifo_write_n
                0x10007408      0x178 CMakeFiles/InertialMeasurementUnit.dir/Users/alexandruchiriac/src/pico-sdk/lib/tinyusb/src/common/tusb_fifo.c.obj
                0x10007408                tu_fifo_write_n
 .text.tu_fifo_clear
                0x10007580       0x40 CMakeFiles/InertialMeasurementUnit.dir/Users/alexandruchiriac/src/pico-sdk/lib/tinyusb/src/common/tusb_fifo.c.obj
                0x10007580                tu_fifo_clear
 .text.tu_fifo_set_overwritable
                0x100075c0       0x48 CMakeFiles/InertialMeasurementUnit.dir/Users/alexandruchiriac/src/pico-sdk/lib/tinyusb/src/common/tusb_fifo.c.obj
                0x100075c0                tu_fifo_set_overwritable
 .text.i2c_set_baudrate
                0x10007608       0xc4 CMakeFiles/InertialMeasurementUnit.dir/Users/alexandruchiriac/src/pico-sdk/src/rp2_common/hardware_i2c/i2c.c.obj
                0x10007608                i2c_set_baudrate
 .text.i2c_init
                0x100076cc       0x50 CMakeFiles/InertialMeasurementUnit.dir/Users/alexandruchiriac/src/pico-sdk/src/rp2_common/hardware_i2c/i2c.c.obj
                0x100076cc                i2c_init
 .text.i2c_write_blocking
                0x1000771c       0xd0 CMakeFiles/InertialMeasurementUnit.dir/Users/alexandruchiriac/src/pico-sdk/src/rp2_common/hardware_i2c/i2c.c.obj
                0x1000771c                i2c_write_blocking
 .text.i2c_read_blocking
                0x100077ec       0x90 CMakeFiles/InertialMeasurementUnit.dir/Users/alexandruchiriac/src/pico-sdk/src/rp2_common/hardware_i2c/i2c.c.obj
                0x100077ec                i2c_read_blocking
 .text.cyw43_arch_set_async_context
                0x1000787c        0xc CMakeFiles/InertialMeasurementUnit.dir/Users/alexandruchiriac/src/pico-sdk/src/rp2_common/pico_cyw43_arch/cyw43_arch.c.obj
                0x1000787c                cyw43_arch_set_async_context
 .text.cyw43_arch_gpio_put
                0x10007888       0x14 CMakeFiles/InertialMeasurementUnit.dir/Users/alexandruchiriac/src/pico-sdk/src/rp2_common/pico_cyw43_arch/cyw43_arch.c.obj
                0x10007888                cyw43_arch_gpio_put
 .text.cyw43_arch_async_context
                0x1000789c        0xc CMakeFiles/InertialMeasurementUnit.dir/Users/alexandruchiriac/src/pico-sdk/src/rp2_common/pico_cyw43_arch/cyw43_arch.c.obj
                0x1000789c                cyw43_arch_async_context
 .text.cyw43_arch_init
                0x100078a8       0x64 CMakeFiles/InertialMeasurementUnit.dir/Users/alexandruchiriac/src/pico-sdk/src/rp2_common/pico_cyw43_arch/cyw43_arch_threadsafe_background.c.obj
                0x100078a8                cyw43_arch_init
 .text.ns_delay.constprop.0
                0x1000790c       0x20 CMakeFiles/InertialMeasurementUnit.dir/Users/alexandruchiriac/src/pico-sdk/src/rp2_common/pico_cyw43_driver/cyw43_bus_pio_spi.c.obj
 .text.cyw43_spi_deinit
                0x1000792c       0x7c CMakeFiles/InertialMeasurementUnit.dir/Users/alexandruchiriac/src/pico-sdk/src/rp2_common/pico_cyw43_driver/cyw43_bus_pio_spi.c.obj
                0x1000792c                cyw43_spi_deinit
 .text.cyw43_spi_init
                0x100079a8      0x14c CMakeFiles/InertialMeasurementUnit.dir/Users/alexandruchiriac/src/pico-sdk/src/rp2_common/pico_cyw43_driver/cyw43_bus_pio_spi.c.obj
                0x100079a8                cyw43_spi_init
 .text.cyw43_spi_transfer
                0x10007af4      0x3e0 CMakeFiles/InertialMeasurementUnit.dir/Users/alexandruchiriac/src/pico-sdk/src/rp2_common/pico_cyw43_driver/cyw43_bus_pio_spi.c.obj
                0x10007af4                cyw43_spi_transfer
 .text.cyw43_spi_gpio_setup
                0x10007ed4       0x3c CMakeFiles/InertialMeasurementUnit.dir/Users/alexandruchiriac/src/pico-sdk/src/rp2_common/pico_cyw43_driver/cyw43_bus_pio_spi.c.obj
                0x10007ed4                cyw43_spi_gpio_setup
 .text.cyw43_spi_reset
                0x10007f10       0x28 CMakeFiles/InertialMeasurementUnit.dir/Users/alexandruchiriac/src/pico-sdk/src/rp2_common/pico_cyw43_driver/cyw43_bus_pio_spi.c.obj
                0x10007f10                cyw43_spi_reset
 .text.read_reg_u32_swap
                0x10007f38       0x3c CMakeFiles/InertialMeasurementUnit.dir/Users/alexandruchiriac/src/pico-sdk/src/rp2_common/pico_cyw43_driver/cyw43_bus_pio_spi.c.obj
                0x10007f38                read_reg_u32_swap
 .text.cyw43_read_reg_u32
                0x10007f74       0x50 CMakeFiles/InertialMeasurementUnit.dir/Users/alexandruchiriac/src/pico-sdk/src/rp2_common/pico_cyw43_driver/cyw43_bus_pio_spi.c.obj
                0x10007f74                cyw43_read_reg_u32
 .text.cyw43_read_reg_u16
                0x10007fc4       0x50 CMakeFiles/InertialMeasurementUnit.dir/Users/alexandruchiriac/src/pico-sdk/src/rp2_common/pico_cyw43_driver/cyw43_bus_pio_spi.c.obj
                0x10007fc4                cyw43_read_reg_u16
 .text.cyw43_read_reg_u8
                0x10008014       0x50 CMakeFiles/InertialMeasurementUnit.dir/Users/alexandruchiriac/src/pico-sdk/src/rp2_common/pico_cyw43_driver/cyw43_bus_pio_spi.c.obj
                0x10008014                cyw43_read_reg_u8
 .text.write_reg_u32_swap
                0x10008064      0x1e8 CMakeFiles/InertialMeasurementUnit.dir/Users/alexandruchiriac/src/pico-sdk/src/rp2_common/pico_cyw43_driver/cyw43_bus_pio_spi.c.obj
                0x10008064                write_reg_u32_swap
 .text.cyw43_write_reg_u32
                0x1000824c      0x208 CMakeFiles/InertialMeasurementUnit.dir/Users/alexandruchiriac/src/pico-sdk/src/rp2_common/pico_cyw43_driver/cyw43_bus_pio_spi.c.obj
                0x1000824c                cyw43_write_reg_u32
 .text.cyw43_write_reg_u16
                0x10008454      0x208 CMakeFiles/InertialMeasurementUnit.dir/Users/alexandruchiriac/src/pico-sdk/src/rp2_common/pico_cyw43_driver/cyw43_bus_pio_spi.c.obj
                0x10008454                cyw43_write_reg_u16
 .text.cyw43_write_reg_u8
                0x1000865c      0x208 CMakeFiles/InertialMeasurementUnit.dir/Users/alexandruchiriac/src/pico-sdk/src/rp2_common/pico_cyw43_driver/cyw43_bus_pio_spi.c.obj
                0x1000865c                cyw43_write_reg_u8
 .text.cyw43_read_bytes
                0x10008864       0x78 CMakeFiles/InertialMeasurementUnit.dir/Users/alexandruchiriac/src/pico-sdk/src/rp2_common/pico_cyw43_driver/cyw43_bus_pio_spi.c.obj
                0x10008864                cyw43_read_bytes
 .text.cyw43_write_bytes
                0x100088dc       0xc0 CMakeFiles/InertialMeasurementUnit.dir/Users/alexandruchiriac/src/pico-sdk/src/rp2_common/pico_cyw43_driver/cyw43_bus_pio_spi.c.obj
                0x100088dc                cyw43_write_bytes
 .text.cyw43_set_backplane_window
                0x1000899c       0x68 CMakeFiles/InertialMeasurementUnit.dir/Users/alexandruchiriac/src/pico-sdk/lib/cyw43-driver/src/cyw43_ll.c.obj
 .text.cyw43_ll_parse_async_event
                0x10008a04      0x134 CMakeFiles/InertialMeasurementUnit.dir/Users/alexandruchiriac/src/pico-sdk/lib/cyw43-driver/src/cyw43_ll.c.obj
 .text.cyw43_kso_set
                0x10008b38       0x80 CMakeFiles/InertialMeasurementUnit.dir/Users/alexandruchiriac/src/pico-sdk/lib/cyw43-driver/src/cyw43_ll.c.obj
 .text.cyw43_ll_sdpcm_poll_device
                0x10008bb8      0x238 CMakeFiles/InertialMeasurementUnit.dir/Users/alexandruchiriac/src/pico-sdk/lib/cyw43-driver/src/cyw43_ll.c.obj
 .text.cyw43_sdpcm_send_common
                0x10008df0       0xf4 CMakeFiles/InertialMeasurementUnit.dir/Users/alexandruchiriac/src/pico-sdk/lib/cyw43-driver/src/cyw43_ll.c.obj
 .text.cyw43_do_ioctl
                0x10008ee4      0x110 CMakeFiles/InertialMeasurementUnit.dir/Users/alexandruchiriac/src/pico-sdk/lib/cyw43-driver/src/cyw43_ll.c.obj
 .text.cyw43_do_ioctl.constprop.0
                0x10008ff4      0x108 CMakeFiles/InertialMeasurementUnit.dir/Users/alexandruchiriac/src/pico-sdk/lib/cyw43-driver/src/cyw43_ll.c.obj
 .text.cyw43_read_backplane.constprop.0
                0x100090fc       0xe4 CMakeFiles/InertialMeasurementUnit.dir/Users/alexandruchiriac/src/pico-sdk/lib/cyw43-driver/src/cyw43_ll.c.obj
 .text.reset_device_core.constprop.0
                0x100091e0      0x410 CMakeFiles/InertialMeasurementUnit.dir/Users/alexandruchiriac/src/pico-sdk/lib/cyw43-driver/src/cyw43_ll.c.obj
 .text.cyw43_ll_init
                0x100095f0       0x1c CMakeFiles/InertialMeasurementUnit.dir/Users/alexandruchiriac/src/pico-sdk/lib/cyw43-driver/src/cyw43_ll.c.obj
                0x100095f0                cyw43_ll_init
 .text.cyw43_ll_deinit
                0x1000960c        0x8 CMakeFiles/InertialMeasurementUnit.dir/Users/alexandruchiriac/src/pico-sdk/lib/cyw43-driver/src/cyw43_ll.c.obj
                0x1000960c                cyw43_ll_deinit
 .text.cyw43_ll_process_packets
                0x10009614       0x54 CMakeFiles/InertialMeasurementUnit.dir/Users/alexandruchiriac/src/pico-sdk/lib/cyw43-driver/src/cyw43_ll.c.obj
                0x10009614                cyw43_ll_process_packets
 .text.cyw43_ll_ioctl
                0x10009668       0x20 CMakeFiles/InertialMeasurementUnit.dir/Users/alexandruchiriac/src/pico-sdk/lib/cyw43-driver/src/cyw43_ll.c.obj
                0x10009668                cyw43_ll_ioctl
 .text.cyw43_ll_bus_sleep
                0x10009688       0x34 CMakeFiles/InertialMeasurementUnit.dir/Users/alexandruchiriac/src/pico-sdk/lib/cyw43-driver/src/cyw43_ll.c.obj
                0x10009688                cyw43_ll_bus_sleep
 .text.cyw43_ll_bus_init
                0x100096bc      0xb6c CMakeFiles/InertialMeasurementUnit.dir/Users/alexandruchiriac/src/pico-sdk/lib/cyw43-driver/src/cyw43_ll.c.obj
                0x100096bc                cyw43_ll_bus_init
 .text.cyw43_ll_wifi_get_mac
                0x1000a228       0x40 CMakeFiles/InertialMeasurementUnit.dir/Users/alexandruchiriac/src/pico-sdk/lib/cyw43-driver/src/cyw43_ll.c.obj
                0x1000a228                cyw43_ll_wifi_get_mac
 .text.cyw43_ll_wifi_set_wpa_auth
                0x1000a268       0x2c CMakeFiles/InertialMeasurementUnit.dir/Users/alexandruchiriac/src/pico-sdk/lib/cyw43-driver/src/cyw43_ll.c.obj
                0x1000a268                cyw43_ll_wifi_set_wpa_auth
 .text.cyw43_ll_wifi_rejoin
                0x1000a294       0x1c CMakeFiles/InertialMeasurementUnit.dir/Users/alexandruchiriac/src/pico-sdk/lib/cyw43-driver/src/cyw43_ll.c.obj
                0x1000a294                cyw43_ll_wifi_rejoin
 .text.cyw43_ll_gpio_set
                0x1000a2b0       0x68 CMakeFiles/InertialMeasurementUnit.dir/Users/alexandruchiriac/src/pico-sdk/lib/cyw43-driver/src/cyw43_ll.c.obj
                0x1000a2b0                cyw43_ll_gpio_set
 .text.cyw43_ll_has_work
                0x1000a318       0x14 CMakeFiles/InertialMeasurementUnit.dir/Users/alexandruchiriac/src/pico-sdk/lib/cyw43-driver/src/cyw43_ll.c.obj
                0x1000a318                cyw43_ll_has_work
 .text.cyw43_poll_func
                0x1000a32c       0xc0 CMakeFiles/InertialMeasurementUnit.dir/Users/alexandruchiriac/src/pico-sdk/lib/cyw43-driver/src/cyw43_ctrl.c.obj
 .text.cyw43_init
                0x1000a3ec       0x6c CMakeFiles/InertialMeasurementUnit.dir/Users/alexandruchiriac/src/pico-sdk/lib/cyw43-driver/src/cyw43_ctrl.c.obj
                0x1000a3ec                cyw43_init
 .text.cyw43_deinit
                0x1000a458       0x90 CMakeFiles/InertialMeasurementUnit.dir/Users/alexandruchiriac/src/pico-sdk/lib/cyw43-driver/src/cyw43_ctrl.c.obj
                0x1000a458                cyw43_deinit
 .text.cyw43_cb_read_host_interrupt_pin
                0x1000a4e8        0xc CMakeFiles/InertialMeasurementUnit.dir/Users/alexandruchiriac/src/pico-sdk/lib/cyw43-driver/src/cyw43_ctrl.c.obj
                0x1000a4e8                cyw43_cb_read_host_interrupt_pin
 .text.cyw43_cb_ensure_awake
                0x1000a4f4        0xc CMakeFiles/InertialMeasurementUnit.dir/Users/alexandruchiriac/src/pico-sdk/lib/cyw43-driver/src/cyw43_ctrl.c.obj
                0x1000a4f4                cyw43_cb_ensure_awake
 .text.cyw43_cb_process_async_event
                0x1000a500      0x214 CMakeFiles/InertialMeasurementUnit.dir/Users/alexandruchiriac/src/pico-sdk/lib/cyw43-driver/src/cyw43_ctrl.c.obj
                0x1000a500                cyw43_cb_process_async_event
 .text.cyw43_gpio_set
                0x1000a714       0xa0 CMakeFiles/InertialMeasurementUnit.dir/Users/alexandruchiriac/src/pico-sdk/lib/cyw43-driver/src/cyw43_ctrl.c.obj
                0x1000a714                cyw43_gpio_set
 .text.pio_sm_unclaim
                0x1000a7b4       0x20 CMakeFiles/InertialMeasurementUnit.dir/Users/alexandruchiriac/src/pico-sdk/src/rp2_common/hardware_pio/pio.c.obj
                0x1000a7b4                pio_sm_unclaim
 .text.pio_claim_unused_sm
                0x1000a7d4       0x3c CMakeFiles/InertialMeasurementUnit.dir/Users/alexandruchiriac/src/pico-sdk/src/rp2_common/hardware_pio/pio.c.obj
                0x1000a7d4                pio_claim_unused_sm
 .text.pio_can_add_program
                0x1000a810       0x68 CMakeFiles/InertialMeasurementUnit.dir/Users/alexandruchiriac/src/pico-sdk/src/rp2_common/hardware_pio/pio.c.obj
                0x1000a810                pio_can_add_program
 .text.pio_add_program
                0x1000a878       0xf0 CMakeFiles/InertialMeasurementUnit.dir/Users/alexandruchiriac/src/pico-sdk/src/rp2_common/hardware_pio/pio.c.obj
                0x1000a878                pio_add_program
 .text.pio_remove_program
                0x1000a968       0x34 CMakeFiles/InertialMeasurementUnit.dir/Users/alexandruchiriac/src/pico-sdk/src/rp2_common/hardware_pio/pio.c.obj
                0x1000a968                pio_remove_program
 .text.pio_sm_set_pindirs_with_mask
                0x1000a99c       0xa8 CMakeFiles/InertialMeasurementUnit.dir/Users/alexandruchiriac/src/pico-sdk/src/rp2_common/hardware_pio/pio.c.obj
                0x1000a99c                pio_sm_set_pindirs_with_mask
 .text.pio_sm_set_consecutive_pindirs
                0x1000aa44       0xa8 CMakeFiles/InertialMeasurementUnit.dir/Users/alexandruchiriac/src/pico-sdk/src/rp2_common/hardware_pio/pio.c.obj
                0x1000aa44                pio_sm_set_consecutive_pindirs
 .text.dma_channel_unclaim
                0x1000aaec       0x14 CMakeFiles/InertialMeasurementUnit.dir/Users/alexandruchiriac/src/pico-sdk/src/rp2_common/hardware_dma/dma.c.obj
                0x1000aaec                dma_channel_unclaim
 .text.dma_claim_unused_channel
                0x1000ab00       0x24 CMakeFiles/InertialMeasurementUnit.dir/Users/alexandruchiriac/src/pico-sdk/src/rp2_common/hardware_dma/dma.c.obj
                0x1000ab00                dma_claim_unused_channel
 .text.dma_channel_cleanup
                0x1000ab24       0x60 CMakeFiles/InertialMeasurementUnit.dir/Users/alexandruchiriac/src/pico-sdk/src/rp2_common/hardware_dma/dma.c.obj
                0x1000ab24                dma_channel_cleanup
 .text.cyw43_sleep_timeout_reached
                0x1000ab84       0x10 CMakeFiles/InertialMeasurementUnit.dir/Users/alexandruchiriac/src/pico-sdk/src/rp2_common/pico_cyw43_driver/cyw43_driver.c.obj
 .text.cyw43_irq_init
                0x1000ab94       0x28 CMakeFiles/InertialMeasurementUnit.dir/Users/alexandruchiriac/src/pico-sdk/src/rp2_common/pico_cyw43_driver/cyw43_driver.c.obj
                0x1000ab94                cyw43_irq_init
 .text.cyw43_irq_deinit
                0x1000abbc       0x20 CMakeFiles/InertialMeasurementUnit.dir/Users/alexandruchiriac/src/pico-sdk/src/rp2_common/pico_cyw43_driver/cyw43_driver.c.obj
                0x1000abbc                cyw43_irq_deinit
 .text.cyw43_gpio_irq_handler
                0x1000abdc       0x44 CMakeFiles/InertialMeasurementUnit.dir/Users/alexandruchiriac/src/pico-sdk/src/rp2_common/pico_cyw43_driver/cyw43_driver.c.obj
 .text.cyw43_do_poll
                0x1000ac20       0x70 CMakeFiles/InertialMeasurementUnit.dir/Users/alexandruchiriac/src/pico-sdk/src/rp2_common/pico_cyw43_driver/cyw43_driver.c.obj
 .text.cyw43_post_poll_hook
                0x1000ac90       0x10 CMakeFiles/InertialMeasurementUnit.dir/Users/alexandruchiriac/src/pico-sdk/src/rp2_common/pico_cyw43_driver/cyw43_driver.c.obj
                0x1000ac90                cyw43_post_poll_hook
 .text.cyw43_schedule_internal_poll_dispatch
                0x1000aca0       0x18 CMakeFiles/InertialMeasurementUnit.dir/Users/alexandruchiriac/src/pico-sdk/src/rp2_common/pico_cyw43_driver/cyw43_driver.c.obj
                0x1000aca0                cyw43_schedule_internal_poll_dispatch
 .text.cyw43_driver_init
                0x1000acb8       0x38 CMakeFiles/InertialMeasurementUnit.dir/Users/alexandruchiriac/src/pico-sdk/src/rp2_common/pico_cyw43_driver/cyw43_driver.c.obj
                0x1000acb8                cyw43_driver_init
 .text.cyw43_driver_deinit
                0x1000acf0       0x44 CMakeFiles/InertialMeasurementUnit.dir/Users/alexandruchiriac/src/pico-sdk/src/rp2_common/pico_cyw43_driver/cyw43_driver.c.obj
                0x1000acf0                cyw43_driver_deinit
 .text.cyw43_hal_generate_laa_mac
                0x1000ad34       0x28 CMakeFiles/InertialMeasurementUnit.dir/Users/alexandruchiriac/src/pico-sdk/src/rp2_common/pico_cyw43_driver/cyw43_driver.c.obj
                0x1000ad34                cyw43_hal_generate_laa_mac
 .text.cyw43_thread_enter
                0x1000ad5c       0x14 CMakeFiles/InertialMeasurementUnit.dir/Users/alexandruchiriac/src/pico-sdk/src/rp2_common/pico_cyw43_driver/cyw43_driver.c.obj
                0x1000ad5c                cyw43_thread_enter
 .text.cyw43_thread_exit
                0x1000ad70       0x14 CMakeFiles/InertialMeasurementUnit.dir/Users/alexandruchiriac/src/pico-sdk/src/rp2_common/pico_cyw43_driver/cyw43_driver.c.obj
                0x1000ad70                cyw43_thread_exit
 .text.cyw43_await_background_or_timeout_us
                0x1000ad84       0x34 CMakeFiles/InertialMeasurementUnit.dir/Users/alexandruchiriac/src/pico-sdk/src/rp2_common/pico_cyw43_driver/cyw43_driver.c.obj
                0x1000ad84                cyw43_await_background_or_timeout_us
 .text.cyw43_delay_ms
                0x1000adb8       0x48 CMakeFiles/InertialMeasurementUnit.dir/Users/alexandruchiriac/src/pico-sdk/src/rp2_common/pico_cyw43_driver/cyw43_driver.c.obj
                0x1000adb8                cyw43_delay_ms
 .text.cyw43_cb_tcpip_deinit
                0x1000ae00        0x4 CMakeFiles/InertialMeasurementUnit.dir/Users/alexandruchiriac/src/pico-sdk/src/rp2_common/pico_cyw43_driver/cyw43_driver.c.obj
                0x1000ae00                cyw43_cb_tcpip_deinit
 .text.cyw43_cb_tcpip_set_link_up
                0x1000ae04        0xc CMakeFiles/InertialMeasurementUnit.dir/Users/alexandruchiriac/src/pico-sdk/src/rp2_common/pico_cyw43_driver/cyw43_driver.c.obj
                0x1000ae04                cyw43_cb_tcpip_set_link_up
 .text.cyw43_cb_tcpip_set_link_down
                0x1000ae10        0xc CMakeFiles/InertialMeasurementUnit.dir/Users/alexandruchiriac/src/pico-sdk/src/rp2_common/pico_cyw43_driver/cyw43_driver.c.obj
                0x1000ae10                cyw43_cb_tcpip_set_link_down
 .text.cyw43_cb_process_ethernet
                0x1000ae1c        0xc CMakeFiles/InertialMeasurementUnit.dir/Users/alexandruchiriac/src/pico-sdk/src/rp2_common/pico_cyw43_driver/cyw43_driver.c.obj
                0x1000ae1c                cyw43_cb_process_ethernet
 .text.async_context_threadsafe_background_acquire_lock_blocking
                0x1000ae28        0xc CMakeFiles/InertialMeasurementUnit.dir/Users/alexandruchiriac/src/pico-sdk/src/rp2_common/pico_async_context/async_context_threadsafe_background.c.obj
 .text.alarm_handler
                0x1000ae34       0x20 CMakeFiles/InertialMeasurementUnit.dir/Users/alexandruchiriac/src/pico-sdk/src/rp2_common/pico_async_context/async_context_threadsafe_background.c.obj
 .text.async_context_threadsafe_background_set_work_pending
                0x1000ae54       0x1c CMakeFiles/InertialMeasurementUnit.dir/Users/alexandruchiriac/src/pico-sdk/src/rp2_common/pico_async_context/async_context_threadsafe_background.c.obj
 .text.process_under_lock
                0x1000ae70       0xcc CMakeFiles/InertialMeasurementUnit.dir/Users/alexandruchiriac/src/pico-sdk/src/rp2_common/pico_async_context/async_context_threadsafe_background.c.obj
 .text.async_context_threadsafe_background_execute_sync
                0x1000af3c       0x30 CMakeFiles/InertialMeasurementUnit.dir/Users/alexandruchiriac/src/pico-sdk/src/rp2_common/pico_async_context/async_context_threadsafe_background.c.obj
                0x1000af3c                async_context_threadsafe_background_execute_sync
 .text.async_context_threadsafe_background_deinit
                0x1000af6c       0x54 CMakeFiles/InertialMeasurementUnit.dir/Users/alexandruchiriac/src/pico-sdk/src/rp2_common/pico_async_context/async_context_threadsafe_background.c.obj
 .text.low_priority_irq_handler
                0x1000afc0       0x3c CMakeFiles/InertialMeasurementUnit.dir/Users/alexandruchiriac/src/pico-sdk/src/rp2_common/pico_async_context/async_context_threadsafe_background.c.obj
 .text.async_context_threadsafe_background_wait_for_work_until
                0x1000affc        0xc CMakeFiles/InertialMeasurementUnit.dir/Users/alexandruchiriac/src/pico-sdk/src/rp2_common/pico_async_context/async_context_threadsafe_background.c.obj
 .text.async_context_threadsafe_background_wait_until
                0x1000b008       0x1c CMakeFiles/InertialMeasurementUnit.dir/Users/alexandruchiriac/src/pico-sdk/src/rp2_common/pico_async_context/async_context_threadsafe_background.c.obj
 .text.async_context_threadsafe_background_lock_check
                0x1000b024       0x28 CMakeFiles/InertialMeasurementUnit.dir/Users/alexandruchiriac/src/pico-sdk/src/rp2_common/pico_async_context/async_context_threadsafe_background.c.obj
 .text.async_context_threadsafe_background_release_lock
                0x1000b04c       0x1c CMakeFiles/InertialMeasurementUnit.dir/Users/alexandruchiriac/src/pico-sdk/src/rp2_common/pico_async_context/async_context_threadsafe_background.c.obj
 .text.async_context_threadsafe_background_add_at_time_worker
                0x1000b068       0x34 CMakeFiles/InertialMeasurementUnit.dir/Users/alexandruchiriac/src/pico-sdk/src/rp2_common/pico_async_context/async_context_threadsafe_background.c.obj
 .text.async_context_threadsafe_background_remove_at_time_worker
                0x1000b09c       0x34 CMakeFiles/InertialMeasurementUnit.dir/Users/alexandruchiriac/src/pico-sdk/src/rp2_common/pico_async_context/async_context_threadsafe_background.c.obj
 .text.async_context_threadsafe_background_add_when_pending_worker
                0x1000b0d0       0x34 CMakeFiles/InertialMeasurementUnit.dir/Users/alexandruchiriac/src/pico-sdk/src/rp2_common/pico_async_context/async_context_threadsafe_background.c.obj
 .text.async_context_threadsafe_background_when_pending_worker
                0x1000b104       0x34 CMakeFiles/InertialMeasurementUnit.dir/Users/alexandruchiriac/src/pico-sdk/src/rp2_common/pico_async_context/async_context_threadsafe_background.c.obj
 .text.async_context_threadsafe_background_default_config
                0x1000b138        0xc CMakeFiles/InertialMeasurementUnit.dir/Users/alexandruchiriac/src/pico-sdk/src/rp2_common/pico_async_context/async_context_threadsafe_background.c.obj
                0x1000b138                async_context_threadsafe_background_default_config
 .text.async_context_threadsafe_background_init
                0x1000b144       0x8c CMakeFiles/InertialMeasurementUnit.dir/Users/alexandruchiriac/src/pico-sdk/src/rp2_common/pico_async_context/async_context_threadsafe_background.c.obj
                0x1000b144                async_context_threadsafe_background_init
 .text.async_context_base_add_at_time_worker
                0x1000b1d0       0x24 CMakeFiles/InertialMeasurementUnit.dir/Users/alexandruchiriac/src/pico-sdk/src/rp2_common/pico_async_context/async_context_base.c.obj
                0x1000b1d0                async_context_base_add_at_time_worker
 .text.async_context_base_remove_at_time_worker
                0x1000b1f4       0x28 CMakeFiles/InertialMeasurementUnit.dir/Users/alexandruchiriac/src/pico-sdk/src/rp2_common/pico_async_context/async_context_base.c.obj
                0x1000b1f4                async_context_base_remove_at_time_worker
 .text.async_context_base_add_when_pending_worker
                0x1000b21c       0x24 CMakeFiles/InertialMeasurementUnit.dir/Users/alexandruchiriac/src/pico-sdk/src/rp2_common/pico_async_context/async_context_base.c.obj
                0x1000b21c                async_context_base_add_when_pending_worker
 .text.async_context_base_remove_when_pending_worker
                0x1000b240       0x28 CMakeFiles/InertialMeasurementUnit.dir/Users/alexandruchiriac/src/pico-sdk/src/rp2_common/pico_async_context/async_context_base.c.obj
                0x1000b240                async_context_base_remove_when_pending_worker
 .text.async_context_base_execute_once
                0x1000b268      0x108 CMakeFiles/InertialMeasurementUnit.dir/Users/alexandruchiriac/src/pico-sdk/src/rp2_common/pico_async_context/async_context_base.c.obj
                0x1000b268                async_context_base_execute_once
 .text.malloc   0x1000b370       0x14 /Applications/ArmGNUToolchain/13.2.Rel1/arm-none-eabi/bin/../lib/gcc/arm-none-eabi/13.2.1/../../../../arm-none-eabi/lib/thumb/v6-m/nofp/libc.a(libc_a-malloc.o)
                0x1000b370                malloc
 .text.free     0x1000b384       0x14 /Applications/ArmGNUToolchain/13.2.Rel1/arm-none-eabi/bin/../lib/gcc/arm-none-eabi/13.2.1/../../../../arm-none-eabi/lib/thumb/v6-m/nofp/libc.a(libc_a-malloc.o)
                0x1000b384                free
 .text._malloc_r
                0x1000b398      0x5c4 /Applications/ArmGNUToolchain/13.2.Rel1/arm-none-eabi/bin/../lib/gcc/arm-none-eabi/13.2.1/../../../../arm-none-eabi/lib/thumb/v6-m/nofp/libc.a(libc_a-mallocr.o)
                0x1000b398                _malloc_r
 .text.__malloc_lock
                0x1000b95c       0x10 /Applications/ArmGNUToolchain/13.2.Rel1/arm-none-eabi/bin/../lib/gcc/arm-none-eabi/13.2.1/../../../../arm-none-eabi/lib/thumb/v6-m/nofp/libc.a(libc_a-mlock.o)
                0x1000b95c                __malloc_lock
 .text.__malloc_unlock
                0x1000b96c       0x10 /Applications/ArmGNUToolchain/13.2.Rel1/arm-none-eabi/bin/../lib/gcc/arm-none-eabi/13.2.1/../../../../arm-none-eabi/lib/thumb/v6-m/nofp/libc.a(libc_a-mlock.o)
                0x1000b96c                __malloc_unlock
 .text.memmove  0x1000b97c       0xb0 /Applications/ArmGNUToolchain/13.2.Rel1/arm-none-eabi/bin/../lib/gcc/arm-none-eabi/13.2.1/../../../../arm-none-eabi/lib/thumb/v6-m/nofp/libc.a(libc_a-memmove.o)
                0x1000b97c                memmove
 .text.strncmp  0x1000ba2c       0x74 /Applications/ArmGNUToolchain/13.2.Rel1/arm-none-eabi/bin/../lib/gcc/arm-none-eabi/13.2.1/../../../../arm-none-eabi/lib/thumb/v6-m/nofp/libc.a(libc_a-strncmp.o)
                0x1000ba2c                strncmp
 .text._sbrk_r  0x1000baa0       0x24 /Applications/ArmGNUToolchain/13.2.Rel1/arm-none-eabi/bin/../lib/gcc/arm-none-eabi/13.2.1/../../../../arm-none-eabi/lib/thumb/v6-m/nofp/libc.a(libc_a-sbrkr.o)
                0x1000baa0                _sbrk_r
 .text.__errno  0x1000bac4        0xc /Applications/ArmGNUToolchain/13.2.Rel1/arm-none-eabi/bin/../lib/gcc/arm-none-eabi/13.2.1/../../../../arm-none-eabi/lib/thumb/v6-m/nofp/libc.a(libc_a-errno.o)
                0x1000bac4                __errno
 .text.sysconf  0x1000bad0       0x1c /Applications/ArmGNUToolchain/13.2.Rel1/arm-none-eabi/bin/../lib/gcc/arm-none-eabi/13.2.1/../../../../arm-none-eabi/lib/thumb/v6-m/nofp/libc.a(libc_a-sysconf.o)
                0x1000bad0                sysconf
 .text.__retarget_lock_acquire_recursive
                0x1000baec        0x4 /Applications/ArmGNUToolchain/13.2.Rel1/arm-none-eabi/bin/../lib/gcc/arm-none-eabi/13.2.1/../../../../arm-none-eabi/lib/thumb/v6-m/nofp/libc.a(libc_a-lock.o)
                0x1000baec                __retarget_lock_acquire_recursive
 .text.__retarget_lock_release_recursive
                0x1000baf0        0x4 /Applications/ArmGNUToolchain/13.2.Rel1/arm-none-eabi/bin/../lib/gcc/arm-none-eabi/13.2.1/../../../../arm-none-eabi/lib/thumb/v6-m/nofp/libc.a(libc_a-lock.o)
                0x1000baf0                __retarget_lock_release_recursive
 .text.strlen   0x1000baf4       0x5c /Applications/ArmGNUToolchain/13.2.Rel1/arm-none-eabi/bin/../lib/gcc/arm-none-eabi/13.2.1/../../../../arm-none-eabi/lib/thumb/v6-m/nofp/libc.a(libc_a-strlen-stub.o)
                0x1000baf4                strlen
 .text._malloc_trim_r
                0x1000bb50       0xb4 /Applications/ArmGNUToolchain/13.2.Rel1/arm-none-eabi/bin/../lib/gcc/arm-none-eabi/13.2.1/../../../../arm-none-eabi/lib/thumb/v6-m/nofp/libc.a(libc_a-freer.o)
                0x1000bb50                _malloc_trim_r
 .text._free_r  0x1000bc04      0x1d4 /Applications/ArmGNUToolchain/13.2.Rel1/arm-none-eabi/bin/../lib/gcc/arm-none-eabi/13.2.1/../../../../arm-none-eabi/lib/thumb/v6-m/nofp/libc.a(libc_a-freer.o)
                0x1000bc04                _free_r
 *(.fini)
 .fini          0x1000bdd8        0x4 /Applications/ArmGNUToolchain/13.2.Rel1/arm-none-eabi/bin/../lib/gcc/arm-none-eabi/13.2.1/thumb/v6-m/nofp/crti.o
                0x1000bdd8                _fini
 *fill*         0x1000bddc        0x4 
 .fini.__stub   0x1000bde0      0x110 linker stubs
 *crtbegin.o(.ctors)
 *crtbegin?.o(.ctors)
 *(EXCLUDE_FILE(*crtend.o *crtend?.o) .ctors)
 *(SORT_BY_NAME(.ctors.*))
 *(.ctors)
 *crtbegin.o(.dtors)
 *crtbegin?.o(.dtors)
 *(EXCLUDE_FILE(*crtend.o *crtend?.o) .dtors)
 *(SORT_BY_NAME(.dtors.*))
 *(.dtors)
 *(.eh_frame*)
 .eh_frame      0x1000bef0        0x0 /Applications/ArmGNUToolchain/13.2.Rel1/arm-none-eabi/bin/../lib/gcc/arm-none-eabi/13.2.1/thumb/v6-m/nofp/crtbegin.o
                0x1000bef0                        . = ALIGN (0x4)

.glue_7         0x1000bef0        0x0
 .glue_7        0x1000bef0        0x0 linker stubs

.glue_7t        0x1000bef0        0x0
 .glue_7t       0x1000bef0        0x0 linker stubs

.vfp11_veneer   0x1000bef0        0x0
 .vfp11_veneer  0x1000bef0        0x0 linker stubs

.v4_bx          0x1000bef0        0x0
 .v4_bx         0x1000bef0        0x0 linker stubs

.iplt           0x1000bef0        0x0
 .iplt          0x1000bef0        0x0 /Applications/ArmGNUToolchain/13.2.Rel1/arm-none-eabi/bin/../lib/gcc/arm-none-eabi/13.2.1/thumb/v6-m/nofp/crtbegin.o

.rodata         0x1000bef0    0x37f24
 *(EXCLUDE_FILE(*libm.a: *libc.a:*lib_a-mem*.o *libgcc.a:) .rodata*)
 .rodata.main.str1.4
                0x1000bef0      0x60c CMakeFiles/InertialMeasurementUnit.dir/InertialMeasurementUnit.c.obj
                                 0xaa (size before relaxing)
 .rodata.createBarometer.str1.4
                0x1000c4fc       0x1f CMakeFiles/InertialMeasurementUnit.dir/Barometer.c.obj
 .rodata.spin_lock_claim_unused.str1.4
                0x1000c4fc       0x1b CMakeFiles/InertialMeasurementUnit.dir/Users/alexandruchiriac/src/pico-sdk/src/rp2_common/hardware_sync/sync.c.obj
 .rodata.user_irq_claim_unused.str1.4
                0x1000c4fc       0x1b CMakeFiles/InertialMeasurementUnit.dir/Users/alexandruchiriac/src/pico-sdk/src/rp2_common/hardware_irq/irq.c.obj
 *fill*         0x1000c4fc        0x4 
 .rodata.at_the_end_of_time
                0x1000c500        0x8 CMakeFiles/InertialMeasurementUnit.dir/Users/alexandruchiriac/src/pico-sdk/src/common/pico_time/time.c.obj
                0x1000c500                at_the_end_of_time
 .rodata.hardware_alarm_claim.str1.4
                0x1000c508       0x22 CMakeFiles/InertialMeasurementUnit.dir/Users/alexandruchiriac/src/pico-sdk/src/rp2_common/hardware_timer/timer.c.obj
 .rodata.panic.str1.4
                0x1000c508       0x12 CMakeFiles/InertialMeasurementUnit.dir/Users/alexandruchiriac/src/pico-sdk/src/rp2_common/pico_runtime/runtime.c.obj
 .rodata.hard_assertion_failure.str1.4
                0x1000c508        0xc CMakeFiles/InertialMeasurementUnit.dir/Users/alexandruchiriac/src/pico-sdk/src/rp2_common/pico_runtime/runtime.c.obj
 .rodata._ftoa.str1.4
                0x1000c508       0x15 CMakeFiles/InertialMeasurementUnit.dir/Users/alexandruchiriac/src/pico-sdk/src/rp2_common/pico_printf/printf.c.obj
 .rodata._vsnprintf
                0x1000c508      0x19c CMakeFiles/InertialMeasurementUnit.dir/Users/alexandruchiriac/src/pico-sdk/src/rp2_common/pico_printf/printf.c.obj
 *fill*         0x1000c6a4        0x4 
 .rodata.pow10.0
                0x1000c6a8       0x50 CMakeFiles/InertialMeasurementUnit.dir/Users/alexandruchiriac/src/pico-sdk/src/rp2_common/pico_printf/printf.c.obj
 .rodata.missing_double_func_shim.str1.4
                0x1000c6f8       0x18 CMakeFiles/InertialMeasurementUnit.dir/Users/alexandruchiriac/src/pico-sdk/src/rp2_common/pico_double/double_init_rom.c.obj
 .rodata.missing_float_func_shim.str1.4
                0x1000c6f8        0x1 CMakeFiles/InertialMeasurementUnit.dir/Users/alexandruchiriac/src/pico-sdk/src/rp2_common/pico_float/float_init_rom.c.obj
 .rodata.__wrap_malloc.str1.4
                0x1000c6f8        0xe CMakeFiles/InertialMeasurementUnit.dir/Users/alexandruchiriac/src/pico-sdk/src/rp2_common/pico_malloc/pico_malloc.c.obj
 .rodata.str1.4
                0x1000c6f8       0x50 CMakeFiles/InertialMeasurementUnit.dir/Users/alexandruchiriac/src/pico-sdk/src/rp2_common/pico_standard_link/binary_info.c.obj
 .rodata.__bi_81
                0x1000c6f8        0xc CMakeFiles/InertialMeasurementUnit.dir/Users/alexandruchiriac/src/pico-sdk/src/rp2_common/pico_standard_link/binary_info.c.obj
 .rodata.__bi_75
                0x1000c704        0xc CMakeFiles/InertialMeasurementUnit.dir/Users/alexandruchiriac/src/pico-sdk/src/rp2_common/pico_standard_link/binary_info.c.obj
 .rodata.__bi_56
                0x1000c710        0xc CMakeFiles/InertialMeasurementUnit.dir/Users/alexandruchiriac/src/pico-sdk/src/rp2_common/pico_standard_link/binary_info.c.obj
 .rodata.__bi_44
                0x1000c71c        0xc CMakeFiles/InertialMeasurementUnit.dir/Users/alexandruchiriac/src/pico-sdk/src/rp2_common/pico_standard_link/binary_info.c.obj
 .rodata.crlf_str.0
                0x1000c728        0x2 CMakeFiles/InertialMeasurementUnit.dir/Users/alexandruchiriac/src/pico-sdk/src/rp2_common/pico_stdio/stdio.c.obj
 *fill*         0x1000c72a        0x2 
 .rodata._resetd_driver
                0x1000c72c       0x18 CMakeFiles/InertialMeasurementUnit.dir/Users/alexandruchiriac/src/pico-sdk/src/rp2_common/pico_stdio_usb/reset_interface.c.obj
 .rodata.str1.4
                0x1000c744       0x13 CMakeFiles/InertialMeasurementUnit.dir/Users/alexandruchiriac/src/pico-sdk/src/rp2_common/pico_stdio_usb/stdio_usb.c.obj
 .rodata.__bi_182.0
                0x1000c744        0xc CMakeFiles/InertialMeasurementUnit.dir/Users/alexandruchiriac/src/pico-sdk/src/rp2_common/pico_stdio_usb/stdio_usb.c.obj
 .rodata.str1.4
                0x1000c750       0x2a CMakeFiles/InertialMeasurementUnit.dir/Users/alexandruchiriac/src/pico-sdk/src/rp2_common/pico_stdio_usb/stdio_usb_descriptors.c.obj
 .rodata.usbd_desc_str
                0x1000c750       0x18 CMakeFiles/InertialMeasurementUnit.dir/Users/alexandruchiriac/src/pico-sdk/src/rp2_common/pico_stdio_usb/stdio_usb_descriptors.c.obj
 .rodata.usbd_desc_cfg
                0x1000c768       0x54 CMakeFiles/InertialMeasurementUnit.dir/Users/alexandruchiriac/src/pico-sdk/src/rp2_common/pico_stdio_usb/stdio_usb_descriptors.c.obj
 .rodata.usbd_desc_device
                0x1000c7bc       0x12 CMakeFiles/InertialMeasurementUnit.dir/Users/alexandruchiriac/src/pico-sdk/src/rp2_common/pico_stdio_usb/stdio_usb_descriptors.c.obj
 .rodata.str1.4
                0x1000c7ce       0x14 CMakeFiles/InertialMeasurementUnit.dir/Users/alexandruchiriac/src/pico-sdk/lib/tinyusb/src/portable/raspberrypi/rp2040/dcd_rp2040.c.obj
 .rodata.str1.4
                0x1000c7ce       0x53 CMakeFiles/InertialMeasurementUnit.dir/Users/alexandruchiriac/src/pico-sdk/lib/tinyusb/src/portable/raspberrypi/rp2040/rp2040_usb.c.obj
 *fill*         0x1000c7ce        0x2 
 .rodata.tud_task_ext
                0x1000c7d0       0x8c CMakeFiles/InertialMeasurementUnit.dir/Users/alexandruchiriac/src/pico-sdk/lib/tinyusb/src/device/usbd.c.obj
 .rodata._usbd_driver
                0x1000c85c       0x18 CMakeFiles/InertialMeasurementUnit.dir/Users/alexandruchiriac/src/pico-sdk/lib/tinyusb/src/device/usbd.c.obj
 .rodata.cyw43_read_bytes.str1.4
                0x1000c874       0x1a CMakeFiles/InertialMeasurementUnit.dir/Users/alexandruchiriac/src/pico-sdk/src/rp2_common/pico_cyw43_driver/cyw43_bus_pio_spi.c.obj
 .rodata.cyw43_write_bytes.str1.4
                0x1000c874        0xd CMakeFiles/InertialMeasurementUnit.dir/Users/alexandruchiriac/src/pico-sdk/src/rp2_common/pico_cyw43_driver/cyw43_bus_pio_spi.c.obj
 .rodata.spi_gap01_sample0_program
                0x1000c874        0x6 CMakeFiles/InertialMeasurementUnit.dir/Users/alexandruchiriac/src/pico-sdk/src/rp2_common/pico_cyw43_driver/cyw43_bus_pio_spi.c.obj
 *fill*         0x1000c87a        0x2 
 .rodata.spi_gap01_sample0_program_instructions
                0x1000c87c        0xc CMakeFiles/InertialMeasurementUnit.dir/Users/alexandruchiriac/src/pico-sdk/src/rp2_common/pico_cyw43_driver/cyw43_bus_pio_spi.c.obj
 .rodata.cyw43_kso_set.str1.4
                0x1000c888       0x23 CMakeFiles/InertialMeasurementUnit.dir/Users/alexandruchiriac/src/pico-sdk/lib/cyw43-driver/src/cyw43_ll.c.obj
 .rodata.cyw43_ll_sdpcm_poll_device.str1.4
                0x1000c888       0x55 CMakeFiles/InertialMeasurementUnit.dir/Users/alexandruchiriac/src/pico-sdk/lib/cyw43-driver/src/cyw43_ll.c.obj
 .rodata.cyw43_sdpcm_send_common.str1.4
                0x1000c888       0x22 CMakeFiles/InertialMeasurementUnit.dir/Users/alexandruchiriac/src/pico-sdk/lib/cyw43-driver/src/cyw43_ll.c.obj
 .rodata.cyw43_do_ioctl.str1.4
                0x1000c888       0x53 CMakeFiles/InertialMeasurementUnit.dir/Users/alexandruchiriac/src/pico-sdk/lib/cyw43-driver/src/cyw43_ll.c.obj
 .rodata.reset_device_core.constprop.0.str1.4
                0x1000c888       0x1a CMakeFiles/InertialMeasurementUnit.dir/Users/alexandruchiriac/src/pico-sdk/lib/cyw43-driver/src/cyw43_ll.c.obj
 .rodata.cyw43_ll_bus_init.str1.4
                0x1000c888       0xfe CMakeFiles/InertialMeasurementUnit.dir/Users/alexandruchiriac/src/pico-sdk/lib/cyw43-driver/src/cyw43_ll.c.obj
 .rodata.cyw43_ll_gpio_set.str1.4
                0x1000c888        0x8 CMakeFiles/InertialMeasurementUnit.dir/Users/alexandruchiriac/src/pico-sdk/lib/cyw43-driver/src/cyw43_ll.c.obj
 .rodata.w43439A0_7_95_49_00_combined
                0x1000c888    0x36fd8 CMakeFiles/InertialMeasurementUnit.dir/Users/alexandruchiriac/src/pico-sdk/lib/cyw43-driver/src/cyw43_ll.c.obj
 .rodata.wifi_nvram_4343
                0x10043860      0x2e7 CMakeFiles/InertialMeasurementUnit.dir/Users/alexandruchiriac/src/pico-sdk/lib/cyw43-driver/src/cyw43_ll.c.obj
 *fill*         0x10043b47        0x1 
 .rodata        0x10043b48       0x72 CMakeFiles/InertialMeasurementUnit.dir/Users/alexandruchiriac/src/pico-sdk/lib/cyw43-driver/src/cyw43_ll.c.obj
 .rodata.cyw43_cb_process_async_event.str1.4
                0x10043bba       0x28 CMakeFiles/InertialMeasurementUnit.dir/Users/alexandruchiriac/src/pico-sdk/lib/cyw43-driver/src/cyw43_ctrl.c.obj
 *fill*         0x10043bba        0x2 
 .rodata.cyw43_cb_process_async_event